\BOOKMARK [1][-]{section.1}{\376\377\000I\000n\000t\000r\000o\000d\000u\000c\000c\000i\000\363\000n}{}% 1
\BOOKMARK [1][-]{section.2}{\376\377\000P\000r\000e\000p\000r\000o\000c\000e\000s\000a\000m\000i\000e\000n\000t\000o\000\040\000d\000e\000\040\000D\000a\000t\000o\000s}{}% 2
\BOOKMARK [1][-]{section.3}{\376\377\000C\000\341\000l\000c\000u\000l\000o\000\040\000d\000e\000\040\000V\000a\000r\000i\000a\000b\000l\000e\000s\000\040\000\050\000N\000i\000v\000e\000l\000\040\000E\000v\000e\000n\000t\000o\000\051}{}% 3
\BOOKMARK [2][-]{subsection.3.1}{\376\377\000H\000e\000a\000d\000w\000a\000y\000\040\000\050\000h\000i\000\051}{section.3}% 4
\BOOKMARK [2][-]{subsection.3.2}{\376\377\000V\000e\000l\000o\000c\000i\000d\000a\000d\000\040\000R\000e\000l\000a\000t\000i\000v\000a\000\040\000I\000n\000d\000e\000x\000a\000d\000a\000\040\000\050\000v\000r\000e\000l\000,\000\040\000i\000\051}{section.3}% 5
\BOOKMARK [2][-]{subsection.3.3}{\376\377\000C\000o\000n\000f\000l\000i\000c\000t\000o\000\040\000y\000\040\000T\000T\000C\000\040\000\050\000T\000i\000m\000e\000\040\000T\000o\000\040\000C\000o\000l\000l\000i\000s\000i\000o\000n\000\051}{section.3}% 6
\BOOKMARK [1][-]{section.4}{\376\377\000A\000g\000r\000e\000g\000a\000c\000i\000\363\000n\000\040\000p\000o\000r\000\040\000P\000a\000t\000a\000n\000t\000e}{}% 7
\BOOKMARK [2][-]{subsection.4.1}{\376\377\000V\000a\000r\000i\000a\000b\000l\000e\000s\000\040\000A\000g\000r\000e\000g\000a\000d\000a\000s}{section.4}% 8
\BOOKMARK [3][-]{subsubsection.4.1.1}{\376\377\000V\000e\000l\000o\000c\000i\000d\000a\000d\000\040\000P\000r\000o\000m\000e\000d\000i\000o\000\040\000\050\000P\000\051}{subsection.4.1}% 9
\BOOKMARK [3][-]{subsubsection.4.1.2}{\376\377\000V\000e\000l\000o\000c\000i\000d\000a\000d\000\040\000R\000e\000l\000a\000t\000i\000v\000a\000\040\000P\000r\000o\000m\000e\000d\000i\000o\000\040\000\050\000r\000e\000l\000,\000\040\000P\000\051}{subsection.4.1}% 10
\BOOKMARK [3][-]{subsubsection.4.1.3}{\376\377\000H\000e\000a\000d\000w\000a\000y\000\040\000P\000r\000o\000m\000e\000d\000i\000o\000\040\000\050\000P\000\051}{subsection.4.1}% 11
\BOOKMARK [3][-]{subsubsection.4.1.4}{\376\377\000T\000a\000s\000a\000\040\000d\000e\000\040\000C\000o\000n\000f\000l\000i\000c\000t\000o\000\040\000\050\000C\000R\000P\000\051}{subsection.4.1}% 12
\BOOKMARK [3][-]{subsubsection.4.1.5}{\376\377\000U\000s\000o\000\040\000d\000e\000\040\000C\000a\000r\000r\000i\000l\000e\000s\000\040\000\050\000L\000a\000n\000e\000k\000\051}{subsection.4.1}% 13
\BOOKMARK [3][-]{subsubsection.4.1.6}{\376\377\000T\000a\000s\000a\000\040\000d\000e\000\040\000C\000a\000m\000b\000i\000o\000\040\000d\000e\000\040\000P\000i\000s\000t\000a\000\040\000\050\000L\000C\000R\000P\000\051}{subsection.4.1}% 14
\BOOKMARK [2][-]{subsection.4.2}{\376\377\000E\000s\000t\000r\000a\000t\000e\000g\000i\000a\000s\000\040\000d\000e\000\040\000C\000o\000n\000s\000o\000l\000i\000d\000a\000c\000i\000\363\000n}{section.4}% 15
\BOOKMARK [3][-]{subsubsection.4.2.1}{\376\377\0001\000.\000\040\000A\000g\000r\000e\000g\000a\000c\000i\000\363\000n\000\040\000G\000l\000o\000b\000a\000l\000\040\000\050\000D\000e\000f\000a\000u\000l\000t\000\051}{subsection.4.2}% 16
\BOOKMARK [3][-]{subsubsection.4.2.2}{\376\377\0002\000.\000\040\000P\000o\000n\000d\000e\000r\000a\000c\000i\000\363\000n\000\040\000M\000e\000n\000s\000u\000a\000l}{subsection.4.2}% 17
\BOOKMARK [1][-]{section.5}{\376\377\000D\000e\000f\000i\000n\000i\000c\000i\000\363\000n\000\040\000d\000e\000\040\000C\000o\000n\000d\000u\000c\000t\000o\000r\000e\000s\000\040\000F\000r\000e\000c\000u\000e\000n\000t\000e\000s}{}% 18
\BOOKMARK [1][-]{section.6}{\376\377\000I\000m\000p\000l\000e\000m\000e\000n\000t\000a\000c\000i\000\363\000n\000\040\000e\000n\000\040\000P\000y\000t\000h\000o\000n}{}% 19
\BOOKMARK [2][-]{subsection.6.1}{\376\377\000L\000i\000m\000p\000i\000e\000z\000a\000\040\000d\000e\000\040\000D\000a\000t\000o\000s\000:\000\040\000c\000l\000e\000a\000n\000\137\000f\000l\000u\000j\000o\000s\000\137\000f\000o\000r\000\137\000c\000l\000u\000s\000t\000e\000r\000i\000n\000g}{section.6}% 20
\BOOKMARK [2][-]{subsection.6.2}{\376\377\000C\000\341\000l\000c\000u\000l\000o\000\040\000d\000e\000\040\000F\000e\000a\000t\000u\000r\000e\000s\000:\000\040\000C\000l\000u\000s\000t\000e\000r\000i\000z\000a\000t\000i\000o\000n}{section.6}% 21
\BOOKMARK [3][-]{subsubsection.6.2.1}{\376\377\0001\000.\000\040\000M\000\351\000t\000r\000i\000c\000a\000s\000\040\000S\000i\000m\000p\000l\000e\000s\000\040\000y\000\040\000P\000r\000e\000-\000c\000\341\000l\000c\000u\000l\000o}{subsection.6.2}% 22
\BOOKMARK [3][-]{subsubsection.6.2.2}{\376\377\0002\000.\000\040\000V\000e\000l\000o\000c\000i\000d\000a\000d\000\040\000R\000e\000l\000a\000t\000i\000v\000a}{subsection.6.2}% 23
\BOOKMARK [3][-]{subsubsection.6.2.3}{\376\377\0003\000.\000\040\000M\000\351\000t\000r\000i\000c\000a\000s\000\040\000d\000e\000\040\000I\000n\000t\000e\000r\000a\000c\000c\000i\000\363\000n\000\040\000\050\000H\000e\000a\000d\000w\000a\000y\000,\000\040\000C\000o\000n\000f\000l\000i\000c\000t\000o\000\051}{subsection.6.2}% 24
\BOOKMARK [3][-]{subsubsection.6.2.4}{\376\377\0004\000.\000\040\000C\000a\000m\000b\000i\000o\000s\000\040\000d\000e\000\040\000P\000i\000s\000t\000a\000\040\000\050\000L\000a\000n\000e\000\040\000C\000h\000a\000n\000g\000e\000s\000\051}{subsection.6.2}% 25
\BOOKMARK [3][-]{subsubsection.6.2.5}{\376\377\0005\000.\000\040\000P\000o\000n\000d\000e\000r\000a\000c\000i\000\363\000n\000\040\000\050\000S\000i\000\040\000a\000p\000l\000i\000c\000a\000\051}{subsection.6.2}% 26
