This is pdfTeX, Version 3.141592653-2.6-1.40.27 (TeX Live 2025) (preloaded format=pdflatex 2025.3.8)  22 MAR 2026 13:28
entering extended mode
 restricted \write18 enabled.
 %&-line parsing enabled.
**docs/drift_detection_es.tex
(./docs/drift_detection_es.tex
LaTeX2e <2024-11-01> patch level 2
L3 programming layer <2025-01-18>
(/usr/local/texlive/2025/texmf-dist/tex/latex/base/article.cls
Document Class: article 2024/06/29 v1.4n Standard LaTeX document class
(/usr/local/texlive/2025/texmf-dist/tex/latex/base/size11.clo
File: size11.clo 2024/06/29 v1.4n Standard LaTeX file (size option)
)
\c@part=\count196
\c@section=\count197
\c@subsection=\count198
\c@subsubsection=\count199
\c@paragraph=\count266
\c@subparagraph=\count267
\c@figure=\count268
\c@table=\count269
\abovecaptionskip=\skip49
\belowcaptionskip=\skip50
\bibindent=\dimen141
)
(/usr/local/texlive/2025/texmf-dist/tex/latex/base/fontenc.sty
Package: fontenc 2021/04/29 v2.0v Standard LaTeX package
)
(/usr/local/texlive/2025/texmf-dist/tex/latex/base/inputenc.sty
Package: inputenc 2024/02/08 v1.3d Input encoding file
\inpenc@prehook=\toks17
\inpenc@posthook=\toks18
)
(/usr/local/texlive/2025/texmf-dist/tex/generic/babel/babel.sty
Package: babel 2025/02/14 v25.4 The multilingual framework for pdfLaTeX, LuaLaT
eX and XeLaTeX
\babel@savecnt=\count270
\U@D=\dimen142
\l@unhyphenated=\language90

(/usr/local/texlive/2025/texmf-dist/tex/generic/babel/txtbabel.def)
\bbl@readstream=\read2
\bbl@dirlevel=\count271

(/usr/local/texlive/2025/texmf-dist/tex/generic/babel-spanish/spanish.ldf
Language: spanish.ldf 2021/05/27 v5.0q Spanish support from the babel system
\es@quottoks=\toks19
\es@quotdepth=\count272
Package babel Info: Making " an active character on input line 570.
Package babel Info: Making . an active character on input line 675.
Package babel Info: Making < an active character on input line 722.
Package babel Info: Making > an active character on input line 722.
))
(/usr/local/texlive/2025/texmf-dist/tex/generic/babel/locale/es/babel-spanish.t
ex
Package babel Info: Importing font and identification data for spanish
(babel)             from babel-es.ini. Reported on input line 11.
) (/usr/local/texlive/2025/texmf-dist/tex/latex/amsmath/amsmath.sty
Package: amsmath 2024/11/05 v2.17t AMS math features
\@mathmargin=\skip51

For additional information on amsmath, use the `?' option.
(/usr/local/texlive/2025/texmf-dist/tex/latex/amsmath/amstext.sty
Package: amstext 2021/08/26 v2.01 AMS text

(/usr/local/texlive/2025/texmf-dist/tex/latex/amsmath/amsgen.sty
File: amsgen.sty 1999/11/30 v2.0 generic functions
\@emptytoks=\toks20
\ex@=\dimen143
))
(/usr/local/texlive/2025/texmf-dist/tex/latex/amsmath/amsbsy.sty
Package: amsbsy 1999/11/29 v1.2d Bold Symbols
\pmbraise@=\dimen144
)
(/usr/local/texlive/2025/texmf-dist/tex/latex/amsmath/amsopn.sty
Package: amsopn 2022/04/08 v2.04 operator names
)
\inf@bad=\count273
LaTeX Info: Redefining \frac on input line 233.
\uproot@=\count274
\leftroot@=\count275
LaTeX Info: Redefining \overline on input line 398.
LaTeX Info: Redefining \colon on input line 409.
\classnum@=\count276
\DOTSCASE@=\count277
LaTeX Info: Redefining \ldots on input line 495.
LaTeX Info: Redefining \dots on input line 498.
LaTeX Info: Redefining \cdots on input line 619.
\Mathstrutbox@=\box52
\strutbox@=\box53
LaTeX Info: Redefining \big on input line 721.
LaTeX Info: Redefining \Big on input line 722.
LaTeX Info: Redefining \bigg on input line 723.
LaTeX Info: Redefining \Bigg on input line 724.
\big@size=\dimen145
LaTeX Font Info:    Redeclaring font encoding OML on input line 742.
LaTeX Font Info:    Redeclaring font encoding OMS on input line 743.
\macc@depth=\count278
LaTeX Info: Redefining \bmod on input line 904.
LaTeX Info: Redefining \pmod on input line 909.
LaTeX Info: Redefining \smash on input line 939.
LaTeX Info: Redefining \relbar on input line 969.
LaTeX Info: Redefining \Relbar on input line 970.
\c@MaxMatrixCols=\count279
\dotsspace@=\muskip17
\c@parentequation=\count280
\dspbrk@lvl=\count281
\tag@help=\toks21
\row@=\count282
\column@=\count283
\maxfields@=\count284
\andhelp@=\toks22
\eqnshift@=\dimen146
\alignsep@=\dimen147
\tagshift@=\dimen148
\tagwidth@=\dimen149
\totwidth@=\dimen150
\lineht@=\dimen151
\@envbody=\toks23
\multlinegap=\skip52
\multlinetaggap=\skip53
\mathdisplay@stack=\toks24
LaTeX Info: Redefining \[ on input line 2953.
LaTeX Info: Redefining \] on input line 2954.
)
(/usr/local/texlive/2025/texmf-dist/tex/latex/amsfonts/amssymb.sty
Package: amssymb 2013/01/14 v3.01 AMS font symbols

(/usr/local/texlive/2025/texmf-dist/tex/latex/amsfonts/amsfonts.sty
Package: amsfonts 2013/01/14 v3.01 Basic AMSFonts support
\symAMSa=\mathgroup4
\symAMSb=\mathgroup5
LaTeX Font Info:    Redeclaring math symbol \hbar on input line 98.
LaTeX Font Info:    Overwriting math alphabet `\mathfrak' in version `bold'
(Font)                  U/euf/m/n --> U/euf/b/n on input line 106.
))
(/usr/local/texlive/2025/texmf-dist/tex/latex/booktabs/booktabs.sty
Package: booktabs 2020/01/12 v1.61803398 Publication quality tables
\heavyrulewidth=\dimen152
\lightrulewidth=\dimen153
\cmidrulewidth=\dimen154
\belowrulesep=\dimen155
\belowbottomsep=\dimen156
\aboverulesep=\dimen157
\abovetopsep=\dimen158
\cmidrulesep=\dimen159
\cmidrulekern=\dimen160
\defaultaddspace=\dimen161
\@cmidla=\count285
\@cmidlb=\count286
\@aboverulesep=\dimen162
\@belowrulesep=\dimen163
\@thisruleclass=\count287
\@lastruleclass=\count288
\@thisrulewidth=\dimen164
)
(/usr/local/texlive/2025/texmf-dist/tex/latex/enumitem/enumitem.sty
Package: enumitem 2025/02/06 v3.11 Customized lists
\enitkv@toks@=\toks25
\labelindent=\skip54
\enit@outerparindent=\dimen165
\enit@toks=\toks26
\enit@inbox=\box54
\enit@count@id=\count289
\enitdp@description=\count290
)
(/usr/local/texlive/2025/texmf-dist/tex/latex/hyperref/hyperref.sty
Package: hyperref 2024-11-05 v7.01l Hypertext links for LaTeX

(/usr/local/texlive/2025/texmf-dist/tex/generic/iftex/iftex.sty
Package: iftex 2024/12/12 v1.0g TeX engine tests
)
(/usr/local/texlive/2025/texmf-dist/tex/latex/graphics/keyval.sty
Package: keyval 2022/05/29 v1.15 key=value parser (DPC)
\KV@toks@=\toks27
)
(/usr/local/texlive/2025/texmf-dist/tex/latex/kvsetkeys/kvsetkeys.sty
Package: kvsetkeys 2022-10-05 v1.19 Key value parser (HO)
)
(/usr/local/texlive/2025/texmf-dist/tex/generic/kvdefinekeys/kvdefinekeys.sty
Package: kvdefinekeys 2019-12-19 v1.6 Define keys (HO)
)
(/usr/local/texlive/2025/texmf-dist/tex/generic/pdfescape/pdfescape.sty
Package: pdfescape 2019/12/09 v1.15 Implements pdfTeX's escape features (HO)

(/usr/local/texlive/2025/texmf-dist/tex/generic/ltxcmds/ltxcmds.sty
Package: ltxcmds 2023-12-04 v1.26 LaTeX kernel commands for general use (HO)
)
(/usr/local/texlive/2025/texmf-dist/tex/generic/pdftexcmds/pdftexcmds.sty
Package: pdftexcmds 2020-06-27 v0.33 Utility functions of pdfTeX for LuaTeX (HO
)

(/usr/local/texlive/2025/texmf-dist/tex/generic/infwarerr/infwarerr.sty
Package: infwarerr 2019/12/03 v1.5 Providing info/warning/error messages (HO)
)
Package pdftexcmds Info: \pdf@primitive is available.
Package pdftexcmds Info: \pdf@ifprimitive is available.
Package pdftexcmds Info: \pdfdraftmode found.
))
(/usr/local/texlive/2025/texmf-dist/tex/latex/hycolor/hycolor.sty
Package: hycolor 2020-01-27 v1.10 Color options for hyperref/bookmark (HO)
)
(/usr/local/texlive/2025/texmf-dist/tex/latex/hyperref/nameref.sty
Package: nameref 2023-11-26 v2.56 Cross-referencing by name of section

(/usr/local/texlive/2025/texmf-dist/tex/latex/refcount/refcount.sty
Package: refcount 2019/12/15 v3.6 Data extraction from label references (HO)
)
(/usr/local/texlive/2025/texmf-dist/tex/generic/gettitlestring/gettitlestring.s
ty
Package: gettitlestring 2019/12/15 v1.6 Cleanup title references (HO)
 (/usr/local/texlive/2025/texmf-dist/tex/latex/kvoptions/kvoptions.sty
Package: kvoptions 2022-06-15 v3.15 Key value format for package options (HO)
))
\c@section@level=\count291
)
(/usr/local/texlive/2025/texmf-dist/tex/latex/etoolbox/etoolbox.sty
Package: etoolbox 2025/02/11 v2.5l e-TeX tools for LaTeX (JAW)
\etb@tempcnta=\count292
)
(/usr/local/texlive/2025/texmf-dist/tex/generic/stringenc/stringenc.sty
Package: stringenc 2019/11/29 v1.12 Convert strings between diff. encodings (HO
)
)
\@linkdim=\dimen166
\Hy@linkcounter=\count293
\Hy@pagecounter=\count294

(/usr/local/texlive/2025/texmf-dist/tex/latex/hyperref/pd1enc.def
File: pd1enc.def 2024-11-05 v7.01l Hyperref: PDFDocEncoding definition (HO)
Now handling font encoding PD1 ...
... no UTF-8 mapping file for font encoding PD1
)
(/usr/local/texlive/2025/texmf-dist/tex/generic/intcalc/intcalc.sty
Package: intcalc 2019/12/15 v1.3 Expandable calculations with integers (HO)
)
\Hy@SavedSpaceFactor=\count295

(/usr/local/texlive/2025/texmf-dist/tex/latex/hyperref/puenc.def
File: puenc.def 2024-11-05 v7.01l Hyperref: PDF Unicode definition (HO)
Now handling font encoding PU ...
... no UTF-8 mapping file for font encoding PU
)
Package hyperref Info: Hyper figures OFF on input line 4157.
Package hyperref Info: Link nesting OFF on input line 4162.
Package hyperref Info: Hyper index ON on input line 4165.
Package hyperref Info: Plain pages OFF on input line 4172.
Package hyperref Info: Backreferencing OFF on input line 4177.
Package hyperref Info: Implicit mode ON; LaTeX internals redefined.
Package hyperref Info: Bookmarks ON on input line 4424.
\c@Hy@tempcnt=\count296

(/usr/local/texlive/2025/texmf-dist/tex/latex/url/url.sty
\Urlmuskip=\muskip18
Package: url 2013/09/16  ver 3.4  Verb mode for urls, etc.
)
LaTeX Info: Redefining \url on input line 4763.
\XeTeXLinkMargin=\dimen167

(/usr/local/texlive/2025/texmf-dist/tex/generic/bitset/bitset.sty
Package: bitset 2019/12/09 v1.3 Handle bit-vector datatype (HO)

(/usr/local/texlive/2025/texmf-dist/tex/generic/bigintcalc/bigintcalc.sty
Package: bigintcalc 2019/12/15 v1.5 Expandable calculations on big integers (HO
)
))
\Fld@menulength=\count297
\Field@Width=\dimen168
\Fld@charsize=\dimen169
Package hyperref Info: Hyper figures OFF on input line 6042.
Package hyperref Info: Link nesting OFF on input line 6047.
Package hyperref Info: Hyper index ON on input line 6050.
Package hyperref Info: backreferencing OFF on input line 6057.
Package hyperref Info: Link coloring OFF on input line 6062.
Package hyperref Info: Link coloring with OCG OFF on input line 6067.
Package hyperref Info: PDF/A mode OFF on input line 6072.

(/usr/local/texlive/2025/texmf-dist/tex/latex/base/atbegshi-ltx.sty
Package: atbegshi-ltx 2021/01/10 v1.0c Emulation of the original atbegshi
package with kernel methods
)
\Hy@abspage=\count298
\c@Item=\count299
\c@Hfootnote=\count300
)
Package hyperref Info: Driver (autodetected): hpdftex.

(/usr/local/texlive/2025/texmf-dist/tex/latex/hyperref/hpdftex.def
File: hpdftex.def 2024-11-05 v7.01l Hyperref driver for pdfTeX

(/usr/local/texlive/2025/texmf-dist/tex/latex/base/atveryend-ltx.sty
Package: atveryend-ltx 2020/08/19 v1.0a Emulation of the original atveryend pac
kage
with kernel methods
)
\Fld@listcount=\count301
\c@bookmark@seq@number=\count302

(/usr/local/texlive/2025/texmf-dist/tex/latex/rerunfilecheck/rerunfilecheck.sty
Package: rerunfilecheck 2022-07-10 v1.10 Rerun checks for auxiliary files (HO)

(/usr/local/texlive/2025/texmf-dist/tex/generic/uniquecounter/uniquecounter.sty
Package: uniquecounter 2019/12/15 v1.4 Provide unlimited unique counter (HO)
)
Package uniquecounter Info: New unique counter `rerunfilecheck' on input line 2
85.
)
\Hy@SectionHShift=\skip55
) (/usr/local/texlive/2025/texmf-dist/tex/latex/geometry/geometry.sty
Package: geometry 2020/01/02 v5.9 Page Geometry

(/usr/local/texlive/2025/texmf-dist/tex/generic/iftex/ifvtex.sty
Package: ifvtex 2019/10/25 v1.7 ifvtex legacy package. Use iftex instead.
)
\Gm@cnth=\count303
\Gm@cntv=\count304
\c@Gm@tempcnt=\count305
\Gm@bindingoffset=\dimen170
\Gm@wd@mp=\dimen171
\Gm@odd@mp=\dimen172
\Gm@even@mp=\dimen173
\Gm@layoutwidth=\dimen174
\Gm@layoutheight=\dimen175
\Gm@layouthoffset=\dimen176
\Gm@layoutvoffset=\dimen177
\Gm@dimlist=\toks28
)
(/usr/local/texlive/2025/texmf-dist/tex/latex/l3backend/l3backend-pdftex.def
File: l3backend-pdftex.def 2024-05-08 L3 backend support: PDF output (pdfTeX)
\l__color_backend_stack_int=\count306
\l__pdf_internal_box=\box55
)
(docs/_latex_build/drift_detection_es.aux
LaTeX Info: Redefining \. on input line 11.
LaTeX Info: Redefining \% on input line 11.
)
\openout1 = `drift_detection_es.aux'.

LaTeX Font Info:    Checking defaults for OML/cmm/m/it on input line 20.
LaTeX Font Info:    ... okay on input line 20.
LaTeX Font Info:    Checking defaults for OMS/cmsy/m/n on input line 20.
LaTeX Font Info:    ... okay on input line 20.
LaTeX Font Info:    Checking defaults for OT1/cmr/m/n on input line 20.
LaTeX Font Info:    ... okay on input line 20.
LaTeX Font Info:    Checking defaults for T1/cmr/m/n on input line 20.
LaTeX Font Info:    ... okay on input line 20.
LaTeX Font Info:    Checking defaults for TS1/cmr/m/n on input line 20.
LaTeX Font Info:    ... okay on input line 20.
LaTeX Font Info:    Checking defaults for OMX/cmex/m/n on input line 20.
LaTeX Font Info:    ... okay on input line 20.
LaTeX Font Info:    Checking defaults for U/cmr/m/n on input line 20.
LaTeX Font Info:    ... okay on input line 20.
LaTeX Font Info:    Checking defaults for PD1/pdf/m/n on input line 20.
LaTeX Font Info:    ... okay on input line 20.
LaTeX Font Info:    Checking defaults for PU/pdf/m/n on input line 20.
LaTeX Font Info:    ... okay on input line 20.
LaTeX Info: Redefining \. on input line 20.
LaTeX Info: Redefining \% on input line 20.
Package hyperref Info: Link coloring OFF on input line 20.

(docs/_latex_build/drift_detection_es.out)
(docs/_latex_build/drift_detection_es.out)
\@outlinefile=\write3
\openout3 = `drift_detection_es.out'.


*geometry* driver: auto-detecting
*geometry* detected driver: pdftex
*geometry* verbose mode - [ preamble ] result:
* driver: pdftex
* paper: <default>
* layout: <same size as paper>
* layoutoffset:(h,v)=(0.0pt,0.0pt)
* modes: 
* h-part:(L,W,R)=(71.13188pt, 472.03123pt, 71.13188pt)
* v-part:(T,H,B)=(71.13188pt, 652.70622pt, 71.13188pt)
* \paperwidth=614.295pt
* \paperheight=794.96999pt
* \textwidth=472.03123pt
* \textheight=652.70622pt
* \oddsidemargin=-1.1381pt
* \evensidemargin=-1.1381pt
* \topmargin=-38.1381pt
* \headheight=12.0pt
* \headsep=25.0pt
* \topskip=11.0pt
* \footskip=30.0pt
* \marginparwidth=59.0pt
* \marginparsep=10.0pt
* \columnsep=10.0pt
* \skip\footins=10.0pt plus 4.0pt minus 2.0pt
* \hoffset=0.0pt
* \voffset=0.0pt
* \mag=1000
* \@twocolumnfalse
* \@twosidefalse
* \@mparswitchfalse
* \@reversemarginfalse
* (1in=72.27pt=25.4mm, 1cm=28.453pt)

LaTeX Font Info:    Trying to load font information for U+msa on input line 22.

(/usr/local/texlive/2025/texmf-dist/tex/latex/amsfonts/umsa.fd
File: umsa.fd 2013/01/14 v3.01 AMS symbols A
)
LaTeX Font Info:    Trying to load font information for U+msb on input line 22.


(/usr/local/texlive/2025/texmf-dist/tex/latex/amsfonts/umsb.fd
File: umsb.fd 2013/01/14 v3.01 AMS symbols B
)
(docs/_latex_build/drift_detection_es.toc
LaTeX Info: Redefining \. on input line 1.
LaTeX Info: Redefining \% on input line 1.
)
\tf@toc=\write4
\openout4 = `drift_detection_es.toc'.


(./docs/sections/drift_detection_es.tex
Overfull \hbox (20.28572pt too wide) in paragraph at lines 16--17
[]\T1/cmr/m/n/10.95 La con-fi-gu-ra-ción de re-fe-ren-cia del pa-per se fi-ja c
on \T1/cmtt/m/n/10.95 PAPER_TIME_SPAN = 2018-01-01 to 2024-09-30\T1/cmr/m/n/10.
95 .
 []


Overfull \hbox (44.86456pt too wide) in paragraph at lines 16--17
\T1/cmr/m/n/10.95 Ade-más, el co-rre-dor de fo-co se res-trin-ge al con-jun-to 
fi-jo de pór-ti-cos \T1/cmtt/m/n/10.95 11, 12, 14, 15 \T1/cmr/m/n/10.95 (\T1/cm
tt/m/n/10.95 DRIFT_FOCUS_PORTICOS\T1/cmr/m/n/10.95 ),
 []


Overfull \hbox (20.27577pt too wide) in paragraph at lines 19--20
\T1/cmtt/m/n/10.95 flujos_duckdb\T1/cmr/m/n/10.95 . Pa-ra even-tos uti-li-za ar
-chi-vos CSV ba-jo \T1/cmtt/m/n/10.95 Datos/ \T1/cmr/m/n/10.95 pro-ce-sa-dos co
n \T1/cmtt/m/n/10.95 process_accidentes_df\T1/cmr/m/n/10.95 ,
 []


Overfull \hbox (6.59903pt too wide) in paragraph at lines 19--20
\T1/cmr/m/n/10.95 y pa-ra geo-rre-fe-ren-cia y re-la-ción en-tre pór-ti-cos uti
-li-za \T1/cmtt/m/n/10.95 Datos/Porticos.csv \T1/cmr/m/n/10.95 a tra-vés de \T1
/cmtt/m/n/10.95 load_porticos\T1/cmr/m/n/10.95 ,
 []



[1

{/usr/local/texlive/2025/texmf-var/fonts/map/pdftex/updmap/pdftex.map}{/usr/loc
al/texlive/2025/texmf-dist/fonts/enc/dvips/cm-super/cm-super-t1.enc}{/usr/local
/texlive/2025/texmf-dist/fonts/enc/dvips/cm-super/cm-super-ts1.enc}]
Overfull \hbox (1.26738pt too wide) in paragraph at lines 30--31
[]\T1/cmr/m/n/10.95 La fun-ción \T1/cmtt/m/n/10.95 main() \T1/cmr/m/n/10.95 cre
a seis tabs con eti-que-tas reales \T1/cmtt/m/n/10.95 Blueprint\T1/cmr/m/n/10.9
5 , \T1/cmtt/m/n/10.95 Eventos\T1/cmr/m/n/10.95 , \T1/cmtt/m/n/10.95 Feature en
gineering\T1/cmr/m/n/10.95 ,
 []



[2]
Overfull \hbox (15.67056pt too wide) in paragraph at lines 69--71
\OML/cmm/m/it/10.95 p[]$ \T1/cmr/m/n/10.95 y ca-rril $\OML/cmm/m/it/10.95 `[]$\
T1/cmr/m/n/10.95 . La app ma-pea \T1/cmtt/m/n/10.95 CATEGORIA \T1/cmr/m/n/10.95
 a \T1/cmtt/m/n/10.95 Light/Heavy/Motorcycle \T1/cmr/m/n/10.95 con \T1/cmtt/m/n
/10.95 DRIFT_ARTICLE_CATEGORY_MAP\T1/cmr/m/n/10.95 ,
 []



[3]
Overfull \hbox (55.55557pt too wide) in paragraph at lines 134--135
\T1/cmr/m/n/10.95 Pa-ra ca-da seg-men-to $\OML/cmm/m/it/10.95 s \OT1/cmr/m/n/10
.95 = (\OML/cmm/m/it/10.95 p[]; p[]\OT1/cmr/m/n/10.95 ) \OMS/cmsy/m/n/10.95 2 \
OML/cmm/m/it/10.95 S$\T1/cmr/m/n/10.95 , la dis-tan-cia $\OML/cmm/m/it/10.95 d[
]$ \T1/cmr/m/n/10.95 se ob-tie-ne con \T1/cmtt/m/n/10.95 _lookup_article_segmen
t_distance_km()\T1/cmr/m/n/10.95 ,
 []



[4]

[5]
Overfull \hbox (114.23587pt too wide) in paragraph at lines 222--224
\T1/cmr/m/n/10.95 ocu-rren en el si-guien-te in-ter-va-lo de 5 mi-nu-tos. La pr
ue-ba \T1/cmtt/m/n/10.95 test_drift_article_features_cover_table4_and_target_sh
ift
 []


Overfull \hbox (112.97151pt too wide) in paragraph at lines 226--227
[]\T1/cmr/m/n/10.95 La Sec-ción 4.2 del pa-per se ope-ra-cio-na-li-za con \T1/c
mtt/m/n/10.95 apply_missing_data_policy()\T1/cmr/m/n/10.95 , \T1/cmtt/m/n/10.95
 identify_long_zero_accident_runs()\T1/cmr/m/n/10.95 ,
 []



[6]
Overfull \hbox (159.40094pt too wide) in paragraph at lines 233--234
\T1/cmr/m/n/10.95 mo-vi-das, ven-ta-nas de-tec-ta-das y fi-las des-car-ta-das. 
La prue-ba \T1/cmtt/m/n/10.95 test_configurable_preparation_pipeline_respects_s
tage_switches
 []


Overfull \hbox (2.50038pt too wide) in paragraph at lines 236--237
[]\T1/cmr/m/n/10.95 La eta-pa de se-lec-ción usa \T1/cmtt/m/n/10.95 compute_abs
_correlations()\T1/cmr/m/n/10.95 , \T1/cmtt/m/n/10.95 drop_highly_correlated_fe
atures()
 []


Overfull \hbox (179.35541pt too wide) in paragraph at lines 242--243
\T1/cmr/m/n/10.95 per-sis-te el pay-load de se-lec-ción en el DuckDB de fea-tu-
res. La prue-ba \T1/cmtt/m/n/10.95 test_feature_selection_payload_persists_with
_feature_duckdb
 []


Overfull \hbox (7.4317pt too wide) in paragraph at lines 245--247
[]\T1/cmr/m/n/10.95 Las es-tra-te-gias dis-po-ni-bles es-tán de-fi-ni-das por \
T1/cmtt/m/n/10.95 EXPERIMENT_STRATEGIES\T1/cmr/m/n/10.95 : \T1/cmtt/m/n/10.95 s
tatic\T1/cmr/m/n/10.95 , \T1/cmtt/m/n/10.95 period_aligned\T1/cmr/m/n/10.95 ,
 []


Overfull \hbox (17.65697pt too wide) in paragraph at lines 261--262
 []\T1/cmr/bx/n/10.95 Entrenamiento batch in-terno y ca-li-bra-ción de th-resho
ld[] \T1/cmr/m/n/10.95 Las es-tra-te-gias batch, \T1/cmtt/m/n/10.95 adaptive_ad
win
 []



[7]
Overfull \hbox (69.03189pt too wide) in paragraph at lines 310--312
\T1/cmr/m/n/10.95 Los ar-te-fac-tos SMO-TE pue-den per-sis-tir-se y re-uti-li-z
ar-se por blo-que me-dian-te \T1/cmtt/m/n/10.95 _load_or_create_smote_artifact(
)\T1/cmr/m/n/10.95 . 
 []



[8]

[9]
Overfull \hbox (112.61574pt too wide) in paragraph at lines 384--385
\OML/cmm/m/it/10.95 W=W[]=W[]$\T1/cmr/m/n/10.95 . Las prue-bas \T1/cmtt/m/n/10.
95 test_run_arf_strategy_variants \T1/cmr/m/n/10.95 y \T1/cmtt/m/n/10.95 test_r
ecalibration_experiments_support_adaptive_arf
 []


Overfull \hbox (1.08308pt too wide) in paragraph at lines 407--409
\T1/cmr/m/n/10.95 Cuando eso ocu-rre, se cie-rra el seg-men-to de pre-dic-ción,
 se re-gis-tran \T1/cmtt/m/n/10.95 vote_count\T1/cmr/m/n/10.95 , \T1/cmtt/m/n/1
0.95 detected_features\T1/cmr/m/n/10.95 ,
 []



[10]
Overfull \hbox (18.52501pt too wide) in paragraph at lines 414--415
\T1/cmr/m/n/10.95 adi-cio-na-les co-mo \T1/cmtt/m/n/10.95 vote_threshold\T1/cmr
/m/n/10.95 , \T1/cmtt/m/n/10.95 monitor_feature_count\T1/cmr/m/n/10.95 , \T1/cm
tt/m/n/10.95 retrain_rows \T1/cmr/m/n/10.95 y \T1/cmtt/m/n/10.95 retrain_positi
ve_rows\T1/cmr/m/n/10.95 .
 []


Overfull \hbox (72.72339pt too wide) in paragraph at lines 414--415
\T1/cmr/m/n/10.95 Las prue-bas \T1/cmtt/m/n/10.95 test_run_kswin_strategy_varia
nts\T1/cmr/m/n/10.95 , \T1/cmtt/m/n/10.95 test_recalibration_experiments_suppor
t_adaptive_kswin
 []


Overfull \hbox (160.84344pt too wide) in paragraph at lines 426--427
\T1/cmr/m/n/10.95 li-zar tu-ning/SMOTE ya cal-cu-la-dos; es-to es-tá cu-bier-to
 por \T1/cmtt/m/n/10.95 test_preview_recalibration_checkpoint_detects_resumable
_manifest
 []


Overfull \hbox (26.53146pt too wide) in paragraph at lines 431--432
[]\T1/cmtt/m/n/10.95 yearly_results\T1/cmr/m/n/10.95 : una fi-la por split anua
l batch, con \T1/cmtt/m/n/10.95 strategy\T1/cmr/m/n/10.95 , \T1/cmtt/m/n/10.95 
prediction_year\T1/cmr/m/n/10.95 , \T1/cmtt/m/n/10.95 model\T1/cmr/m/n/10.95 , 
\T1/cmtt/m/n/10.95 balance_mode\T1/cmr/m/n/10.95 ,
 []


Overfull \hbox (0.40149pt too wide) in paragraph at lines 432--433
[]\T1/cmtt/m/n/10.95 adaptive_results\T1/cmr/m/n/10.95 : una fi-la por seg-men-
to adap-ta-ti-vo, ya sea de-li-mi-ta-do por drift AD-WIN/KSWIN
 []



[11]
Overfull \hbox (202.86592pt too wide) in paragraph at lines 442--443
\T1/cmr/m/n/10.95 Las prue-bas \T1/cmtt/m/n/10.95 test_end_to_end_recalibration
_and_average_roc\T1/cmr/m/n/10.95 , \T1/cmtt/m/n/10.95 test_recalibration_exper
iments_compare_balance_modes_end_to_end
 []


Overfull \hbox (142.21883pt too wide) in paragraph at lines 457--458
[]\T1/cmr/m/n/10.95 JSON fi-nal de re-sul-ta-dos con \T1/cmtt/m/n/10.95 _persis
t_drift_recalibration_json()\T1/cmr/m/n/10.95 , guar-da-do co-mo \T1/cmtt/m/n/1
0.95 drift_recalibration_optuna_*.json\T1/cmr/m/n/10.95 . 
 []



[12])

[13] (docs/_latex_build/drift_detection_es.aux
LaTeX Info: Redefining \. on input line 11.
LaTeX Info: Redefining \% on input line 11.
)
 ***********
LaTeX2e <2024-11-01> patch level 2
L3 programming layer <2025-01-18>
 ***********
Package rerunfilecheck Info: File `drift_detection_es.out' has not changed.
(rerunfilecheck)             Checksum: E0EF2C9125E86B1FBD5F070B226BA0FA;2293.
 ) 
Here is how much of TeX's memory you used:
 11518 strings out of 473190
 177770 string characters out of 5715801
 596300 words of memory out of 5000000
 34586 multiletter control sequences out of 15000+600000
 574819 words of font info for 77 fonts, out of 8000000 for 9000
 1141 hyphenation exceptions out of 8191
 75i,9n,79p,771b,586s stack positions out of 10000i,1000n,20000p,200000b,200000s
</usr/local/texlive/2025/texmf-dist/fonts/type1/public/amsfonts/cm/cmbx10.pfb
></usr/local/texlive/2025/texmf-dist/fonts/type1/public/amsfonts/cm/cmex10.pfb>
</usr/local/texlive/2025/texmf-dist/fonts/type1/public/amsfonts/cm/cmmi10.pfb><
/usr/local/texlive/2025/texmf-dist/fonts/type1/public/amsfonts/cm/cmmi6.pfb></u
sr/local/texlive/2025/texmf-dist/fonts/type1/public/amsfonts/cm/cmmi8.pfb></usr
/local/texlive/2025/texmf-dist/fonts/type1/public/amsfonts/cm/cmr10.pfb></usr/l
ocal/texlive/2025/texmf-dist/fonts/type1/public/amsfonts/cm/cmr6.pfb></usr/loca
l/texlive/2025/texmf-dist/fonts/type1/public/amsfonts/cm/cmr8.pfb></usr/local/t
exlive/2025/texmf-dist/fonts/type1/public/amsfonts/cm/cmsy10.pfb></usr/local/te
xlive/2025/texmf-dist/fonts/type1/public/amsfonts/cm/cmsy8.pfb></usr/local/texl
ive/2025/texmf-dist/fonts/type1/public/amsfonts/symbols/msbm10.pfb></usr/local/
texlive/2025/texmf-dist/fonts/type1/public/cm-super/sfbx1095.pfb></usr/local/te
xlive/2025/texmf-dist/fonts/type1/public/cm-super/sfbx1200.pfb></usr/local/texl
ive/2025/texmf-dist/fonts/type1/public/cm-super/sfbx1440.pfb></usr/local/texliv
e/2025/texmf-dist/fonts/type1/public/cm-super/sfrm1095.pfb></usr/local/texlive/
2025/texmf-dist/fonts/type1/public/cm-super/sfrm1200.pfb></usr/local/texlive/20
25/texmf-dist/fonts/type1/public/cm-super/sfrm1728.pfb></usr/local/texlive/2025
/texmf-dist/fonts/type1/public/cm-super/sfti1095.pfb></usr/local/texlive/2025/t
exmf-dist/fonts/type1/public/cm-super/sftt1095.pfb>
Output written on docs/_latex_build/drift_detection_es.pdf (13 pages, 344992 by
tes).
PDF statistics:
 260 PDF objects out of 1000 (max. 8388607)
 203 compressed objects within 3 object streams
 55 named destinations out of 1000 (max. 500000)
 81 words of extra memory for PDF output out of 10000 (max. 10000000)

