\BOOKMARK [1][-]{section.1}{\376\377\000A\000l\000c\000a\000n\000c\000e\000\040\000y\000\040\000m\000e\000t\000o\000d\000o\000l\000o\000g\000\355\000a}{}% 1
\BOOKMARK [1][-]{section.2}{\376\377\000M\000a\000p\000a\000\040\000g\000e\000n\000e\000r\000a\000l\000\040\000d\000e\000l\000\040\000p\000i\000p\000e\000l\000i\000n\000e}{}% 2
\BOOKMARK [1][-]{section.3}{\376\377\000P\000i\000p\000e\000l\000i\000n\000e\000\040\000t\000a\000b\000\040\000a\000\040\000t\000a\000b\000\040\000\050\000S\000t\000r\000e\000a\000m\000l\000i\000t\000\040\000G\000r\000a\000p\000h\000\040\000B\000u\000i\000l\000d\000e\000r\000\051}{}% 3
\BOOKMARK [2][-]{subsection.3.1}{\376\377\000E\000v\000e\000n\000t\000o\000s}{section.3}% 4
\BOOKMARK [2][-]{subsection.3.2}{\376\377\000F\000e\000a\000t\000u\000r\000e\000\040\000E\000n\000g\000i\000n\000e\000e\000r\000i\000n\000g}{section.3}% 5
\BOOKMARK [2][-]{subsection.3.3}{\376\377\000F\000e\000a\000t\000u\000r\000e\000\040\000E\000x\000p\000l\000o\000r\000e\000r}{section.3}% 6
\BOOKMARK [2][-]{subsection.3.4}{\376\377\000F\000e\000a\000t\000u\000r\000e\000\040\000S\000e\000l\000e\000c\000t\000i\000o\000n}{section.3}% 7
\BOOKMARK [2][-]{subsection.3.5}{\376\377\000G\000r\000a\000p\000h}{section.3}% 8
\BOOKMARK [2][-]{subsection.3.6}{\376\377\000V\000i\000s\000u\000a\000l\000\040\000G\000r\000a\000p\000h}{section.3}% 9
\BOOKMARK [2][-]{subsection.3.7}{\376\377\000N\000e\000t\000w\000o\000r\000k}{section.3}% 10
\BOOKMARK [2][-]{subsection.3.8}{\376\377\000O\000p\000t\000u\000n\000a}{section.3}% 11
\BOOKMARK [2][-]{subsection.3.9}{\376\377\000B\000a\000l\000a\000n\000c\000e}{section.3}% 12
\BOOKMARK [2][-]{subsection.3.10}{\376\377\000T\000r\000a\000i\000n\000i\000n\000g}{section.3}% 13
\BOOKMARK [2][-]{subsection.3.11}{\376\377\000E\000v\000a\000l\000u\000a\000c\000i\000\363\000n}{section.3}% 14
\BOOKMARK [2][-]{subsection.3.12}{\376\377\000H\000i\000s\000t\000o\000r\000y}{section.3}% 15
\BOOKMARK [2][-]{subsection.3.13}{\376\377\000E\000x\000p\000e\000r\000i\000m\000e\000n\000t\000s}{section.3}% 16
\BOOKMARK [1][-]{section.4}{\376\377\000M\000o\000d\000e\000l\000o\000\040\000d\000e\000\040\000d\000a\000t\000o\000s\000\040\000d\000e\000l\000\040\000g\000r\000a\000f\000o}{}% 17
\BOOKMARK [2][-]{subsection.4.1}{\376\377\000A\000r\000i\000s\000t\000a\000s\000\040\000y\000\040\000a\000t\000r\000i\000b\000u\000t\000o\000s}{section.4}% 18
\BOOKMARK [2][-]{subsection.4.2}{\376\377\000E\000t\000i\000q\000u\000e\000t\000a\000d\000o\000\040\000t\000e\000m\000p\000o\000r\000a\000l}{section.4}% 19
\BOOKMARK [1][-]{section.5}{\376\377\000A\000r\000q\000u\000i\000t\000e\000c\000t\000u\000r\000a\000\040\000d\000e\000l\000\040\000m\000o\000d\000e\000l\000o\000\040\000G\000N\000N}{}% 20
\BOOKMARK [2][-]{subsection.5.1}{\376\377\000T\000e\000m\000p\000o\000r\000a\000l\000\040\000h\000e\000a\000d\000\040\000\050\000o\000p\000c\000i\000o\000n\000a\000l\000\051}{section.5}% 21
\BOOKMARK [2][-]{subsection.5.2}{\376\377\000R\000e\000g\000i\000s\000t\000r\000o\000\040\000d\000e\000\040\000v\000a\000r\000i\000a\000n\000t\000e\000s\000\040\000G\000N\000N\000\040\000\050\000e\000n\000c\000o\000d\000e\000r\000\040\000+\000\040\000t\000e\000m\000p\000o\000r\000a\000l\000\040\000+\000\040\000a\000r\000i\000s\000t\000a\000s\000\051}{section.5}% 22
\BOOKMARK [3][-]{subsubsection.5.2.1}{\376\377\000I\000d\000e\000a\000\040\000g\000e\000n\000e\000r\000a\000l\000\040\000d\000e\000\040\000c\000o\000m\000p\000a\000r\000a\000b\000i\000l\000i\000d\000a\000d}{subsection.5.2}% 23
\BOOKMARK [3][-]{subsubsection.5.2.2}{\376\377\000V\000a\000r\000i\000a\000n\000t\000e\000s\000\040\000i\000m\000p\000l\000e\000m\000e\000n\000t\000a\000d\000a\000s}{subsection.5.2}% 24
\BOOKMARK [3][-]{subsubsection.5.2.3}{\376\377\000C\000o\000d\000i\000f\000i\000c\000a\000c\000i\000\363\000n\000\040\000d\000e\000\040\000a\000r\000i\000s\000t\000a\000s\000\040\000\050\000e\000d\000g\000e\000\137\000a\000t\000t\000r\000\051}{subsection.5.2}% 25
\BOOKMARK [3][-]{subsubsection.5.2.4}{\376\377\000H\000e\000a\000d\000s\000\040\000t\000e\000m\000p\000o\000r\000a\000l\000e\000s\000\040\000y\000\040\000e\000n\000s\000a\000m\000b\000l\000a\000d\000o\000\040\000d\000e\000\040\000s\000e\000c\000u\000e\000n\000c\000i\000a\000s}{subsection.5.2}% 26
\BOOKMARK [3][-]{subsubsection.5.2.5}{\376\377\000E\000s\000t\000r\000a\000t\000e\000g\000i\000a\000s\000\040\000d\000e\000\040\000c\000a\000c\000h\000e\000\040\000t\000e\000m\000p\000o\000r\000a\000l\000\040\000\050\000p\000u\000n\000t\000o\000\040\000c\000r\000\355\000t\000i\000c\000o\000\051}{subsection.5.2}% 27
\BOOKMARK [3][-]{subsubsection.5.2.6}{\376\377\000M\000a\000t\000r\000i\000z\000\040\000e\000x\000p\000e\000r\000i\000m\000e\000n\000t\000a\000l\000\040\000r\000e\000c\000o\000m\000e\000n\000d\000a\000d\000a}{subsection.5.2}% 28
\BOOKMARK [3][-]{subsubsection.5.2.7}{\376\377\000M\000\351\000t\000r\000i\000c\000a\000s\000\040\000p\000a\000r\000a\000\040\000e\000v\000e\000n\000t\000o\000s\000\040\000r\000a\000r\000o\000s}{subsection.5.2}% 29
\BOOKMARK [3][-]{subsubsection.5.2.8}{\376\377\000T\000r\000a\000z\000a\000b\000i\000l\000i\000d\000a\000d\000\040\000d\000e\000\040\000v\000a\000r\000i\000a\000n\000t\000e\000s}{subsection.5.2}% 30
\BOOKMARK [1][-]{section.6}{\376\377\000E\000n\000t\000r\000e\000n\000a\000m\000i\000e\000n\000t\000o\000\040\000y\000\040\000o\000p\000t\000i\000m\000i\000z\000a\000c\000i\000\363\000n}{}% 31
\BOOKMARK [2][-]{subsection.6.1}{\376\377\000F\000l\000u\000j\000o\000\040\000d\000e\000l\000\040\000e\000n\000t\000r\000e\000n\000a\000m\000i\000e\000n\000t\000o}{section.6}% 32
\BOOKMARK [2][-]{subsection.6.2}{\376\377\000T\000r\000a\000i\000n\000-\000m\000i\000n\000i\000b\000a\000t\000c\000h\000\040\000y\000\040\000r\000e\000g\000u\000l\000a\000r\000i\000z\000a\000c\000i\000\363\000n}{section.6}% 33
\BOOKMARK [1][-]{section.7}{\376\377\000G\000r\000a\000p\000h\000S\000M\000O\000T\000E\000:\000\040\000s\000\355\000n\000t\000e\000s\000i\000s\000\040\000d\000e\000\040\000n\000o\000d\000o\000s\000\040\000y\000\040\000a\000r\000i\000s\000t\000a\000s}{}% 34
\BOOKMARK [2][-]{subsection.7.1}{\376\377\000P\000a\000s\000o\000\040\0001\000:\000\040\000e\000m\000b\000e\000d\000d\000i\000n\000g\000s}{section.7}% 35
\BOOKMARK [2][-]{subsection.7.2}{\376\377\000P\000a\000s\000o\000\040\0002\000:\000\040\000S\000M\000O\000T\000E\000\040\000e\000n\000\040\000e\000m\000b\000e\000d\000d\000i\000n\000g\000s}{section.7}% 36
\BOOKMARK [2][-]{subsection.7.3}{\376\377\000P\000a\000s\000o\000\040\0003\000:\000\040\000d\000e\000c\000o\000d\000i\000f\000i\000c\000a\000d\000o\000r\000e\000s\000\040\000z\041\222\000x}{section.7}% 37
\BOOKMARK [2][-]{subsection.7.4}{\376\377\000P\000a\000s\000o\000\040\0004\000:\000\040\000i\000n\000s\000e\000r\000c\000i\000\363\000n\000\040\000d\000e\000\040\000n\000o\000d\000o\000s}{section.7}% 38
\BOOKMARK [2][-]{subsection.7.5}{\376\377\000P\000a\000s\000o\000\040\0005\000:\000\040\000g\000e\000n\000e\000r\000a\000c\000i\000\363\000n\000\040\000d\000e\000\040\000a\000r\000i\000s\000t\000a\000s\000\040\000s\000i\000n\000t\000\351\000t\000i\000c\000a\000s}{section.7}% 39
\BOOKMARK [2][-]{subsection.7.6}{\376\377\000M\000o\000d\000o\000s\000\040\000d\000e\000\040\000o\000p\000e\000r\000a\000c\000i\000\363\000n}{section.7}% 40
\BOOKMARK [1][-]{section.8}{\376\377\000I\000m\000G\000A\000G\000N\000:\000\040\000g\000e\000n\000e\000r\000a\000c\000i\000\363\000n\000\040\000a\000d\000v\000e\000r\000s\000a\000r\000i\000a\000l}{}% 41
\BOOKMARK [2][-]{subsection.8.1}{\376\377\000P\000a\000s\000o\000\040\0001\000:\000\040\000h\000o\000m\000o\000g\000e\000n\000i\000z\000a\000c\000i\000\363\000n}{section.8}% 42
\BOOKMARK [2][-]{subsection.8.2}{\376\377\000P\000a\000s\000o\000\040\0002\000:\000\040\000d\000e\000f\000i\000n\000i\000r\000\040\000c\000a\000n\000t\000i\000d\000a\000d\000\040\000d\000e\000\040\000s\000i\000n\000t\000\351\000t\000i\000c\000o\000s}{section.8}% 43
\BOOKMARK [2][-]{subsection.8.3}{\376\377\000P\000a\000s\000o\000\040\0003\000:\000\040\000g\000e\000n\000e\000r\000a\000d\000o\000r}{section.8}% 44
\BOOKMARK [2][-]{subsection.8.4}{\376\377\000P\000a\000s\000o\000\040\0004\000:\000\040\000d\000i\000s\000c\000r\000i\000m\000i\000n\000a\000d\000o\000r}{section.8}% 45
\BOOKMARK [2][-]{subsection.8.5}{\376\377\000P\000a\000s\000o\000\040\0005\000:\000\040\000e\000n\000t\000r\000e\000n\000a\000m\000i\000e\000n\000t\000o\000\040\000a\000d\000v\000e\000r\000s\000a\000r\000i\000a\000l}{section.8}% 46
\BOOKMARK [2][-]{subsection.8.6}{\376\377\000P\000a\000s\000o\000\040\0006\000:\000\040\000g\000r\000a\000f\000o\000\040\000f\000i\000n\000a\000l}{section.8}% 47
\BOOKMARK [1][-]{section.9}{\376\377\000O\000p\000t\000u\000n\000a\000\040\000\050\000b\000\372\000s\000q\000u\000e\000d\000a\000\040\000d\000e\000\040\000h\000i\000p\000e\000r\000p\000a\000r\000\341\000m\000e\000t\000r\000o\000s\000\051}{}% 48
\BOOKMARK [1][-]{section.10}{\376\377\000E\000v\000a\000l\000u\000a\000c\000i\000\363\000n\000,\000\040\000c\000a\000l\000i\000b\000r\000a\000c\000i\000\363\000n\000\040\000y\000\040\000a\000r\000t\000e\000f\000a\000c\000t\000o\000s}{}% 49
\BOOKMARK [1][-]{section.11}{\376\377\000A\000u\000d\000i\000t\000o\000r\000\355\000a\000\040\000t\000\351\000c\000n\000i\000c\000a\000\040\000y\000\040\000m\000e\000j\000o\000r\000e\000s\000\040\000p\000r\000\341\000c\000t\000i\000c\000a\000s}{}% 50
\BOOKMARK [2][-]{subsection.11.1}{\376\377\000F\000o\000r\000t\000a\000l\000e\000z\000a\000s\000\040\000o\000b\000s\000e\000r\000v\000a\000d\000a\000s}{section.11}% 51
\BOOKMARK [2][-]{subsection.11.2}{\376\377\000R\000i\000e\000s\000g\000o\000s\000\040\000o\000\040\000p\000u\000n\000t\000o\000s\000\040\000c\000r\000\355\000t\000i\000c\000o\000s\000\040\000\050\000a\000c\000t\000u\000a\000l\000i\000z\000a\000d\000o\000\051}{section.11}% 52
\BOOKMARK [2][-]{subsection.11.3}{\376\377\000R\000e\000c\000o\000m\000e\000n\000d\000a\000c\000i\000o\000n\000e\000s\000\040\000p\000r\000i\000o\000r\000i\000z\000a\000d\000a\000s\000\040\000\050\000e\000s\000t\000a\000d\000o\000\040\000a\000c\000t\000u\000a\000l\000\051}{section.11}% 53
\BOOKMARK [1][-]{section.12}{\376\377\000A\000n\000e\000x\000o\000:\000\040\000r\000e\000f\000e\000r\000e\000n\000c\000i\000a\000s\000\040\000a\000\040\000f\000u\000n\000c\000i\000o\000n\000e\000s\000\040\000y\000\040\000a\000r\000c\000h\000i\000v\000o\000s}{}% 54
