This is pdfTeX, Version 3.141592653-2.6-1.40.27 (TeX Live 2025) (preloaded format=pdflatex 2025.3.8)  30 MAR 2026 17:55
entering extended mode
 restricted \write18 enabled.
 %&-line parsing enabled.
**/Users/felipe/Desktop/SUMO/docs/main_es.tex
(/Users/felipe/Desktop/SUMO/docs/main_es.tex
LaTeX2e <2024-11-01> patch level 2
L3 programming layer <2025-01-18>
(/usr/local/texlive/2025/texmf-dist/tex/latex/base/article.cls
Document Class: article 2024/06/29 v1.4n Standard LaTeX document class
(/usr/local/texlive/2025/texmf-dist/tex/latex/base/size11.clo
File: size11.clo 2024/06/29 v1.4n Standard LaTeX file (size option)
)
\c@part=\count196
\c@section=\count197
\c@subsection=\count198
\c@subsubsection=\count199
\c@paragraph=\count266
\c@subparagraph=\count267
\c@figure=\count268
\c@table=\count269
\abovecaptionskip=\skip49
\belowcaptionskip=\skip50
\bibindent=\dimen141
)
(/usr/local/texlive/2025/texmf-dist/tex/latex/base/fontenc.sty
Package: fontenc 2021/04/29 v2.0v Standard LaTeX package
)
(/usr/local/texlive/2025/texmf-dist/tex/latex/base/inputenc.sty
Package: inputenc 2024/02/08 v1.3d Input encoding file
\inpenc@prehook=\toks17
\inpenc@posthook=\toks18
)
(/usr/local/texlive/2025/texmf-dist/tex/generic/babel/babel.sty
Package: babel 2025/02/14 v25.4 The multilingual framework for pdfLaTeX, LuaLaT
eX and XeLaTeX
\babel@savecnt=\count270
\U@D=\dimen142
\l@unhyphenated=\language90

(/usr/local/texlive/2025/texmf-dist/tex/generic/babel/txtbabel.def)
\bbl@readstream=\read2
\bbl@dirlevel=\count271

(/usr/local/texlive/2025/texmf-dist/tex/generic/babel-spanish/spanish.ldf
Language: spanish.ldf 2021/05/27 v5.0q Spanish support from the babel system
\es@quottoks=\toks19
\es@quotdepth=\count272
Package babel Info: Making " an active character on input line 570.
Package babel Info: Making . an active character on input line 675.
Package babel Info: Making < an active character on input line 722.
Package babel Info: Making > an active character on input line 722.
))
(/usr/local/texlive/2025/texmf-dist/tex/generic/babel/locale/es/babel-spanish.t
ex
Package babel Info: Importing font and identification data for spanish
(babel)             from babel-es.ini. Reported on input line 11.
) (/usr/local/texlive/2025/texmf-dist/tex/latex/amsmath/amsmath.sty
Package: amsmath 2024/11/05 v2.17t AMS math features
\@mathmargin=\skip51

For additional information on amsmath, use the `?' option.
(/usr/local/texlive/2025/texmf-dist/tex/latex/amsmath/amstext.sty
Package: amstext 2021/08/26 v2.01 AMS text

(/usr/local/texlive/2025/texmf-dist/tex/latex/amsmath/amsgen.sty
File: amsgen.sty 1999/11/30 v2.0 generic functions
\@emptytoks=\toks20
\ex@=\dimen143
))
(/usr/local/texlive/2025/texmf-dist/tex/latex/amsmath/amsbsy.sty
Package: amsbsy 1999/11/29 v1.2d Bold Symbols
\pmbraise@=\dimen144
)
(/usr/local/texlive/2025/texmf-dist/tex/latex/amsmath/amsopn.sty
Package: amsopn 2022/04/08 v2.04 operator names
)
\inf@bad=\count273
LaTeX Info: Redefining \frac on input line 233.
\uproot@=\count274
\leftroot@=\count275
LaTeX Info: Redefining \overline on input line 398.
LaTeX Info: Redefining \colon on input line 409.
\classnum@=\count276
\DOTSCASE@=\count277
LaTeX Info: Redefining \ldots on input line 495.
LaTeX Info: Redefining \dots on input line 498.
LaTeX Info: Redefining \cdots on input line 619.
\Mathstrutbox@=\box52
\strutbox@=\box53
LaTeX Info: Redefining \big on input line 721.
LaTeX Info: Redefining \Big on input line 722.
LaTeX Info: Redefining \bigg on input line 723.
LaTeX Info: Redefining \Bigg on input line 724.
\big@size=\dimen145
LaTeX Font Info:    Redeclaring font encoding OML on input line 742.
LaTeX Font Info:    Redeclaring font encoding OMS on input line 743.
\macc@depth=\count278
LaTeX Info: Redefining \bmod on input line 904.
LaTeX Info: Redefining \pmod on input line 909.
LaTeX Info: Redefining \smash on input line 939.
LaTeX Info: Redefining \relbar on input line 969.
LaTeX Info: Redefining \Relbar on input line 970.
\c@MaxMatrixCols=\count279
\dotsspace@=\muskip17
\c@parentequation=\count280
\dspbrk@lvl=\count281
\tag@help=\toks21
\row@=\count282
\column@=\count283
\maxfields@=\count284
\andhelp@=\toks22
\eqnshift@=\dimen146
\alignsep@=\dimen147
\tagshift@=\dimen148
\tagwidth@=\dimen149
\totwidth@=\dimen150
\lineht@=\dimen151
\@envbody=\toks23
\multlinegap=\skip52
\multlinetaggap=\skip53
\mathdisplay@stack=\toks24
LaTeX Info: Redefining \[ on input line 2953.
LaTeX Info: Redefining \] on input line 2954.
)
(/usr/local/texlive/2025/texmf-dist/tex/latex/amsfonts/amssymb.sty
Package: amssymb 2013/01/14 v3.01 AMS font symbols

(/usr/local/texlive/2025/texmf-dist/tex/latex/amsfonts/amsfonts.sty
Package: amsfonts 2013/01/14 v3.01 Basic AMSFonts support
\symAMSa=\mathgroup4
\symAMSb=\mathgroup5
LaTeX Font Info:    Redeclaring math symbol \hbar on input line 98.
LaTeX Font Info:    Overwriting math alphabet `\mathfrak' in version `bold'
(Font)                  U/euf/m/n --> U/euf/b/n on input line 106.
))
(/usr/local/texlive/2025/texmf-dist/tex/latex/booktabs/booktabs.sty
Package: booktabs 2020/01/12 v1.61803398 Publication quality tables
\heavyrulewidth=\dimen152
\lightrulewidth=\dimen153
\cmidrulewidth=\dimen154
\belowrulesep=\dimen155
\belowbottomsep=\dimen156
\aboverulesep=\dimen157
\abovetopsep=\dimen158
\cmidrulesep=\dimen159
\cmidrulekern=\dimen160
\defaultaddspace=\dimen161
\@cmidla=\count285
\@cmidlb=\count286
\@aboverulesep=\dimen162
\@belowrulesep=\dimen163
\@thisruleclass=\count287
\@lastruleclass=\count288
\@thisrulewidth=\dimen164
)
(/usr/local/texlive/2025/texmf-dist/tex/latex/enumitem/enumitem.sty
Package: enumitem 2025/02/06 v3.11 Customized lists
\enitkv@toks@=\toks25
\labelindent=\skip54
\enit@outerparindent=\dimen165
\enit@toks=\toks26
\enit@inbox=\box54
\enit@count@id=\count289
\enitdp@description=\count290
)
(/usr/local/texlive/2025/texmf-dist/tex/latex/hyperref/hyperref.sty
Package: hyperref 2024-11-05 v7.01l Hypertext links for LaTeX

(/usr/local/texlive/2025/texmf-dist/tex/generic/iftex/iftex.sty
Package: iftex 2024/12/12 v1.0g TeX engine tests
)
(/usr/local/texlive/2025/texmf-dist/tex/latex/graphics/keyval.sty
Package: keyval 2022/05/29 v1.15 key=value parser (DPC)
\KV@toks@=\toks27
)
(/usr/local/texlive/2025/texmf-dist/tex/latex/kvsetkeys/kvsetkeys.sty
Package: kvsetkeys 2022-10-05 v1.19 Key value parser (HO)
)
(/usr/local/texlive/2025/texmf-dist/tex/generic/kvdefinekeys/kvdefinekeys.sty
Package: kvdefinekeys 2019-12-19 v1.6 Define keys (HO)
)
(/usr/local/texlive/2025/texmf-dist/tex/generic/pdfescape/pdfescape.sty
Package: pdfescape 2019/12/09 v1.15 Implements pdfTeX's escape features (HO)

(/usr/local/texlive/2025/texmf-dist/tex/generic/ltxcmds/ltxcmds.sty
Package: ltxcmds 2023-12-04 v1.26 LaTeX kernel commands for general use (HO)
)
(/usr/local/texlive/2025/texmf-dist/tex/generic/pdftexcmds/pdftexcmds.sty
Package: pdftexcmds 2020-06-27 v0.33 Utility functions of pdfTeX for LuaTeX (HO
)

(/usr/local/texlive/2025/texmf-dist/tex/generic/infwarerr/infwarerr.sty
Package: infwarerr 2019/12/03 v1.5 Providing info/warning/error messages (HO)
)
Package pdftexcmds Info: \pdf@primitive is available.
Package pdftexcmds Info: \pdf@ifprimitive is available.
Package pdftexcmds Info: \pdfdraftmode found.
))
(/usr/local/texlive/2025/texmf-dist/tex/latex/hycolor/hycolor.sty
Package: hycolor 2020-01-27 v1.10 Color options for hyperref/bookmark (HO)
)
(/usr/local/texlive/2025/texmf-dist/tex/latex/hyperref/nameref.sty
Package: nameref 2023-11-26 v2.56 Cross-referencing by name of section

(/usr/local/texlive/2025/texmf-dist/tex/latex/refcount/refcount.sty
Package: refcount 2019/12/15 v3.6 Data extraction from label references (HO)
)
(/usr/local/texlive/2025/texmf-dist/tex/generic/gettitlestring/gettitlestring.s
ty
Package: gettitlestring 2019/12/15 v1.6 Cleanup title references (HO)
 (/usr/local/texlive/2025/texmf-dist/tex/latex/kvoptions/kvoptions.sty
Package: kvoptions 2022-06-15 v3.15 Key value format for package options (HO)
))
\c@section@level=\count291
)
(/usr/local/texlive/2025/texmf-dist/tex/latex/etoolbox/etoolbox.sty
Package: etoolbox 2025/02/11 v2.5l e-TeX tools for LaTeX (JAW)
\etb@tempcnta=\count292
)
(/usr/local/texlive/2025/texmf-dist/tex/generic/stringenc/stringenc.sty
Package: stringenc 2019/11/29 v1.12 Convert strings between diff. encodings (HO
)
)
\@linkdim=\dimen166
\Hy@linkcounter=\count293
\Hy@pagecounter=\count294

(/usr/local/texlive/2025/texmf-dist/tex/latex/hyperref/pd1enc.def
File: pd1enc.def 2024-11-05 v7.01l Hyperref: PDFDocEncoding definition (HO)
Now handling font encoding PD1 ...
... no UTF-8 mapping file for font encoding PD1
)
(/usr/local/texlive/2025/texmf-dist/tex/generic/intcalc/intcalc.sty
Package: intcalc 2019/12/15 v1.3 Expandable calculations with integers (HO)
)
\Hy@SavedSpaceFactor=\count295

(/usr/local/texlive/2025/texmf-dist/tex/latex/hyperref/puenc.def
File: puenc.def 2024-11-05 v7.01l Hyperref: PDF Unicode definition (HO)
Now handling font encoding PU ...
... no UTF-8 mapping file for font encoding PU
)
Package hyperref Info: Hyper figures OFF on input line 4157.
Package hyperref Info: Link nesting OFF on input line 4162.
Package hyperref Info: Hyper index ON on input line 4165.
Package hyperref Info: Plain pages OFF on input line 4172.
Package hyperref Info: Backreferencing OFF on input line 4177.
Package hyperref Info: Implicit mode ON; LaTeX internals redefined.
Package hyperref Info: Bookmarks ON on input line 4424.
\c@Hy@tempcnt=\count296

(/usr/local/texlive/2025/texmf-dist/tex/latex/url/url.sty
\Urlmuskip=\muskip18
Package: url 2013/09/16  ver 3.4  Verb mode for urls, etc.
)
LaTeX Info: Redefining \url on input line 4763.
\XeTeXLinkMargin=\dimen167

(/usr/local/texlive/2025/texmf-dist/tex/generic/bitset/bitset.sty
Package: bitset 2019/12/09 v1.3 Handle bit-vector datatype (HO)

(/usr/local/texlive/2025/texmf-dist/tex/generic/bigintcalc/bigintcalc.sty
Package: bigintcalc 2019/12/15 v1.5 Expandable calculations on big integers (HO
)
))
\Fld@menulength=\count297
\Field@Width=\dimen168
\Fld@charsize=\dimen169
Package hyperref Info: Hyper figures OFF on input line 6042.
Package hyperref Info: Link nesting OFF on input line 6047.
Package hyperref Info: Hyper index ON on input line 6050.
Package hyperref Info: backreferencing OFF on input line 6057.
Package hyperref Info: Link coloring OFF on input line 6062.
Package hyperref Info: Link coloring with OCG OFF on input line 6067.
Package hyperref Info: PDF/A mode OFF on input line 6072.

(/usr/local/texlive/2025/texmf-dist/tex/latex/base/atbegshi-ltx.sty
Package: atbegshi-ltx 2021/01/10 v1.0c Emulation of the original atbegshi
package with kernel methods
)
\Hy@abspage=\count298
\c@Item=\count299
\c@Hfootnote=\count300
)
Package hyperref Info: Driver (autodetected): hpdftex.

(/usr/local/texlive/2025/texmf-dist/tex/latex/hyperref/hpdftex.def
File: hpdftex.def 2024-11-05 v7.01l Hyperref driver for pdfTeX

(/usr/local/texlive/2025/texmf-dist/tex/latex/base/atveryend-ltx.sty
Package: atveryend-ltx 2020/08/19 v1.0a Emulation of the original atveryend pac
kage
with kernel methods
)
\Fld@listcount=\count301
\c@bookmark@seq@number=\count302

(/usr/local/texlive/2025/texmf-dist/tex/latex/rerunfilecheck/rerunfilecheck.sty
Package: rerunfilecheck 2022-07-10 v1.10 Rerun checks for auxiliary files (HO)

(/usr/local/texlive/2025/texmf-dist/tex/generic/uniquecounter/uniquecounter.sty
Package: uniquecounter 2019/12/15 v1.4 Provide unlimited unique counter (HO)
)
Package uniquecounter Info: New unique counter `rerunfilecheck' on input line 2
85.
)
\Hy@SectionHShift=\skip55
) (/usr/local/texlive/2025/texmf-dist/tex/latex/geometry/geometry.sty
Package: geometry 2020/01/02 v5.9 Page Geometry

(/usr/local/texlive/2025/texmf-dist/tex/generic/iftex/ifvtex.sty
Package: ifvtex 2019/10/25 v1.7 ifvtex legacy package. Use iftex instead.
)
\Gm@cnth=\count303
\Gm@cntv=\count304
\c@Gm@tempcnt=\count305
\Gm@bindingoffset=\dimen170
\Gm@wd@mp=\dimen171
\Gm@odd@mp=\dimen172
\Gm@even@mp=\dimen173
\Gm@layoutwidth=\dimen174
\Gm@layoutheight=\dimen175
\Gm@layouthoffset=\dimen176
\Gm@layoutvoffset=\dimen177
\Gm@dimlist=\toks28
)
(/usr/local/texlive/2025/texmf-dist/tex/latex/l3backend/l3backend-pdftex.def
File: l3backend-pdftex.def 2024-05-08 L3 backend support: PDF output (pdfTeX)
\l__color_backend_stack_int=\count306
\l__pdf_internal_box=\box55
)
(_latex_build/main_es.aux
LaTeX Info: Redefining \. on input line 11.
LaTeX Info: Redefining \% on input line 11.
)
\openout1 = `main_es.aux'.

LaTeX Font Info:    Checking defaults for OML/cmm/m/it on input line 20.
LaTeX Font Info:    ... okay on input line 20.
LaTeX Font Info:    Checking defaults for OMS/cmsy/m/n on input line 20.
LaTeX Font Info:    ... okay on input line 20.
LaTeX Font Info:    Checking defaults for OT1/cmr/m/n on input line 20.
LaTeX Font Info:    ... okay on input line 20.
LaTeX Font Info:    Checking defaults for T1/cmr/m/n on input line 20.
LaTeX Font Info:    ... okay on input line 20.
LaTeX Font Info:    Checking defaults for TS1/cmr/m/n on input line 20.
LaTeX Font Info:    ... okay on input line 20.
LaTeX Font Info:    Checking defaults for OMX/cmex/m/n on input line 20.
LaTeX Font Info:    ... okay on input line 20.
LaTeX Font Info:    Checking defaults for U/cmr/m/n on input line 20.
LaTeX Font Info:    ... okay on input line 20.
LaTeX Font Info:    Checking defaults for PD1/pdf/m/n on input line 20.
LaTeX Font Info:    ... okay on input line 20.
LaTeX Font Info:    Checking defaults for PU/pdf/m/n on input line 20.
LaTeX Font Info:    ... okay on input line 20.
LaTeX Info: Redefining \. on input line 20.
LaTeX Info: Redefining \% on input line 20.
Package hyperref Info: Link coloring OFF on input line 20.
 (_latex_build/main_es.out) (_latex_build/main_es.out)
\@outlinefile=\write3
\openout3 = `main_es.out'.


*geometry* driver: auto-detecting
*geometry* detected driver: pdftex
*geometry* verbose mode - [ preamble ] result:
* driver: pdftex
* paper: <default>
* layout: <same size as paper>
* layoutoffset:(h,v)=(0.0pt,0.0pt)
* modes: 
* h-part:(L,W,R)=(71.13188pt, 472.03123pt, 71.13188pt)
* v-part:(T,H,B)=(71.13188pt, 652.70622pt, 71.13188pt)
* \paperwidth=614.295pt
* \paperheight=794.96999pt
* \textwidth=472.03123pt
* \textheight=652.70622pt
* \oddsidemargin=-1.1381pt
* \evensidemargin=-1.1381pt
* \topmargin=-38.1381pt
* \headheight=12.0pt
* \headsep=25.0pt
* \topskip=11.0pt
* \footskip=30.0pt
* \marginparwidth=59.0pt
* \marginparsep=10.0pt
* \columnsep=10.0pt
* \skip\footins=10.0pt plus 4.0pt minus 2.0pt
* \hoffset=0.0pt
* \voffset=0.0pt
* \mag=1000
* \@twocolumnfalse
* \@twosidefalse
* \@mparswitchfalse
* \@reversemarginfalse
* (1in=72.27pt=25.4mm, 1cm=28.453pt)

LaTeX Font Info:    Trying to load font information for U+msa on input line 22.

(/usr/local/texlive/2025/texmf-dist/tex/latex/amsfonts/umsa.fd
File: umsa.fd 2013/01/14 v3.01 AMS symbols A
)
LaTeX Font Info:    Trying to load font information for U+msb on input line 22.


(/usr/local/texlive/2025/texmf-dist/tex/latex/amsfonts/umsb.fd
File: umsb.fd 2013/01/14 v3.01 AMS symbols B
)
(_latex_build/main_es.toc
LaTeX Info: Redefining \. on input line 1.
LaTeX Info: Redefining \% on input line 1.


[1

{/usr/local/texlive/2025/texmf-var/fonts/map/pdftex/updmap/pdftex.map}{/usr/loc
al/texlive/2025/texmf-dist/fonts/enc/dvips/cm-super/cm-super-t1.enc}]

[2]
Overfull \hbox (2.7858pt too wide) detected at line 136
\T1/cmr/m/n/10.95 13.10. 
 []


Overfull \hbox (2.7858pt too wide) detected at line 137
\T1/cmr/m/n/10.95 13.11. 
 []


Overfull \hbox (2.7858pt too wide) detected at line 138
\T1/cmr/m/n/10.95 13.12. 
 []


Overfull \hbox (2.7858pt too wide) detected at line 139
\T1/cmr/m/n/10.95 13.13. 
 []



[3]
Overfull \hbox (2.7858pt too wide) detected at line 189
\T1/cmr/m/n/10.95 23.10. 
 []


Overfull \hbox (2.7858pt too wide) detected at line 190
\T1/cmr/m/n/10.95 23.11. 
 []


Overfull \hbox (2.7858pt too wide) detected at line 191
\T1/cmr/m/n/10.95 23.12. 
 []

)
\tf@toc=\write4
\openout4 = `main_es.toc'.

 (./sections/clustering_es.tex

[4{/usr/local/texlive/2025/texmf-dist/fonts/enc/dvips/cm-super/cm-super-ts1.enc
}]
Overfull \hbox (86.11928pt too wide) in paragraph at lines 33--34
\T1/cmr/m/n/10.95 cio-nes so-bre sus pa-sa-das. En la im-ple-men-ta-ción, es-ta
s va-ria-bles se guar-dan en \T1/cmtt/m/n/10.95 Resultados/cluster_features*.du
ckdb
 []



[5]

[6]
Overfull \hbox (64.21336pt too wide) detected at line 108
\OML/cmm/m/it/10.95 n[] \OT1/cmr/m/n/10.95 = [] \OML/cmm/m/it/10.95 ;  n[] \OT1
/cmr/m/n/10.95 = [] \OML/cmm/m/it/10.95 ;  n[] \OT1/cmr/m/n/10.95 = [] \OML/cmm
/m/it/10.95 :
 []



[7]
Overfull \hbox (14.42258pt too wide) in paragraph at lines 165--166
[]\T1/cmr/m/n/10.95 Etiquetas por ma-trí-cu-la: \T1/cmtt/m/n/10.95 cluster_kmea
ns_kK.csv\T1/cmr/m/n/10.95 , \T1/cmtt/m/n/10.95 cluster_gmm_kK.csv\T1/cmr/m/n/1
0.95 , \T1/cmtt/m/n/10.95 cluster_hdbscan.csv\T1/cmr/m/n/10.95 . 
 []

) (./sections/accident_prediction_es.tex

[8]

[9]
Overfull \hbox (0.92137pt too wide) in paragraph at lines 48--50
\T1/cmr/m/n/10.95 Estas va-ria-bles se al-ma-ce-nan co-mo co-lum-nas \T1/cmtt/m
/n/10.95 cluster_share_*\T1/cmr/m/n/10.95 , \T1/cmtt/m/n/10.95 cluster_flow_*\T
1/cmr/m/n/10.95 , \T1/cmtt/m/n/10.95 cluster_speed_*\T1/cmr/m/n/10.95 ,
 []


Overfull \hbox (22.03365pt too wide) in paragraph at lines 71--72
[]\T1/cmr/m/n/10.95 (Opcional) Cal-cu-lar va-ria-bles de clus-ters por $\OT1/cm
r/m/n/10.95 (\OML/cmm/m/it/10.95 p; ^^\\OT1/cmr/m/n/10.95 )$ \T1/cmr/m/n/10.95 
y unir-las por lla-ve \T1/cmtt/m/n/10.95 (portico, interval_start)\T1/cmr/m/n/1
0.95 . 
 []



[10]
Overfull \hbox (60.39201pt too wide) in paragraph at lines 114--115
 []\T1/cmr/bx/n/10.95 Importancia de va-ria-bles[] \T1/cmr/m/n/10.95 Se cal-cu-
la un ran-king de im-por-tan-cia con Ran-dom Fo-rest (\T1/cmtt/m/n/10.95 featur
e_importances_\T1/cmr/m/n/10.95 )
 []



[11]) (./sections/nlp_severity_replication_es.tex
Overfull \hbox (17.09215pt too wide) in paragraph at lines 14--16
[]\T1/cmr/m/n/10.95 El pro-to-co-lo de ré-pli-ca es-tá de-fi-ni-do por cons-tan
-tes co-mo \T1/cmtt/m/n/10.95 PAPER_PROTOCOL\T1/cmr/m/n/10.95 , \T1/cmtt/m/n/10
.95 PAPER_EXPECTED_COUNTS\T1/cmr/m/n/10.95 ,
 []


Overfull \hbox (2.9811pt too wide) in paragraph at lines 14--16
\T1/cmtt/m/n/10.95 PAPER_K_GRID\T1/cmr/m/n/10.95 , \T1/cmtt/m/n/10.95 PAPER_VAL
IDATION_ALPHA \T1/cmr/m/n/10.95 y \T1/cmtt/m/n/10.95 PAPER_COMPARISON_TOLERANCE
\T1/cmr/m/n/10.95 . La im-ple-men-ta-ción fuer-
 []



[12]
Overfull \hbox (116.5201pt too wide) in paragraph at lines 48--50
[]\T1/cmr/m/n/10.95 Antes de eje-cu-tar cual-quier ex-pe-ri-men-to, el có-di-go
 re-vi-sa \T1/cmtt/m/n/10.95 Resultados/nlp_in_severity/paper_replication/<run_
id>/
 []


Overfull \hbox (97.3658pt too wide) in paragraph at lines 57--59
[]\T1/cmr/m/n/10.95 La ru-ta \T1/cmtt/m/n/10.95 frozen \T1/cmr/m/n/10.95 car-ga
 \T1/cmtt/m/n/10.95 NLP/Dataframes/resultado.pkl \T1/cmr/m/n/10.95 y nor-ma-li-
za el da-ta-set con \T1/cmtt/m/n/10.95 _ensure_paper_dataset_columns\T1/cmr/m/n
/10.95 .
 []



[13]
Overfull \hbox (76.54787pt too wide) in paragraph at lines 75--76
[]\T1/cmr/bx/n/10.95 Extracción de em-bed-dings. \T1/cmr/m/n/10.95 Lla-mar a \T
1/cmtt/m/n/10.95 generate_text_embeddings \T1/cmr/m/n/10.95 con \T1/cmtt/m/n/10
.95 method = transformer_finetuned\T1/cmr/m/n/10.95 ,
 []


Overfull \hbox (118.05272pt too wide) in paragraph at lines 79--80
\T1/cmr/m/n/10.95 Estos sub-pa-sos que-dan check-poin-ted co-mo \T1/cmtt/m/n/10
.95 raw.build.features\T1/cmr/m/n/10.95 , \T1/cmtt/m/n/10.95 raw.build.embeddin
gs\T1/cmr/m/n/10.95 , \T1/cmtt/m/n/10.95 raw.build.embedding_selection
 []



[14]
Overfull \hbox (23.31157pt too wide) in paragraph at lines 99--100
\T1/cmr/m/n/10.95 Cada $\OML/cmm/m/it/10.95 k$ \T1/cmr/m/n/10.95 se re-gis-tra 
por se-pa-ra-do co-mo \T1/cmtt/m/n/10.95 <ruta>.M<j>.k.<k>\T1/cmr/m/n/10.95 , y
 ca-da mo-de-lo fi-nal co-mo \T1/cmtt/m/n/10.95 <ruta>.M<j>.final\T1/cmr/m/n/10
.95 . 
 []



[15]
Overfull \hbox (93.69467pt too wide) in paragraph at lines 154--156
[]\T1/cmr/m/n/10.95 Después de una co-rri-da exi-to-sa o de una co-rri-da com-p
le-ta-da pe-ro blo-quea-da, \T1/cmtt/m/n/10.95 _persist_paper_replication_paylo
ad
 []


Overfull \hbox (24.55675pt too wide) in paragraph at lines 161--162
\T1/cmr/m/n/10.95 Esa sin-cro-ni-za-ción es idem-po-ten-te y se omi-te cuan-do 
\T1/cmtt/m/n/10.95 manifest.json \T1/cmr/m/n/10.95 ya in-di-ca \T1/cmtt/m/n/10.
95 registry_sync.completed
 []



[16]

[17]
Overfull \hbox (55.35728pt too wide) in paragraph at lines 194--195
[]\T1/cmr/m/n/10.95 si la com-pa-ra-ción pa-só, ins-pec-cio-nar \T1/cmtt/m/n/10
.95 export/payload.json \T1/cmr/m/n/10.95 y los as-sets pro-mo-vi-dos en \T1/cm
tt/m/n/10.95 NLP/Latex/images/
 []

) (./sections/drift_detection_es.tex
Overfull \hbox (20.28572pt too wide) in paragraph at lines 16--17
[]\T1/cmr/m/n/10.95 La con-fi-gu-ra-ción de re-fe-ren-cia del pa-per se fi-ja c
on \T1/cmtt/m/n/10.95 PAPER_TIME_SPAN = 2018-01-01 to 2024-09-30\T1/cmr/m/n/10.
95 .
 []


Overfull \hbox (44.86456pt too wide) in paragraph at lines 16--17
\T1/cmr/m/n/10.95 Ade-más, el co-rre-dor de fo-co se res-trin-ge al con-jun-to 
fi-jo de pór-ti-cos \T1/cmtt/m/n/10.95 11, 12, 14, 15 \T1/cmr/m/n/10.95 (\T1/cm
tt/m/n/10.95 DRIFT_FOCUS_PORTICOS\T1/cmr/m/n/10.95 ),
 []


Overfull \hbox (20.27577pt too wide) in paragraph at lines 19--20
\T1/cmtt/m/n/10.95 flujos_duckdb\T1/cmr/m/n/10.95 . Pa-ra even-tos uti-li-za ar
-chi-vos CSV ba-jo \T1/cmtt/m/n/10.95 Datos/ \T1/cmr/m/n/10.95 pro-ce-sa-dos co
n \T1/cmtt/m/n/10.95 process_accidentes_df\T1/cmr/m/n/10.95 ,
 []


Overfull \hbox (6.59903pt too wide) in paragraph at lines 19--20
\T1/cmr/m/n/10.95 y pa-ra geo-rre-fe-ren-cia y re-la-ción en-tre pór-ti-cos uti
-li-za \T1/cmtt/m/n/10.95 Datos/Porticos.csv \T1/cmr/m/n/10.95 a tra-vés de \T1
/cmtt/m/n/10.95 load_porticos\T1/cmr/m/n/10.95 ,
 []



[18]
Overfull \hbox (1.26738pt too wide) in paragraph at lines 30--31
[]\T1/cmr/m/n/10.95 La fun-ción \T1/cmtt/m/n/10.95 main() \T1/cmr/m/n/10.95 cre
a seis tabs con eti-que-tas reales \T1/cmtt/m/n/10.95 Blueprint\T1/cmr/m/n/10.9
5 , \T1/cmtt/m/n/10.95 Eventos\T1/cmr/m/n/10.95 , \T1/cmtt/m/n/10.95 Feature en
gineering\T1/cmr/m/n/10.95 ,
 []



[19]
Overfull \hbox (15.67056pt too wide) in paragraph at lines 69--71
\OML/cmm/m/it/10.95 p[]$ \T1/cmr/m/n/10.95 y ca-rril $\OML/cmm/m/it/10.95 `[]$\
T1/cmr/m/n/10.95 . La app ma-pea \T1/cmtt/m/n/10.95 CATEGORIA \T1/cmr/m/n/10.95
 a \T1/cmtt/m/n/10.95 Light/Heavy/Motorcycle \T1/cmr/m/n/10.95 con \T1/cmtt/m/n
/10.95 DRIFT_ARTICLE_CATEGORY_MAP\T1/cmr/m/n/10.95 ,
 []



[20]
Overfull \hbox (55.55557pt too wide) in paragraph at lines 134--135
\T1/cmr/m/n/10.95 Pa-ra ca-da seg-men-to $\OML/cmm/m/it/10.95 s \OT1/cmr/m/n/10
.95 = (\OML/cmm/m/it/10.95 p[]; p[]\OT1/cmr/m/n/10.95 ) \OMS/cmsy/m/n/10.95 2 \
OML/cmm/m/it/10.95 S$\T1/cmr/m/n/10.95 , la dis-tan-cia $\OML/cmm/m/it/10.95 d[
]$ \T1/cmr/m/n/10.95 se ob-tie-ne con \T1/cmtt/m/n/10.95 _lookup_article_segmen
t_distance_km()\T1/cmr/m/n/10.95 ,
 []



[21]

[22]
Overfull \hbox (114.23587pt too wide) in paragraph at lines 222--224
\T1/cmr/m/n/10.95 ocu-rren en el si-guien-te in-ter-va-lo de 5 mi-nu-tos. La pr
ue-ba \T1/cmtt/m/n/10.95 test_drift_article_features_cover_table4_and_target_sh
ift
 []


Overfull \hbox (112.97151pt too wide) in paragraph at lines 226--227
[]\T1/cmr/m/n/10.95 La Sec-ción 4.2 del pa-per se ope-ra-cio-na-li-za con \T1/c
mtt/m/n/10.95 apply_missing_data_policy()\T1/cmr/m/n/10.95 , \T1/cmtt/m/n/10.95
 identify_long_zero_accident_runs()\T1/cmr/m/n/10.95 ,
 []



[23]
Overfull \hbox (159.40094pt too wide) in paragraph at lines 233--234
\T1/cmr/m/n/10.95 mo-vi-das, ven-ta-nas de-tec-ta-das y fi-las des-car-ta-das. 
La prue-ba \T1/cmtt/m/n/10.95 test_configurable_preparation_pipeline_respects_s
tage_switches
 []


Overfull \hbox (2.50038pt too wide) in paragraph at lines 236--237
[]\T1/cmr/m/n/10.95 La eta-pa de se-lec-ción usa \T1/cmtt/m/n/10.95 compute_abs
_correlations()\T1/cmr/m/n/10.95 , \T1/cmtt/m/n/10.95 drop_highly_correlated_fe
atures()
 []


Overfull \hbox (179.35541pt too wide) in paragraph at lines 242--243
\T1/cmr/m/n/10.95 per-sis-te el pay-load de se-lec-ción en el DuckDB de fea-tu-
res. La prue-ba \T1/cmtt/m/n/10.95 test_feature_selection_payload_persists_with
_feature_duckdb
 []


Overfull \hbox (7.4317pt too wide) in paragraph at lines 245--247
[]\T1/cmr/m/n/10.95 Las es-tra-te-gias dis-po-ni-bles es-tán de-fi-ni-das por \
T1/cmtt/m/n/10.95 EXPERIMENT_STRATEGIES\T1/cmr/m/n/10.95 : \T1/cmtt/m/n/10.95 s
tatic\T1/cmr/m/n/10.95 , \T1/cmtt/m/n/10.95 period_aligned\T1/cmr/m/n/10.95 ,
 []


Overfull \hbox (17.65697pt too wide) in paragraph at lines 261--262
 []\T1/cmr/bx/n/10.95 Entrenamiento batch in-terno y ca-li-bra-ción de th-resho
ld[] \T1/cmr/m/n/10.95 Las es-tra-te-gias batch, \T1/cmtt/m/n/10.95 adaptive_ad
win
 []



[24]

[25]
Overfull \hbox (69.03189pt too wide) in paragraph at lines 321--323
\T1/cmr/m/n/10.95 Los ar-te-fac-tos SMO-TE pue-den per-sis-tir-se y re-uti-li-z
ar-se por blo-que me-dian-te \T1/cmtt/m/n/10.95 _load_or_create_smote_artifact(
)\T1/cmr/m/n/10.95 . 
 []



[26]
Overfull \hbox (112.61574pt too wide) in paragraph at lines 398--399
\OML/cmm/m/it/10.95 W=W[]=W[]$\T1/cmr/m/n/10.95 . Las prue-bas \T1/cmtt/m/n/10.
95 test_run_arf_strategy_variants \T1/cmr/m/n/10.95 y \T1/cmtt/m/n/10.95 test_r
ecalibration_experiments_support_adaptive_arf
 []



[27]
Overfull \hbox (1.08308pt too wide) in paragraph at lines 421--423
\T1/cmr/m/n/10.95 Cuando eso ocu-rre, se cie-rra el seg-men-to de pre-dic-ción,
 se re-gis-tran \T1/cmtt/m/n/10.95 vote_count\T1/cmr/m/n/10.95 , \T1/cmtt/m/n/1
0.95 detected_features\T1/cmr/m/n/10.95 ,
 []


Overfull \hbox (18.52501pt too wide) in paragraph at lines 428--429
\T1/cmr/m/n/10.95 adi-cio-na-les co-mo \T1/cmtt/m/n/10.95 vote_threshold\T1/cmr
/m/n/10.95 , \T1/cmtt/m/n/10.95 monitor_feature_count\T1/cmr/m/n/10.95 , \T1/cm
tt/m/n/10.95 retrain_rows \T1/cmr/m/n/10.95 y \T1/cmtt/m/n/10.95 retrain_positi
ve_rows\T1/cmr/m/n/10.95 .
 []


Overfull \hbox (72.72339pt too wide) in paragraph at lines 428--429
\T1/cmr/m/n/10.95 Las prue-bas \T1/cmtt/m/n/10.95 test_run_kswin_strategy_varia
nts\T1/cmr/m/n/10.95 , \T1/cmtt/m/n/10.95 test_recalibration_experiments_suppor
t_adaptive_kswin
 []



[28]
Overfull \hbox (15.74277pt too wide) in paragraph at lines 440--441
\T1/cmr/m/n/10.95 blo-que: el blo-que fa-lli-do se mar-ca co-mo \T1/cmtt/m/n/10
.95 skipped_failed\T1/cmr/m/n/10.95 , su error se re-gis-tra en \T1/cmtt/m/n/10
.95 nonfatal_block_errors
 []


Overfull \hbox (113.93149pt too wide) in paragraph at lines 440--441
\T1/cmr/m/it/10.95 su-me \T1/cmr/m/n/10.95 y de omi-sión con-tro-la-da es-tá cu
-bier-to por \T1/cmtt/m/n/10.95 test_preview_recalibration_checkpoint_detects_r
esumable_manifest\T1/cmr/m/n/10.95 ,
 []


Overfull \hbox (254.69011pt too wide) in paragraph at lines 440--441
\T1/cmtt/m/n/10.95 test_recalibration_experiments_resume_from_failed_checkpoint
 \T1/cmr/m/n/10.95 y \T1/cmtt/m/n/10.95 test_recalibration_experiments_can_skip
_failed_blocks_and_continue\T1/cmr/m/n/10.95 . 
 []


Overfull \hbox (89.69106pt too wide) in paragraph at lines 442--443
\T1/cmr/m/n/10.95 co-mo el \T1/cmtt/m/n/10.95 tuning_key \T1/cmr/m/n/10.95 in-c
or-po-ran una fir-ma de ver-sión de la po-lí-ti-ca de en-tre-na-mien-to (\T1/cm
tt/m/n/10.95 NNET_TRAINING_POLICY_VERSION\T1/cmr/m/n/10.95 ).
 []


Overfull \hbox (26.53146pt too wide) in paragraph at lines 447--448
[]\T1/cmtt/m/n/10.95 yearly_results\T1/cmr/m/n/10.95 : una fi-la por split anua
l batch, con \T1/cmtt/m/n/10.95 strategy\T1/cmr/m/n/10.95 , \T1/cmtt/m/n/10.95 
prediction_year\T1/cmr/m/n/10.95 , \T1/cmtt/m/n/10.95 model\T1/cmr/m/n/10.95 , 
\T1/cmtt/m/n/10.95 balance_mode\T1/cmr/m/n/10.95 ,
 []


Overfull \hbox (0.40149pt too wide) in paragraph at lines 448--449
[]\T1/cmtt/m/n/10.95 adaptive_results\T1/cmr/m/n/10.95 : una fi-la por seg-men-
to adap-ta-ti-vo, ya sea de-li-mi-ta-do por drift AD-WIN/KSWIN
 []


Overfull \hbox (202.86592pt too wide) in paragraph at lines 458--459
\T1/cmr/m/n/10.95 Las prue-bas \T1/cmtt/m/n/10.95 test_end_to_end_recalibration
_and_average_roc\T1/cmr/m/n/10.95 , \T1/cmtt/m/n/10.95 test_recalibration_exper
iments_compare_balance_modes_end_to_end
 []



[29]
Overfull \hbox (142.21883pt too wide) in paragraph at lines 473--474
[]\T1/cmr/m/n/10.95 JSON fi-nal de re-sul-ta-dos con \T1/cmtt/m/n/10.95 _persis
t_drift_recalibration_json()\T1/cmr/m/n/10.95 , guar-da-do co-mo \T1/cmtt/m/n/1
0.95 drift_recalibration_optuna_*.json\T1/cmr/m/n/10.95 . 
 []

) (./sections/clustering_features_detail_es.tex

[30]
Overfull \hbox (148.32233pt too wide) in paragraph at lines 10--11
[]\T1/cmr/bx/n/10.95 Eliminación de Du-pli-ca-dos: \T1/cmr/m/n/10.95 Se eli-mi-
nan re-gis-tros du-pli-ca-dos con-si-de-ran-do la tu-pla $\OT1/cmr/m/n/10.95 (\
OML/cmm/m/it/10.95 Patente; Portico; Carril; Timestamp\OT1/cmr/m/n/10.95 )$\T1/
cmr/m/n/10.95 . 
 []


Package hyperref Warning: Token not allowed in a PDF string (Unicode):
(hyperref)                removing `math shift' on input line 17.


Package hyperref Warning: Token not allowed in a PDF string (Unicode):
(hyperref)                removing `subscript' on input line 17.


Package hyperref Warning: Token not allowed in a PDF string (Unicode):
(hyperref)                removing `math shift' on input line 17.


Package hyperref Warning: Token not allowed in a PDF string (Unicode):
(hyperref)                removing `math shift' on input line 26.


Package hyperref Warning: Token not allowed in a PDF string (Unicode):
(hyperref)                removing `subscript' on input line 26.


Package hyperref Warning: Token not allowed in a PDF string (Unicode):
(hyperref)                removing `math shift' on input line 26.



[31]

Package hyperref Warning: Token not allowed in a PDF string (Unicode):
(hyperref)                removing `math shift' on input line 61.


Package hyperref Warning: Token not allowed in a PDF string (Unicode):
(hyperref)                removing `subscript' on input line 61.


Package hyperref Warning: Token not allowed in a PDF string (Unicode):
(hyperref)                removing `math shift' on input line 61.


Package hyperref Warning: Token not allowed in a PDF string (Unicode):
(hyperref)                removing `math shift' on input line 66.


Package hyperref Warning: Token not allowed in a PDF string (Unicode):
(hyperref)                removing `subscript' on input line 66.


Package hyperref Warning: Token not allowed in a PDF string (Unicode):
(hyperref)                removing `math shift' on input line 66.


Package hyperref Warning: Token not allowed in a PDF string (Unicode):
(hyperref)                removing `math shift' on input line 72.


Package hyperref Warning: Token not allowed in a PDF string (Unicode):
(hyperref)                removing `subscript' on input line 72.


Package hyperref Warning: Token not allowed in a PDF string (Unicode):
(hyperref)                removing `math shift' on input line 72.


Package hyperref Warning: Token not allowed in a PDF string (Unicode):
(hyperref)                removing `math shift' on input line 77.


Package hyperref Warning: Token not allowed in a PDF string (Unicode):
(hyperref)                removing `subscript' on input line 77.


Package hyperref Warning: Token not allowed in a PDF string (Unicode):
(hyperref)                removing `math shift' on input line 77.


Package hyperref Warning: Token not allowed in a PDF string (Unicode):
(hyperref)                removing `math shift' on input line 83.


Package hyperref Warning: Token not allowed in a PDF string (Unicode):
(hyperref)                removing `subscript' on input line 83.


Package hyperref Warning: Token not allowed in a PDF string (Unicode):
(hyperref)                removing `math shift' on input line 83.



[32]

Package hyperref Warning: Token not allowed in a PDF string (Unicode):
(hyperref)                removing `math shift' on input line 89.


Package hyperref Warning: Token not allowed in a PDF string (Unicode):
(hyperref)                removing `subscript' on input line 89.


Package hyperref Warning: Token not allowed in a PDF string (Unicode):
(hyperref)                removing `math shift' on input line 89.



[33]
LaTeX Font Info:    Font shape `T1/cmtt/bx/n' in size <12> not available
(Font)              Font shape `T1/cmtt/m/n' tried instead on input line 129.
LaTeX Font Info:    Font shape `T1/cmtt/bx/n' in size <10.95> not available
(Font)              Font shape `T1/cmtt/m/n' tried instead on input line 145.

Overfull \hbox (39.86696pt too wide) in paragraph at lines 152--153
[]\T1/cmr/m/n/10.95 Se cal-cu-la la ve-lo-ci-dad pro-me-dio del flu-jo en ven-t
a-nas de 5 mi-nu-tos por pór-ti-co (\T1/cmtt/m/n/10.95 interval_speed_mean\T1/c
mr/m/n/10.95 ). 
 []



[34]) (./sections/gnn_pipeline_audit_es.tex

[35]
Overfull \hbox (68.84741pt too wide) in paragraph at lines 18--19
[]\T1/cmr/bx/n/10.95 Entrenamiento\T1/cmr/m/n/10.95 : He-te-ro-GAT + Tem-po-ra-
lAg-gre-ga-tor (op-cio-nal) (\T1/cmtt/m/n/10.95 src/gat_model.py\T1/cmr/m/n/10.
95 , \T1/cmtt/m/n/10.95 src/temporal_head.py\T1/cmr/m/n/10.95 ). 
 []


Overfull \hbox (33.93553pt too wide) in paragraph at lines 21--22
[]\T1/cmr/bx/n/10.95 Artefactos\T1/cmr/m/n/10.95 : mo-de-los, hpa-rams JSON, gr
a-fos au-men-ta-dos, his-to-rial (\T1/cmtt/m/n/10.95 Resultados/\T1/cmr/m/n/10.
95 , \T1/cmtt/m/n/10.95 gnn_history.jsonl\T1/cmr/m/n/10.95 ). 
 []


Overfull \hbox (18.84012pt too wide) in paragraph at lines 42--43
[]\T1/cmr/m/n/10.95 Generación de fea-tu-res con \T1/cmtt/m/n/10.95 compute_pm_
features \T1/cmr/m/n/10.95 (\T1/cmtt/m/n/10.95 src/features.py\T1/cmr/m/n/10.95
 ) y/o \T1/cmtt/m/n/10.95 SnapshotFeatureBuilder\T1/cmr/m/n/10.95 . 
 []



[36]

[37]
Overfull \hbox (33.1879pt too wide) in paragraph at lines 128--132
\T1/cmr/bx/n/10.95 SequenceIndex\T1/cmr/m/n/10.95 : se-cuen-cias tem-po-ra-les 
con guard band y ho-ri-zon-te fu-tu-ro (\T1/cmtt/m/n/10.95 src/snapshot_sequenc
es.py\T1/cmr/m/n/10.95 ). 
 []



[38]
Overfull \hbox (15.94797pt too wide) in paragraph at lines 149--156
[]\T1/cmr/m/n/10.95 El pi-pe-li-ne aho-ra in-cor-po-ra un \T1/cmr/bx/n/10.95 re
-gis-tro de va-rian-tes \T1/cmr/m/n/10.95 con-tro-la-do por \T1/cmtt/m/n/10.95 
src/config.py \T1/cmr/m/n/10.95 (\T1/cmtt/m/n/10.95 GNN_VARIANT\T1/cmr/m/n/10.9
5 ,
 []


Overfull \hbox (63.47594pt too wide) in paragraph at lines 149--156
\T1/cmtt/m/n/10.95 GNN_TEMPORAL_CACHE_STRATEGY\T1/cmr/m/n/10.95 ) y ma-te-ria-l
i-za-do en \T1/cmtt/m/n/10.95 src/gnn_main.py \T1/cmr/m/n/10.95 me-dian-te las 
fun-cio-nes \T1/cmtt/m/n/10.95 _build_gnn_model\T1/cmr/m/n/10.95 ,
 []


Overfull \hbox (19.20653pt too wide) in paragraph at lines 163--167
[]\T1/cmr/m/n/10.95 Todas las va-rian-tes com-par-ten el mis-mo \T1/cmtt/m/n/10
.95 SequenceIndex \T1/cmr/m/n/10.95 (cons-trui-do en \T1/cmtt/m/n/10.95 src/sna
pshot_sequences.py
 []


Overfull \hbox (64.36774pt too wide) in paragraph at lines 182--186
[]\T1/cmr/bx/n/10.95 Implementación\T1/cmr/m/n/10.95 : \T1/cmtt/m/n/10.95 src/g
at_model.py\T1/cmr/m/n/10.95 , \T1/cmtt/m/n/10.95 src/temporal_head.py\T1/cmr/m
/n/10.95 , \T1/cmtt/m/n/10.95 src/temporal_heads.py\T1/cmr/m/n/10.95 , \T1/cmtt
/m/n/10.95 src/gnn_main.py\T1/cmr/m/n/10.95 . 
 []


Overfull \hbox (39.53392pt too wide) in paragraph at lines 182--186
\T1/cmr/bx/n/10.95 Selección\T1/cmr/m/n/10.95 : me-dian-te el string \T1/cmtt/m
/n/10.95 GNN_VARIANT \T1/cmr/m/n/10.95 (nor-ma-li-za-do en \T1/cmtt/m/n/10.95 s
rc/gnn_main.py::_normalize_gnn_variant\T1/cmr/m/n/10.95 ). 
 []



[39]

[40]

[41]

[42]
Underfull \hbox (badness 10000) in paragraph at lines 354--355

 []



[43]

[44]
Overfull \hbox (39.55624pt too wide) in paragraph at lines 409--410
[]\T1/cmr/bx/n/10.95 Guardado\T1/cmr/m/n/10.95 : mo-de-los \T1/cmtt/m/n/10.95 g
at_model_BEST*.pt\T1/cmr/m/n/10.95 , \T1/cmtt/m/n/10.95 GraphSMOTE_embeddings_m
odel*.pt\T1/cmr/m/n/10.95 , si-de-car \T1/cmtt/m/n/10.95 _hparams.json\T1/cmr/m
/n/10.95 . 
 []



[45]) (./sections/mairl_implementation_es.tex

[46]

[47])

[48] (_latex_build/main_es.aux
LaTeX Info: Redefining \. on input line 11.
LaTeX Info: Redefining \% on input line 11.
)
 ***********
LaTeX2e <2024-11-01> patch level 2
L3 programming layer <2025-01-18>
 ***********
Package rerunfilecheck Info: File `main_es.out' has not changed.
(rerunfilecheck)             Checksum: 16CF00A7A6BC7BC6E11A41F210AE6455;32266.
 ) 
Here is how much of TeX's memory you used:
 12042 strings out of 473190
 185551 string characters out of 5715801
 603990 words of memory out of 5000000
 34796 multiletter control sequences out of 15000+600000
 578567 words of font info for 85 fonts, out of 8000000 for 9000
 1141 hyphenation exceptions out of 8191
 75i,12n,79p,1020b,782s stack positions out of 10000i,1000n,20000p,200000b,200000s
</usr/local/texlive/2025/texmf-dist/fonts/type1/public/amsfonts/cm/cmbx10.pfb
></usr/local/texlive/2025/texmf-dist/fonts/type1/public/amsfonts/cm/cmex10.pfb>
</usr/local/texlive/2025/texmf-dist/fonts/type1/public/amsfonts/cm/cmmi10.pfb><
/usr/local/texlive/2025/texmf-dist/fonts/type1/public/amsfonts/cm/cmmi12.pfb></
usr/local/texlive/2025/texmf-dist/fonts/type1/public/amsfonts/cm/cmmi6.pfb></us
r/local/texlive/2025/texmf-dist/fonts/type1/public/amsfonts/cm/cmmi8.pfb></usr/
local/texlive/2025/texmf-dist/fonts/type1/public/amsfonts/cm/cmr10.pfb></usr/lo
cal/texlive/2025/texmf-dist/fonts/type1/public/amsfonts/cm/cmr6.pfb></usr/local
/texlive/2025/texmf-dist/fonts/type1/public/amsfonts/cm/cmr8.pfb></usr/local/te
xlive/2025/texmf-dist/fonts/type1/public/amsfonts/cm/cmsy10.pfb></usr/local/tex
live/2025/texmf-dist/fonts/type1/public/amsfonts/cm/cmsy6.pfb></usr/local/texli
ve/2025/texmf-dist/fonts/type1/public/amsfonts/cm/cmsy8.pfb></usr/local/texlive
/2025/texmf-dist/fonts/type1/public/amsfonts/symbols/msbm10.pfb></usr/local/tex
live/2025/texmf-dist/fonts/type1/public/cm-super/sfbi1095.pfb></usr/local/texli
ve/2025/texmf-dist/fonts/type1/public/cm-super/sfbi1200.pfb></usr/local/texlive
/2025/texmf-dist/fonts/type1/public/cm-super/sfbi1440.pfb></usr/local/texlive/2
025/texmf-dist/fonts/type1/public/cm-super/sfbx1095.pfb></usr/local/texlive/202
5/texmf-dist/fonts/type1/public/cm-super/sfbx1200.pfb></usr/local/texlive/2025/
texmf-dist/fonts/type1/public/cm-super/sfbx1440.pfb></usr/local/texlive/2025/te
xmf-dist/fonts/type1/public/cm-super/sfrm0600.pfb></usr/local/texlive/2025/texm
f-dist/fonts/type1/public/cm-super/sfrm0800.pfb></usr/local/texlive/2025/texmf-
dist/fonts/type1/public/cm-super/sfrm1095.pfb></usr/local/texlive/2025/texmf-di
st/fonts/type1/public/cm-super/sfrm1200.pfb></usr/local/texlive/2025/texmf-dist
/fonts/type1/public/cm-super/sfrm1728.pfb></usr/local/texlive/2025/texmf-dist/f
onts/type1/public/cm-super/sfti1095.pfb></usr/local/texlive/2025/texmf-dist/fon
ts/type1/public/cm-super/sftt1095.pfb></usr/local/texlive/2025/texmf-dist/fonts
/type1/public/cm-super/sftt1200.pfb>
Output written on _latex_build/main_es.pdf (48 pages, 633180 bytes).
PDF statistics:
 1362 PDF objects out of 1440 (max. 8388607)
 1241 compressed objects within 13 object streams
 342 named destinations out of 1000 (max. 500000)
 1249 words of extra memory for PDF output out of 10000 (max. 10000000)

