This is pdfTeX, Version 3.141592653-2.6-1.40.27 (TeX Live 2025) (preloaded format=pdflatex 2025.3.8)  23 MAR 2026 20:17
entering extended mode
 restricted \write18 enabled.
 %&-line parsing enabled.
**docs/main_en.tex
(./docs/main_en.tex
LaTeX2e <2024-11-01> patch level 2
L3 programming layer <2025-01-18>
(/usr/local/texlive/2025/texmf-dist/tex/latex/base/article.cls
Document Class: article 2024/06/29 v1.4n Standard LaTeX document class
(/usr/local/texlive/2025/texmf-dist/tex/latex/base/size11.clo
File: size11.clo 2024/06/29 v1.4n Standard LaTeX file (size option)
)
\c@part=\count196
\c@section=\count197
\c@subsection=\count198
\c@subsubsection=\count199
\c@paragraph=\count266
\c@subparagraph=\count267
\c@figure=\count268
\c@table=\count269
\abovecaptionskip=\skip49
\belowcaptionskip=\skip50
\bibindent=\dimen141
)
(/usr/local/texlive/2025/texmf-dist/tex/latex/base/fontenc.sty
Package: fontenc 2021/04/29 v2.0v Standard LaTeX package
)
(/usr/local/texlive/2025/texmf-dist/tex/latex/base/inputenc.sty
Package: inputenc 2024/02/08 v1.3d Input encoding file
\inpenc@prehook=\toks17
\inpenc@posthook=\toks18
)
(/usr/local/texlive/2025/texmf-dist/tex/generic/babel/babel.sty
Package: babel 2025/02/14 v25.4 The multilingual framework for pdfLaTeX, LuaLaT
eX and XeLaTeX
\babel@savecnt=\count270
\U@D=\dimen142
\l@unhyphenated=\language90

(/usr/local/texlive/2025/texmf-dist/tex/generic/babel/txtbabel.def)
\bbl@readstream=\read2
\bbl@dirlevel=\count271

(/usr/local/texlive/2025/texmf-dist/tex/generic/babel-english/english.ldf
Language: english 2017/06/06 v3.3r English support from the babel system
Package babel Info: Hyphen rules for 'canadian' set to \l@english
(babel)             (\language0). Reported on input line 102.
Package babel Info: Hyphen rules for 'australian' set to \l@ukenglish
(babel)             (\language22). Reported on input line 105.
Package babel Info: Hyphen rules for 'newzealand' set to \l@ukenglish
(babel)             (\language22). Reported on input line 108.
))
(/usr/local/texlive/2025/texmf-dist/tex/generic/babel/locale/en/babel-english.t
ex
Package babel Info: Importing font and identification data for english
(babel)             from babel-en.ini. Reported on input line 11.
) (/usr/local/texlive/2025/texmf-dist/tex/latex/amsmath/amsmath.sty
Package: amsmath 2024/11/05 v2.17t AMS math features
\@mathmargin=\skip51

For additional information on amsmath, use the `?' option.
(/usr/local/texlive/2025/texmf-dist/tex/latex/amsmath/amstext.sty
Package: amstext 2021/08/26 v2.01 AMS text

(/usr/local/texlive/2025/texmf-dist/tex/latex/amsmath/amsgen.sty
File: amsgen.sty 1999/11/30 v2.0 generic functions
\@emptytoks=\toks19
\ex@=\dimen143
))
(/usr/local/texlive/2025/texmf-dist/tex/latex/amsmath/amsbsy.sty
Package: amsbsy 1999/11/29 v1.2d Bold Symbols
\pmbraise@=\dimen144
)
(/usr/local/texlive/2025/texmf-dist/tex/latex/amsmath/amsopn.sty
Package: amsopn 2022/04/08 v2.04 operator names
)
\inf@bad=\count272
LaTeX Info: Redefining \frac on input line 233.
\uproot@=\count273
\leftroot@=\count274
LaTeX Info: Redefining \overline on input line 398.
LaTeX Info: Redefining \colon on input line 409.
\classnum@=\count275
\DOTSCASE@=\count276
LaTeX Info: Redefining \ldots on input line 495.
LaTeX Info: Redefining \dots on input line 498.
LaTeX Info: Redefining \cdots on input line 619.
\Mathstrutbox@=\box52
\strutbox@=\box53
LaTeX Info: Redefining \big on input line 721.
LaTeX Info: Redefining \Big on input line 722.
LaTeX Info: Redefining \bigg on input line 723.
LaTeX Info: Redefining \Bigg on input line 724.
\big@size=\dimen145
LaTeX Font Info:    Redeclaring font encoding OML on input line 742.
LaTeX Font Info:    Redeclaring font encoding OMS on input line 743.
\macc@depth=\count277
LaTeX Info: Redefining \bmod on input line 904.
LaTeX Info: Redefining \pmod on input line 909.
LaTeX Info: Redefining \smash on input line 939.
LaTeX Info: Redefining \relbar on input line 969.
LaTeX Info: Redefining \Relbar on input line 970.
\c@MaxMatrixCols=\count278
\dotsspace@=\muskip17
\c@parentequation=\count279
\dspbrk@lvl=\count280
\tag@help=\toks20
\row@=\count281
\column@=\count282
\maxfields@=\count283
\andhelp@=\toks21
\eqnshift@=\dimen146
\alignsep@=\dimen147
\tagshift@=\dimen148
\tagwidth@=\dimen149
\totwidth@=\dimen150
\lineht@=\dimen151
\@envbody=\toks22
\multlinegap=\skip52
\multlinetaggap=\skip53
\mathdisplay@stack=\toks23
LaTeX Info: Redefining \[ on input line 2953.
LaTeX Info: Redefining \] on input line 2954.
)
(/usr/local/texlive/2025/texmf-dist/tex/latex/amsfonts/amssymb.sty
Package: amssymb 2013/01/14 v3.01 AMS font symbols

(/usr/local/texlive/2025/texmf-dist/tex/latex/amsfonts/amsfonts.sty
Package: amsfonts 2013/01/14 v3.01 Basic AMSFonts support
\symAMSa=\mathgroup4
\symAMSb=\mathgroup5
LaTeX Font Info:    Redeclaring math symbol \hbar on input line 98.
LaTeX Font Info:    Overwriting math alphabet `\mathfrak' in version `bold'
(Font)                  U/euf/m/n --> U/euf/b/n on input line 106.
))
(/usr/local/texlive/2025/texmf-dist/tex/latex/booktabs/booktabs.sty
Package: booktabs 2020/01/12 v1.61803398 Publication quality tables
\heavyrulewidth=\dimen152
\lightrulewidth=\dimen153
\cmidrulewidth=\dimen154
\belowrulesep=\dimen155
\belowbottomsep=\dimen156
\aboverulesep=\dimen157
\abovetopsep=\dimen158
\cmidrulesep=\dimen159
\cmidrulekern=\dimen160
\defaultaddspace=\dimen161
\@cmidla=\count284
\@cmidlb=\count285
\@aboverulesep=\dimen162
\@belowrulesep=\dimen163
\@thisruleclass=\count286
\@lastruleclass=\count287
\@thisrulewidth=\dimen164
)
(/usr/local/texlive/2025/texmf-dist/tex/latex/enumitem/enumitem.sty
Package: enumitem 2025/02/06 v3.11 Customized lists
\enitkv@toks@=\toks24
\labelindent=\skip54
\enit@outerparindent=\dimen165
\enit@toks=\toks25
\enit@inbox=\box54
\enit@count@id=\count288
\enitdp@description=\count289
)
(/usr/local/texlive/2025/texmf-dist/tex/latex/hyperref/hyperref.sty
Package: hyperref 2024-11-05 v7.01l Hypertext links for LaTeX

(/usr/local/texlive/2025/texmf-dist/tex/generic/iftex/iftex.sty
Package: iftex 2024/12/12 v1.0g TeX engine tests
)
(/usr/local/texlive/2025/texmf-dist/tex/latex/graphics/keyval.sty
Package: keyval 2022/05/29 v1.15 key=value parser (DPC)
\KV@toks@=\toks26
)
(/usr/local/texlive/2025/texmf-dist/tex/latex/kvsetkeys/kvsetkeys.sty
Package: kvsetkeys 2022-10-05 v1.19 Key value parser (HO)
)
(/usr/local/texlive/2025/texmf-dist/tex/generic/kvdefinekeys/kvdefinekeys.sty
Package: kvdefinekeys 2019-12-19 v1.6 Define keys (HO)
)
(/usr/local/texlive/2025/texmf-dist/tex/generic/pdfescape/pdfescape.sty
Package: pdfescape 2019/12/09 v1.15 Implements pdfTeX's escape features (HO)

(/usr/local/texlive/2025/texmf-dist/tex/generic/ltxcmds/ltxcmds.sty
Package: ltxcmds 2023-12-04 v1.26 LaTeX kernel commands for general use (HO)
)
(/usr/local/texlive/2025/texmf-dist/tex/generic/pdftexcmds/pdftexcmds.sty
Package: pdftexcmds 2020-06-27 v0.33 Utility functions of pdfTeX for LuaTeX (HO
)

(/usr/local/texlive/2025/texmf-dist/tex/generic/infwarerr/infwarerr.sty
Package: infwarerr 2019/12/03 v1.5 Providing info/warning/error messages (HO)
)
Package pdftexcmds Info: \pdf@primitive is available.
Package pdftexcmds Info: \pdf@ifprimitive is available.
Package pdftexcmds Info: \pdfdraftmode found.
))
(/usr/local/texlive/2025/texmf-dist/tex/latex/hycolor/hycolor.sty
Package: hycolor 2020-01-27 v1.10 Color options for hyperref/bookmark (HO)
)
(/usr/local/texlive/2025/texmf-dist/tex/latex/hyperref/nameref.sty
Package: nameref 2023-11-26 v2.56 Cross-referencing by name of section

(/usr/local/texlive/2025/texmf-dist/tex/latex/refcount/refcount.sty
Package: refcount 2019/12/15 v3.6 Data extraction from label references (HO)
)
(/usr/local/texlive/2025/texmf-dist/tex/generic/gettitlestring/gettitlestring.s
ty
Package: gettitlestring 2019/12/15 v1.6 Cleanup title references (HO)
 (/usr/local/texlive/2025/texmf-dist/tex/latex/kvoptions/kvoptions.sty
Package: kvoptions 2022-06-15 v3.15 Key value format for package options (HO)
))
\c@section@level=\count290
)
(/usr/local/texlive/2025/texmf-dist/tex/latex/etoolbox/etoolbox.sty
Package: etoolbox 2025/02/11 v2.5l e-TeX tools for LaTeX (JAW)
\etb@tempcnta=\count291
)
(/usr/local/texlive/2025/texmf-dist/tex/generic/stringenc/stringenc.sty
Package: stringenc 2019/11/29 v1.12 Convert strings between diff. encodings (HO
)
)
\@linkdim=\dimen166
\Hy@linkcounter=\count292
\Hy@pagecounter=\count293

(/usr/local/texlive/2025/texmf-dist/tex/latex/hyperref/pd1enc.def
File: pd1enc.def 2024-11-05 v7.01l Hyperref: PDFDocEncoding definition (HO)
Now handling font encoding PD1 ...
... no UTF-8 mapping file for font encoding PD1
)
(/usr/local/texlive/2025/texmf-dist/tex/generic/intcalc/intcalc.sty
Package: intcalc 2019/12/15 v1.3 Expandable calculations with integers (HO)
)
\Hy@SavedSpaceFactor=\count294

(/usr/local/texlive/2025/texmf-dist/tex/latex/hyperref/puenc.def
File: puenc.def 2024-11-05 v7.01l Hyperref: PDF Unicode definition (HO)
Now handling font encoding PU ...
... no UTF-8 mapping file for font encoding PU
)
Package hyperref Info: Hyper figures OFF on input line 4157.
Package hyperref Info: Link nesting OFF on input line 4162.
Package hyperref Info: Hyper index ON on input line 4165.
Package hyperref Info: Plain pages OFF on input line 4172.
Package hyperref Info: Backreferencing OFF on input line 4177.
Package hyperref Info: Implicit mode ON; LaTeX internals redefined.
Package hyperref Info: Bookmarks ON on input line 4424.
\c@Hy@tempcnt=\count295

(/usr/local/texlive/2025/texmf-dist/tex/latex/url/url.sty
\Urlmuskip=\muskip18
Package: url 2013/09/16  ver 3.4  Verb mode for urls, etc.
)
LaTeX Info: Redefining \url on input line 4763.
\XeTeXLinkMargin=\dimen167

(/usr/local/texlive/2025/texmf-dist/tex/generic/bitset/bitset.sty
Package: bitset 2019/12/09 v1.3 Handle bit-vector datatype (HO)

(/usr/local/texlive/2025/texmf-dist/tex/generic/bigintcalc/bigintcalc.sty
Package: bigintcalc 2019/12/15 v1.5 Expandable calculations on big integers (HO
)
))
\Fld@menulength=\count296
\Field@Width=\dimen168
\Fld@charsize=\dimen169
Package hyperref Info: Hyper figures OFF on input line 6042.
Package hyperref Info: Link nesting OFF on input line 6047.
Package hyperref Info: Hyper index ON on input line 6050.
Package hyperref Info: backreferencing OFF on input line 6057.
Package hyperref Info: Link coloring OFF on input line 6062.
Package hyperref Info: Link coloring with OCG OFF on input line 6067.
Package hyperref Info: PDF/A mode OFF on input line 6072.

(/usr/local/texlive/2025/texmf-dist/tex/latex/base/atbegshi-ltx.sty
Package: atbegshi-ltx 2021/01/10 v1.0c Emulation of the original atbegshi
package with kernel methods
)
\Hy@abspage=\count297
\c@Item=\count298
\c@Hfootnote=\count299
)
Package hyperref Info: Driver (autodetected): hpdftex.

(/usr/local/texlive/2025/texmf-dist/tex/latex/hyperref/hpdftex.def
File: hpdftex.def 2024-11-05 v7.01l Hyperref driver for pdfTeX

(/usr/local/texlive/2025/texmf-dist/tex/latex/base/atveryend-ltx.sty
Package: atveryend-ltx 2020/08/19 v1.0a Emulation of the original atveryend pac
kage
with kernel methods
)
\Fld@listcount=\count300
\c@bookmark@seq@number=\count301

(/usr/local/texlive/2025/texmf-dist/tex/latex/rerunfilecheck/rerunfilecheck.sty
Package: rerunfilecheck 2022-07-10 v1.10 Rerun checks for auxiliary files (HO)

(/usr/local/texlive/2025/texmf-dist/tex/generic/uniquecounter/uniquecounter.sty
Package: uniquecounter 2019/12/15 v1.4 Provide unlimited unique counter (HO)
)
Package uniquecounter Info: New unique counter `rerunfilecheck' on input line 2
85.
)
\Hy@SectionHShift=\skip55
) (/usr/local/texlive/2025/texmf-dist/tex/latex/geometry/geometry.sty
Package: geometry 2020/01/02 v5.9 Page Geometry

(/usr/local/texlive/2025/texmf-dist/tex/generic/iftex/ifvtex.sty
Package: ifvtex 2019/10/25 v1.7 ifvtex legacy package. Use iftex instead.
)
\Gm@cnth=\count302
\Gm@cntv=\count303
\c@Gm@tempcnt=\count304
\Gm@bindingoffset=\dimen170
\Gm@wd@mp=\dimen171
\Gm@odd@mp=\dimen172
\Gm@even@mp=\dimen173
\Gm@layoutwidth=\dimen174
\Gm@layoutheight=\dimen175
\Gm@layouthoffset=\dimen176
\Gm@layoutvoffset=\dimen177
\Gm@dimlist=\toks27
)
(/usr/local/texlive/2025/texmf-dist/tex/latex/l3backend/l3backend-pdftex.def
File: l3backend-pdftex.def 2024-05-08 L3 backend support: PDF output (pdfTeX)
\l__color_backend_stack_int=\count305
\l__pdf_internal_box=\box55
)
(docs/_latex_build/main_en.aux)
\openout1 = `main_en.aux'.

LaTeX Font Info:    Checking defaults for OML/cmm/m/it on input line 20.
LaTeX Font Info:    ... okay on input line 20.
LaTeX Font Info:    Checking defaults for OMS/cmsy/m/n on input line 20.
LaTeX Font Info:    ... okay on input line 20.
LaTeX Font Info:    Checking defaults for OT1/cmr/m/n on input line 20.
LaTeX Font Info:    ... okay on input line 20.
LaTeX Font Info:    Checking defaults for T1/cmr/m/n on input line 20.
LaTeX Font Info:    ... okay on input line 20.
LaTeX Font Info:    Checking defaults for TS1/cmr/m/n on input line 20.
LaTeX Font Info:    ... okay on input line 20.
LaTeX Font Info:    Checking defaults for OMX/cmex/m/n on input line 20.
LaTeX Font Info:    ... okay on input line 20.
LaTeX Font Info:    Checking defaults for U/cmr/m/n on input line 20.
LaTeX Font Info:    ... okay on input line 20.
LaTeX Font Info:    Checking defaults for PD1/pdf/m/n on input line 20.
LaTeX Font Info:    ... okay on input line 20.
LaTeX Font Info:    Checking defaults for PU/pdf/m/n on input line 20.
LaTeX Font Info:    ... okay on input line 20.
Package hyperref Info: Link coloring OFF on input line 20.
 (docs/_latex_build/main_en.out)
(docs/_latex_build/main_en.out)
\@outlinefile=\write3
\openout3 = `main_en.out'.


*geometry* driver: auto-detecting
*geometry* detected driver: pdftex
*geometry* verbose mode - [ preamble ] result:
* driver: pdftex
* paper: <default>
* layout: <same size as paper>
* layoutoffset:(h,v)=(0.0pt,0.0pt)
* modes: 
* h-part:(L,W,R)=(71.13188pt, 472.03123pt, 71.13188pt)
* v-part:(T,H,B)=(71.13188pt, 652.70622pt, 71.13188pt)
* \paperwidth=614.295pt
* \paperheight=794.96999pt
* \textwidth=472.03123pt
* \textheight=652.70622pt
* \oddsidemargin=-1.1381pt
* \evensidemargin=-1.1381pt
* \topmargin=-38.1381pt
* \headheight=12.0pt
* \headsep=25.0pt
* \topskip=11.0pt
* \footskip=30.0pt
* \marginparwidth=59.0pt
* \marginparsep=10.0pt
* \columnsep=10.0pt
* \skip\footins=10.0pt plus 4.0pt minus 2.0pt
* \hoffset=0.0pt
* \voffset=0.0pt
* \mag=1000
* \@twocolumnfalse
* \@twosidefalse
* \@mparswitchfalse
* \@reversemarginfalse
* (1in=72.27pt=25.4mm, 1cm=28.453pt)

LaTeX Font Info:    Trying to load font information for U+msa on input line 22.

(/usr/local/texlive/2025/texmf-dist/tex/latex/amsfonts/umsa.fd
File: umsa.fd 2013/01/14 v3.01 AMS symbols A
)
LaTeX Font Info:    Trying to load font information for U+msb on input line 22.


(/usr/local/texlive/2025/texmf-dist/tex/latex/amsfonts/umsb.fd
File: umsb.fd 2013/01/14 v3.01 AMS symbols B
)
(docs/_latex_build/main_en.toc

[1

{/usr/local/texlive/2025/texmf-var/fonts/map/pdftex/updmap/pdftex.map}{/usr/loc
al/texlive/2025/texmf-dist/fonts/enc/dvips/cm-super/cm-super-t1.enc}]

[2]

[3{/usr/local/texlive/2025/texmf-dist/fonts/enc/dvips/cm-super/cm-super-ts1.enc
}])
\tf@toc=\write4
\openout4 = `main_en.toc'.

 (./docs/sections/clustering_en.tex

[4]
Overfull \hbox (2.98209pt too wide) in paragraph at lines 33--34
\T1/cmr/m/n/10.95 passes. In the im-ple-men-ta-tion, these vari-ables are store
d in \T1/cmtt/m/n/10.95 Resultados/cluster_features*.duckdb
 []



[5]
Overfull \hbox (66.24342pt too wide) detected at line 108
\OML/cmm/m/it/10.95 n[] \OT1/cmr/m/n/10.95 = [] \OML/cmm/m/it/10.95 ;  n[] \OT1
/cmr/m/n/10.95 = [] \OML/cmm/m/it/10.95 ;  n[] \OT1/cmr/m/n/10.95 = [] \OML/cmm
/m/it/10.95 :
 []



[6]

[7]) (./docs/sections/accident_prediction_en.tex

[8]
Overfull \hbox (24.50195pt too wide) in paragraph at lines 35--38
\T1/cmr/m/n/10.95 Finally, a wide ma-trix is con-structed with columns of the f
orm \T1/cmtt/m/n/10.95 flow_<cat>\T1/cmr/m/n/10.95 , \T1/cmtt/m/n/10.95 speed_<
cat>\T1/cmr/m/n/10.95 , \T1/cmtt/m/n/10.95 density_<cat>\T1/cmr/m/n/10.95 ,
 []



[9]
Overfull \hbox (16.90701pt too wide) in paragraph at lines 71--72
[]\T1/cmr/m/n/10.95 (Optional) Com-pute clus-ter vari-ables by $\OT1/cmr/m/n/10
.95 (\OML/cmm/m/it/10.95 p; ^^\\OT1/cmr/m/n/10.95 )$ \T1/cmr/m/n/10.95 and join
 them by key \T1/cmtt/m/n/10.95 (portico, interval_start)\T1/cmr/m/n/10.95 . 
 []



[10]
Overfull \hbox (33.78877pt too wide) in paragraph at lines 114--115
 []\T1/cmr/bx/n/10.95 Feature im-por-tance[] \T1/cmr/m/n/10.95 An im-por-tance 
rank-ing is com-puted with Ran-dom For-est (\T1/cmtt/m/n/10.95 feature_importan
ces_\T1/cmr/m/n/10.95 )
 []

) (./docs/sections/drift_detection_en.tex

[11]
Overfull \hbox (33.91792pt too wide) in paragraph at lines 16--17
\T1/cmr/m/n/10.95 ad-di-tion, the fo-cus cor-ri-dor is con-strained to the fixe
d gantry set \T1/cmtt/m/n/10.95 11, 12, 14, 15 \T1/cmr/m/n/10.95 (\T1/cmtt/m/n/
10.95 DRIFT_FOCUS_PORTICOS\T1/cmr/m/n/10.95 ),
 []


Overfull \hbox (1.69348pt too wide) in paragraph at lines 19--20
\T1/cmr/m/n/10.95 re-lies on \T1/cmtt/m/n/10.95 Datos/Porticos.csv \T1/cmr/m/n/
10.95 for geospa-tial map-ping and gantry re-la-tion-ships via \T1/cmtt/m/n/10.
95 load_porticos()\T1/cmr/m/n/10.95 ,
 []


Overfull \hbox (14.48195pt too wide) in paragraph at lines 30--31
\T1/cmr/m/n/10.95 The \T1/cmtt/m/n/10.95 main() \T1/cmr/m/n/10.95 func-tion cre
-ates six tabs with the ac-tual la-bels \T1/cmtt/m/n/10.95 Blueprint\T1/cmr/m/n
/10.95 , \T1/cmtt/m/n/10.95 Eventos\T1/cmr/m/n/10.95 , \T1/cmtt/m/n/10.95 Featu
re engineering\T1/cmr/m/n/10.95 ,
 []



[12]
Overfull \hbox (1.54054pt too wide) in paragraph at lines 42--43
 []\T1/cmr/bx/n/10.95 Feature Se-lec-tion[] \T1/cmtt/m/n/10.95 _render_feature_
selection_tab() \T1/cmr/m/n/10.95 runs cor-re-la-tion fil-ter-ing, Random-Fores
t
 []


Overfull \hbox (74.78091pt too wide) in paragraph at lines 51--52
\T1/cmr/m/n/10.95 Feature en-gi-neer-ing is cen-tered on \T1/cmtt/m/n/10.95 _co
mpute_drift_article_features()\T1/cmr/m/n/10.95 , sup-ported by \T1/cmtt/m/n/10
.95 feature_catalog_table()
 []


Overfull \hbox (52.9123pt too wide) in paragraph at lines 69--71
\OML/cmm/m/it/10.95 p[]$\T1/cmr/m/n/10.95 , and lane $\OML/cmm/m/it/10.95 `[]$\
T1/cmr/m/n/10.95 . The app maps \T1/cmtt/m/n/10.95 CATEGORIA \T1/cmr/m/n/10.95 
to \T1/cmtt/m/n/10.95 Light/Heavy/Motorcycle \T1/cmr/m/n/10.95 through \T1/cmtt
/m/n/10.95 DRIFT_ARTICLE_CATEGORY_MAP\T1/cmr/m/n/10.95 ,
 []



[13]

[14]
Overfull \hbox (1.51105pt too wide) in paragraph at lines 169--170
\T1/cmr/m/n/10.95 and cat-e-gory $\OML/cmm/m/it/10.95 c$\T1/cmr/m/n/10.95 . Fro
m that set the code builds columns such as \T1/cmtt/m/n/10.95 flow_light_15_14\
T1/cmr/m/n/10.95 , \T1/cmtt/m/n/10.95 vel_heavy_14_12\T1/cmr/m/n/10.95 ,
 []



[15]
Overfull \hbox (198.47757pt too wide) in paragraph at lines 211--212
\T1/cmr/m/n/10.95 and deltas are reini-tial-ized at batch bound-aries with $\OT
1/cmr/m/n/10.95 0$ \T1/cmr/m/n/10.95 or \T1/cmtt/m/n/10.95 NaN\T1/cmr/m/n/10.95
 ; this is cov-ered by \T1/cmtt/m/n/10.95 test_drift_batched_flow_features_duck
db_consistency\T1/cmr/m/n/10.95 . 
 []



[16]
Overfull \hbox (20.14696pt too wide) in paragraph at lines 222--224
\T1/cmr/m/n/10.95 the next 5-minute in-ter-val. The test \T1/cmtt/m/n/10.95 tes
t_drift_article_features_cover_table4_and_target_shift
 []


Overfull \hbox (89.85771pt too wide) in paragraph at lines 226--227
\T1/cmr/m/n/10.95 Paper Sec-tion 4.2 is op-er-a-tional-ized through \T1/cmtt/m/
n/10.95 apply_missing_data_policy()\T1/cmr/m/n/10.95 , \T1/cmtt/m/n/10.95 ident
ify_long_zero_accident_runs()\T1/cmr/m/n/10.95 ,
 []


Overfull \hbox (133.85304pt too wide) in paragraph at lines 233--234
\T1/cmr/m/n/10.95 ables, de-tected win-dows, and dis-carded rows. The test \T1/
cmtt/m/n/10.95 test_configurable_preparation_pipeline_respects_stage_switches
 []


Overfull \hbox (11.08385pt too wide) in paragraph at lines 245--247
\T1/cmtt/m/n/10.95 adaptive_adwin\T1/cmr/m/n/10.95 , \T1/cmtt/m/n/10.95 adaptiv
e_arf\T1/cmr/m/n/10.95 , and \T1/cmtt/m/n/10.95 adaptive_kswin\T1/cmr/m/n/10.95
 . Batch mod-els sup-ported through \T1/cmtt/m/n/10.95 MODEL_NAMES
 []


Overfull \hbox (6.84718pt too wide) in paragraph at lines 245--247
\T1/cmr/m/n/10.95 are \T1/cmtt/m/n/10.95 XGBoost\T1/cmr/m/n/10.95 , \T1/cmtt/m/
n/10.95 AdaBoost\T1/cmr/m/n/10.95 , \T1/cmtt/m/n/10.95 Random Forest\T1/cmr/m/n
/10.95 , and \T1/cmtt/m/n/10.95 NNet\T1/cmr/m/n/10.95 ; on-line vari-ants are \
T1/cmtt/m/n/10.95 ARFmoderate\T1/cmr/m/n/10.95 , \T1/cmtt/m/n/10.95 ARFmaj\T1/c
mr/m/n/10.95 , \T1/cmtt/m/n/10.95 ARFfast\T1/cmr/m/n/10.95 ,
 []



[17]

[18]
Overfull \hbox (27.36551pt too wide) in paragraph at lines 307--308
\T1/cmtt/m/n/10.95 maxit \T1/cmr/m/n/10.95 grid is tight-ened to $\OMS/cmsy/m/n
/10.95 f\OT1/cmr/m/n/10.95 300\OML/cmm/m/it/10.95 ; \OT1/cmr/m/n/10.95 500\OMS/
cmsy/m/n/10.95 g$ \T1/cmr/m/n/10.95 in \T1/cmr/m/it/10.95 fast mode \T1/cmr/m/n
/10.95 and to $\OMS/cmsy/m/n/10.95 f\OT1/cmr/m/n/10.95 300\OML/cmm/m/it/10.95 ;
 \OT1/cmr/m/n/10.95 500\OML/cmm/m/it/10.95 ; \OT1/cmr/m/n/10.95 800\OMS/cmsy/m/
n/10.95 g$ \T1/cmr/m/n/10.95 in full mode. \T1/cmtt/m/n/10.95 ConvergenceWarnin
g
 []


Overfull \hbox (32.16109pt too wide) in paragraph at lines 321--323
\T1/cmr/m/n/10.95 SMOTE ar-ti-facts may be per-sisted and reused at block level
 through \T1/cmtt/m/n/10.95 _load_or_create_smote_artifact()\T1/cmr/m/n/10.95 .
 
 []


Overfull \hbox (145.14969pt too wide) in paragraph at lines 338--340
\T1/cmr/m/n/10.95 avoid re-dun-dant tun-ing and re-fit-ting; this be-hav-ior is
 val-i-dated by \T1/cmtt/m/n/10.95 test_run_yearly_strategy_reuses_static_train
ing_bundle\T1/cmr/m/n/10.95 . 
 []



[19]

[20]
Overfull \hbox (101.92026pt too wide) in paragraph at lines 395--396
\T1/cmr/m/n/10.95 win-dows. The tests \T1/cmtt/m/n/10.95 test_run_arf_strategy_
variants \T1/cmr/m/n/10.95 and \T1/cmtt/m/n/10.95 test_recalibration_experiment
s_support_adaptive_arf
 []


Overfull \hbox (64.19989pt too wide) in paragraph at lines 418--420
\T1/cmr/m/n/10.95 When that hap-pens, the pre-dic-tion seg-ment is closed, \T1/
cmtt/m/n/10.95 vote_count\T1/cmr/m/n/10.95 , \T1/cmtt/m/n/10.95 detected_featur
es\T1/cmr/m/n/10.95 , and \T1/cmtt/m/n/10.95 monitored_features
 []


Overfull \hbox (63.13922pt too wide) in paragraph at lines 425--426
\T1/cmr/m/n/10.95 The tests \T1/cmtt/m/n/10.95 test_run_kswin_strategy_variants
\T1/cmr/m/n/10.95 , \T1/cmtt/m/n/10.95 test_recalibration_experiments_support_a
daptive_kswin\T1/cmr/m/n/10.95 ,
 []


Overfull \hbox (0.36893pt too wide) in paragraph at lines 425--426
\T1/cmr/m/n/10.95 and \T1/cmtt/m/n/10.95 test_kswin_optuna_studies_capture_base
_and_retrains_with_balance_mode \T1/cmr/m/n/10.95 val-i-date that
 []



[21]
Overfull \hbox (95.15363pt too wide) in paragraph at lines 437--438
\T1/cmr/m/n/10.95 tun-ing/SMOTE ar-ti-facts; this is cov-ered by \T1/cmtt/m/n/1
0.95 test_preview_recalibration_checkpoint_detects_resumable_manifest
 []


Overfull \hbox (49.83429pt too wide) in paragraph at lines 439--440
\T1/cmr/m/n/10.95 and \T1/cmtt/m/n/10.95 tuning_key \T1/cmr/m/n/10.95 in-clude 
an ex-plicit ver-sion sig-na-ture for the train-ing pol-icy (\T1/cmtt/m/n/10.95
 NNET_TRAINING_POLICY_VERSION\T1/cmr/m/n/10.95 ).
 []


Overfull \hbox (31.53758pt too wide) in paragraph at lines 446--447
[]\T1/cmtt/m/n/10.95 summary\T1/cmr/m/n/10.95 : mean met-rics by $\OT1/cmr/m/n/
10.95 ([]\OML/cmm/m/it/10.95 ; []; []\OT1/cmr/m/n/10.95 )$\T1/cmr/m/n/10.95 , i
n-clud-ing \T1/cmtt/m/n/10.95 n_segments \T1/cmr/m/n/10.95 and \T1/cmtt/m/n/10.
95 n_repetitions\T1/cmr/m/n/10.95 ; 
 []


Overfull \hbox (4.31229pt too wide) in paragraph at lines 448--449
[]\T1/cmtt/m/n/10.95 appendix_tables_mean\T1/cmr/m/n/10.95 : the same ta-bles a
v-er-aged across se-quen-tial seeds, en-riched with \T1/cmtt/m/n/10.95 seed_lis
t
 []



[22]
Overfull \hbox (193.28175pt too wide) in paragraph at lines 455--456
\T1/cmr/m/n/10.95 The tests \T1/cmtt/m/n/10.95 test_end_to_end_recalibration_an
d_average_roc\T1/cmr/m/n/10.95 , \T1/cmtt/m/n/10.95 test_recalibration_experime
nts_compare_balance_modes_end_to_end\T1/cmr/m/n/10.95 ,
 []


Overfull \hbox (2.54697pt too wide) in paragraph at lines 455--456
\T1/cmr/m/n/10.95 and \T1/cmtt/m/n/10.95 test_recalibration_experiments_persist
_optuna_json \T1/cmr/m/n/10.95 ver-ify pre-cisely that this re-sult pack-
 []


Overfull \hbox (24.36642pt too wide) in paragraph at lines 458--459
\T1/cmr/m/n/10.95 Evaluation uses four base met-rics com-puted by \T1/cmtt/m/n/
10.95 compute_classification_metrics()\T1/cmr/m/n/10.95 : \T1/cmtt/m/n/10.95 au
c\T1/cmr/m/n/10.95 , \T1/cmtt/m/n/10.95 sensitivity\T1/cmr/m/n/10.95 ,
 []


Overfull \hbox (1.4153pt too wide) in paragraph at lines 469--470
[]\T1/cmr/m/n/10.95 per-run check-points un-der \T1/cmtt/m/n/10.95 Resultados/d
rift_recalibration_runs/\T1/cmr/m/n/10.95 , con-tain-ing \T1/cmtt/m/n/10.95 man
ifest.json\T1/cmr/m/n/10.95 ,
 []


Overfull \hbox (96.85599pt too wide) in paragraph at lines 470--471
[]\T1/cmr/m/n/10.95 the fi-nal re-sults JSON writ-ten by \T1/cmtt/m/n/10.95 _pe
rsist_drift_recalibration_json() \T1/cmr/m/n/10.95 as \T1/cmtt/m/n/10.95 drift_
recalibration_optuna_*.json\T1/cmr/m/n/10.95 . 
 []



[23]) (./docs/sections/clustering_features_detail_en.tex
Overfull \hbox (79.07643pt too wide) in paragraph at lines 10--11
[]\T1/cmr/bx/n/10.95 Duplicate Re-moval: \T1/cmr/m/n/10.95 Du-pli-cate records 
are re-moved con-sid-er-ing the tu-ple $\OT1/cmr/m/n/10.95 (\OML/cmm/m/it/10.95
 Plate; Gantry; Lane; Timestamp\OT1/cmr/m/n/10.95 )$\T1/cmr/m/n/10.95 . 
 []


Package hyperref Warning: Token not allowed in a PDF string (Unicode):
(hyperref)                removing `math shift' on input line 17.


Package hyperref Warning: Token not allowed in a PDF string (Unicode):
(hyperref)                removing `subscript' on input line 17.


Package hyperref Warning: Token not allowed in a PDF string (Unicode):
(hyperref)                removing `math shift' on input line 17.


Package hyperref Warning: Token not allowed in a PDF string (Unicode):
(hyperref)                removing `math shift' on input line 26.


Package hyperref Warning: Token not allowed in a PDF string (Unicode):
(hyperref)                removing `subscript' on input line 26.


Package hyperref Warning: Token not allowed in a PDF string (Unicode):
(hyperref)                removing `math shift' on input line 26.



[24]

Package hyperref Warning: Token not allowed in a PDF string (Unicode):
(hyperref)                removing `math shift' on input line 61.


Package hyperref Warning: Token not allowed in a PDF string (Unicode):
(hyperref)                removing `subscript' on input line 61.


Package hyperref Warning: Token not allowed in a PDF string (Unicode):
(hyperref)                removing `math shift' on input line 61.


Package hyperref Warning: Token not allowed in a PDF string (Unicode):
(hyperref)                removing `math shift' on input line 66.


Package hyperref Warning: Token not allowed in a PDF string (Unicode):
(hyperref)                removing `subscript' on input line 66.


Package hyperref Warning: Token not allowed in a PDF string (Unicode):
(hyperref)                removing `math shift' on input line 66.


Package hyperref Warning: Token not allowed in a PDF string (Unicode):
(hyperref)                removing `math shift' on input line 72.


Package hyperref Warning: Token not allowed in a PDF string (Unicode):
(hyperref)                removing `subscript' on input line 72.


Package hyperref Warning: Token not allowed in a PDF string (Unicode):
(hyperref)                removing `math shift' on input line 72.


Package hyperref Warning: Token not allowed in a PDF string (Unicode):
(hyperref)                removing `math shift' on input line 77.


Package hyperref Warning: Token not allowed in a PDF string (Unicode):
(hyperref)                removing `subscript' on input line 77.


Package hyperref Warning: Token not allowed in a PDF string (Unicode):
(hyperref)                removing `math shift' on input line 77.



[25]

Package hyperref Warning: Token not allowed in a PDF string (Unicode):
(hyperref)                removing `math shift' on input line 83.


Package hyperref Warning: Token not allowed in a PDF string (Unicode):
(hyperref)                removing `subscript' on input line 83.


Package hyperref Warning: Token not allowed in a PDF string (Unicode):
(hyperref)                removing `math shift' on input line 83.


Package hyperref Warning: Token not allowed in a PDF string (Unicode):
(hyperref)                removing `math shift' on input line 89.


Package hyperref Warning: Token not allowed in a PDF string (Unicode):
(hyperref)                removing `subscript' on input line 89.


Package hyperref Warning: Token not allowed in a PDF string (Unicode):
(hyperref)                removing `math shift' on input line 89.



[26]
LaTeX Font Info:    Font shape `T1/cmtt/bx/n' in size <12> not available
(Font)              Font shape `T1/cmtt/m/n' tried instead on input line 129.
LaTeX Font Info:    Font shape `T1/cmtt/bx/n' in size <10.95> not available
(Font)              Font shape `T1/cmtt/m/n' tried instead on input line 145.


[27]) (./docs/sections/gnn_pipeline_audit_en.tex
Overfull \hbox (0.96483pt too wide) in paragraph at lines 5--6
[]\T1/cmr/m/n/10.95 Graph con-struc-tion, the GNN model, train-ing, and eval-u-
a-tion (\T1/cmtt/m/n/10.95 src/graph.py\T1/cmr/m/n/10.95 , \T1/cmtt/m/n/10.95 s
rc/gat_model.py\T1/cmr/m/n/10.95 ,
 []


Overfull \hbox (5.87611pt too wide) in paragraph at lines 6--7
[]\T1/cmr/m/n/10.95 Class bal-anc-ing mech-a-nisms: GraphSMOTE and Im-GAGN (\T1
/cmtt/m/n/10.95 src/graphsmote.py\T1/cmr/m/n/10.95 , \T1/cmtt/m/n/10.95 src/img
agn.py\T1/cmr/m/n/10.95 ). 
 []


Overfull \hbox (13.87784pt too wide) in paragraph at lines 15--16
[]\T1/cmr/bx/n/10.95 Feature en-gi-neer-ing\T1/cmr/m/n/10.95 : snap-shot/flow p
ro-cess-ing (\T1/cmtt/m/n/10.95 src/snapshot_pipeline.py\T1/cmr/m/n/10.95 , \T1
/cmtt/m/n/10.95 src/features.py\T1/cmr/m/n/10.95 ). 
 []


Overfull \hbox (26.77219pt too wide) in paragraph at lines 18--19
[]\T1/cmr/bx/n/10.95 Training\T1/cmr/m/n/10.95 : Het-ero-GAT + op-tional Tem-po
-ralAg-gre-ga-tor (\T1/cmtt/m/n/10.95 src/gat_model.py\T1/cmr/m/n/10.95 , \T1/c
mtt/m/n/10.95 src/temporal_head.py\T1/cmr/m/n/10.95 ). 
 []



[28]
Overfull \hbox (14.10516pt too wide) in paragraph at lines 42--43
[]\T1/cmr/m/n/10.95 Feature gen-er-a-tion via \T1/cmtt/m/n/10.95 compute_pm_fea
tures \T1/cmr/m/n/10.95 (\T1/cmtt/m/n/10.95 src/features.py\T1/cmr/m/n/10.95 ) 
and/or \T1/cmtt/m/n/10.95 SnapshotFeatureBuilder\T1/cmr/m/n/10.95 . 
 []



[29]
Overfull \hbox (8.44194pt too wide) in paragraph at lines 92--95
\T1/cmr/bx/n/10.95 Back-end\T1/cmr/m/n/10.95 : \T1/cmtt/m/n/10.95 src/gnn_main.
py::run_gat_training \T1/cmr/m/n/10.95 and \T1/cmtt/m/n/10.95 src/train_pretrai
n.py::train_minibatch\T1/cmr/m/n/10.95 . 
 []



[30]
Overfull \hbox (30.39621pt too wide) in paragraph at lines 126--129
\T1/cmr/bx/n/10.95 SequenceIndex\T1/cmr/m/n/10.95 : tem-po-ral se-quences with 
guard band and fu-ture hori-zon (\T1/cmtt/m/n/10.95 src/snapshot_sequences.py\T
1/cmr/m/n/10.95 ). 
 []



[31]
Overfull \hbox (123.03096pt too wide) in paragraph at lines 146--154
\T1/cmr/m/n/10.95 The pipeline now in-cludes a \T1/cmr/bx/n/10.95 vari-ant reg-
istry \T1/cmr/m/n/10.95 con-trolled from \T1/cmtt/m/n/10.95 src/config.py \T1/c
mr/m/n/10.95 (\T1/cmtt/m/n/10.95 GNN_VARIANT\T1/cmr/m/n/10.95 , \T1/cmtt/m/n/10
.95 GNN_TEMPORAL_CACHE_STRATEGY\T1/cmr/m/n/10.95 )
 []


Overfull \hbox (26.01103pt too wide) in paragraph at lines 146--154
\T1/cmr/m/n/10.95 and in-stan-ti-ated in \T1/cmtt/m/n/10.95 src/gnn_main.py \T1
/cmr/m/n/10.95 through \T1/cmtt/m/n/10.95 _build_gnn_model\T1/cmr/m/n/10.95 , \
T1/cmtt/m/n/10.95 _build_temporal_head_for_variant\T1/cmr/m/n/10.95 ,
 []


Overfull \hbox (91.83112pt too wide) in paragraph at lines 161--165
\T1/cmr/m/n/10.95 All vari-ants share the same \T1/cmtt/m/n/10.95 SequenceIndex
 \T1/cmr/m/n/10.95 (built in \T1/cmtt/m/n/10.95 src/snapshot_sequences.py \T1/c
mr/m/n/10.95 us-ing \T1/cmtt/m/n/10.95 sequence_rows\T1/cmr/m/n/10.95 /\T1/cmtt
/m/n/10.95 target_rows\T1/cmr/m/n/10.95 ),
 []


Overfull \hbox (49.2044pt too wide) in paragraph at lines 180--184
\T1/cmr/bx/n/10.95 Implementation\T1/cmr/m/n/10.95 : \T1/cmtt/m/n/10.95 src/gat
_model.py\T1/cmr/m/n/10.95 , \T1/cmtt/m/n/10.95 src/temporal_head.py\T1/cmr/m/n
/10.95 , \T1/cmtt/m/n/10.95 src/temporal_heads.py\T1/cmr/m/n/10.95 , \T1/cmtt/m
/n/10.95 src/gnn_main.py\T1/cmr/m/n/10.95 . 
 []


Overfull \hbox (10.8602pt too wide) in paragraph at lines 180--184
\T1/cmr/bx/n/10.95 Selection\T1/cmr/m/n/10.95 : via the \T1/cmtt/m/n/10.95 GNN_
VARIANT \T1/cmr/m/n/10.95 string (nor-mal-ized in \T1/cmtt/m/n/10.95 src/gnn_ma
in.py::_normalize_gnn_variant\T1/cmr/m/n/10.95 ). 
 []


Overfull \hbox (5.74545pt too wide) in paragraph at lines 191--192
[]\T1/cmtt/m/n/10.95 gat_edge_mlp_gru \T1/cmr/m/n/10.95 and \T1/cmtt/m/n/10.95 
gat_edge_mlp_transformer\T1/cmr/m/n/10.95 : com-bine edge en-cod-ing with tem-p
o-ral heads. 
 []



[32]

[33]
Overfull \hbox (14.35397pt too wide) in paragraph at lines 258--259
[]\T1/cmr/bx/n/10.95 Model\T1/cmr/m/n/10.95 : the \T1/cmtt/m/n/10.95 _build_gnn
_model \T1/cmr/m/n/10.95 fac-tory se-lects the en-coder/temporal head ac-cord-i
ng to \T1/cmtt/m/n/10.95 gnn_variant
 []



[34]

[35]
Underfull \hbox (badness 10000) in paragraph at lines 353--354

 []



[36]
Overfull \hbox (38.01884pt too wide) in paragraph at lines 383--385
\T1/cmr/m/n/10.95 The aug-mented graph is re-built with the fi-nal gen-er-a-tor
, re-turn-ing: \T1/cmtt/m/n/10.95 x_aug\T1/cmr/m/n/10.95 , \T1/cmtt/m/n/10.95 e
dge_index_aug\T1/cmr/m/n/10.95 , \T1/cmtt/m/n/10.95 edge_attr_aug\T1/cmr/m/n/10
.95 ,
 []


Overfull \hbox (34.92038pt too wide) in paragraph at lines 400--401
[]\T1/cmr/m/it/10.95 Load full graph in mem-ory (no sam-pling)\T1/cmr/m/n/10.95
 : uses all \T1/cmtt/m/n/10.95 train/val \T1/cmr/m/n/10.95 nodes (equiv-a-lent 
to \T1/cmtt/m/n/10.95 sample_train_nodes=0
 []



[37]
Overfull \hbox (5.36185pt too wide) in paragraph at lines 424--425
[]\T1/cmr/bx/n/10.95 Leakage in man-ual bal-anc-ing (mit-i-gated)\T1/cmr/m/n/10
.95 : \T1/cmtt/m/n/10.95 run_graphsmote \T1/cmr/m/n/10.95 now re-stricts em-bed
-ding/minority
 []



[38]) (./docs/sections/mairl_implementation_en.tex

[39]

[40])

[41] (docs/_latex_build/main_en.aux)
 ***********
LaTeX2e <2024-11-01> patch level 2
L3 programming layer <2025-01-18>
 ***********
Package rerunfilecheck Info: File `main_en.out' has not changed.
(rerunfilecheck)             Checksum: DFDC32C4D63CE981A85F284F317817A9;26223.
 ) 
Here is how much of TeX's memory you used:
 11545 strings out of 473190
 179094 string characters out of 5715801
 597453 words of memory out of 5000000
 34350 multiletter control sequences out of 15000+600000
 578567 words of font info for 85 fonts, out of 8000000 for 9000
 1141 hyphenation exceptions out of 8191
 75i,12n,79p,953b,665s stack positions out of 10000i,1000n,20000p,200000b,200000s
</usr/local/texlive/2025/texmf-dist/fonts/type1/public/amsfonts/cm/cmbx10.pfb
></usr/local/texlive/2025/texmf-dist/fonts/type1/public/amsfonts/cm/cmex10.pfb>
</usr/local/texlive/2025/texmf-dist/fonts/type1/public/amsfonts/cm/cmmi10.pfb><
/usr/local/texlive/2025/texmf-dist/fonts/type1/public/amsfonts/cm/cmmi12.pfb></
usr/local/texlive/2025/texmf-dist/fonts/type1/public/amsfonts/cm/cmmi6.pfb></us
r/local/texlive/2025/texmf-dist/fonts/type1/public/amsfonts/cm/cmmi8.pfb></usr/
local/texlive/2025/texmf-dist/fonts/type1/public/amsfonts/cm/cmr10.pfb></usr/lo
cal/texlive/2025/texmf-dist/fonts/type1/public/amsfonts/cm/cmr6.pfb></usr/local
/texlive/2025/texmf-dist/fonts/type1/public/amsfonts/cm/cmr8.pfb></usr/local/te
xlive/2025/texmf-dist/fonts/type1/public/amsfonts/cm/cmsy10.pfb></usr/local/tex
live/2025/texmf-dist/fonts/type1/public/amsfonts/cm/cmsy6.pfb></usr/local/texli
ve/2025/texmf-dist/fonts/type1/public/amsfonts/cm/cmsy8.pfb></usr/local/texlive
/2025/texmf-dist/fonts/type1/public/amsfonts/symbols/msbm10.pfb></usr/local/tex
live/2025/texmf-dist/fonts/type1/public/cm-super/sfbi1095.pfb></usr/local/texli
ve/2025/texmf-dist/fonts/type1/public/cm-super/sfbi1200.pfb></usr/local/texlive
/2025/texmf-dist/fonts/type1/public/cm-super/sfbi1440.pfb></usr/local/texlive/2
025/texmf-dist/fonts/type1/public/cm-super/sfbx1095.pfb></usr/local/texlive/202
5/texmf-dist/fonts/type1/public/cm-super/sfbx1200.pfb></usr/local/texlive/2025/
texmf-dist/fonts/type1/public/cm-super/sfbx1440.pfb></usr/local/texlive/2025/te
xmf-dist/fonts/type1/public/cm-super/sfrm0600.pfb></usr/local/texlive/2025/texm
f-dist/fonts/type1/public/cm-super/sfrm0800.pfb></usr/local/texlive/2025/texmf-
dist/fonts/type1/public/cm-super/sfrm1095.pfb></usr/local/texlive/2025/texmf-di
st/fonts/type1/public/cm-super/sfrm1200.pfb></usr/local/texlive/2025/texmf-dist
/fonts/type1/public/cm-super/sfrm1728.pfb></usr/local/texlive/2025/texmf-dist/f
onts/type1/public/cm-super/sfti1095.pfb></usr/local/texlive/2025/texmf-dist/fon
ts/type1/public/cm-super/sftt1095.pfb></usr/local/texlive/2025/texmf-dist/fonts
/type1/public/cm-super/sftt1200.pfb>
Output written on docs/_latex_build/main_en.pdf (41 pages, 623284 bytes).
PDF statistics:
 1212 PDF objects out of 1440 (max. 8388607)
 1100 compressed objects within 11 object streams
 294 named destinations out of 1000 (max. 500000)
 1113 words of extra memory for PDF output out of 10000 (max. 10000000)

