\BOOKMARK [1][-]{section.1}{\376\377\000C\000l\000u\000s\000t\000e\000r\000i\000n\000g}{}% 1
\BOOKMARK [2][-]{subsection.1.1}{\376\377\000O\000b\000j\000e\000t\000i\000v\000o}{section.1}% 2
\BOOKMARK [2][-]{subsection.1.2}{\376\377\000D\000a\000t\000o\000s\000\040\000y\000\040\000p\000r\000e\000p\000r\000o\000c\000e\000s\000a\000m\000i\000e\000n\000t\000o}{section.1}% 3
\BOOKMARK [2][-]{subsection.1.3}{\376\377\000I\000n\000g\000e\000n\000i\000e\000r\000\355\000a\000\040\000d\000e\000\040\000f\000e\000a\000t\000u\000r\000e\000s\000\040\000p\000o\000r\000\040\000c\000o\000n\000d\000u\000c\000t\000o\000r}{section.1}% 4
\BOOKMARK [3][-]{subsubsection.1.3.1}{\376\377\000C\000o\000n\000t\000e\000o\000s\000,\000\040\000v\000e\000l\000o\000c\000i\000d\000a\000d\000\040\000m\000e\000d\000i\000a\000\040\000y\000\040\000u\000s\000o\000\040\000d\000e\000\040\000c\000a\000r\000r\000i\000l}{subsection.1.3}% 5
\BOOKMARK [3][-]{subsubsection.1.3.2}{\376\377\000V\000e\000l\000o\000c\000i\000d\000a\000d\000\040\000r\000e\000l\000a\000t\000i\000v\000a}{subsection.1.3}% 6
\BOOKMARK [3][-]{subsubsection.1.3.3}{\376\377\000H\000e\000a\000d\000w\000a\000y\000\040\000\050\000b\000r\000e\000c\000h\000a\000\040\000t\000e\000m\000p\000o\000r\000a\000l\000\051}{subsection.1.3}% 7
\BOOKMARK [3][-]{subsubsection.1.3.4}{\376\377\000T\000T\000C\000\040\000y\000\040\000t\000a\000s\000a\000\040\000d\000e\000\040\000c\000o\000n\000f\000l\000i\000c\000t\000o\000s}{subsection.1.3}% 8
\BOOKMARK [3][-]{subsubsection.1.3.5}{\376\377\000C\000a\000m\000b\000i\000o\000s\000\040\000d\000e\000\040\000c\000a\000r\000r\000i\000l}{subsection.1.3}% 9
\BOOKMARK [3][-]{subsubsection.1.3.6}{\376\377\000P\000o\000n\000d\000e\000r\000a\000c\000i\000\363\000n\000\040\000m\000e\000n\000s\000u\000a\000l\000\040\000\050\000o\000p\000c\000i\000o\000n\000a\000l\000\051}{subsection.1.3}% 10
\BOOKMARK [3][-]{subsubsection.1.3.7}{\376\377\000A\000c\000t\000i\000v\000i\000d\000a\000d\000\040\000t\000e\000m\000p\000o\000r\000a\000l}{subsection.1.3}% 11
\BOOKMARK [2][-]{subsection.1.4}{\376\377\000P\000r\000e\000p\000a\000r\000a\000c\000i\000\363\000n\000\040\000d\000e\000\040\000d\000a\000t\000o\000s\000\040\000p\000a\000r\000a\000\040\000c\000l\000u\000s\000t\000e\000r\000i\000n\000g}{section.1}% 12
\BOOKMARK [2][-]{subsection.1.5}{\376\377\000M\000\351\000t\000o\000d\000o\000s\000\040\000d\000e\000\040\000c\000l\000u\000s\000t\000e\000r\000i\000n\000g}{section.1}% 13
\BOOKMARK [3][-]{subsubsection.1.5.1}{\376\377\000K\000-\000m\000e\000a\000n\000s}{subsection.1.5}% 14
\BOOKMARK [3][-]{subsubsection.1.5.2}{\376\377\000G\000a\000u\000s\000s\000i\000a\000n\000\040\000M\000i\000x\000t\000u\000r\000e\000\040\000M\000o\000d\000e\000l\000s\000\040\000\050\000G\000M\000M\000\051}{subsection.1.5}% 15
\BOOKMARK [3][-]{subsubsection.1.5.3}{\376\377\000H\000D\000B\000S\000C\000A\000N}{subsection.1.5}% 16
\BOOKMARK [2][-]{subsection.1.6}{\376\377\000C\000o\000n\000d\000u\000c\000t\000o\000r\000e\000s\000\040\000f\000r\000e\000c\000u\000e\000n\000t\000e\000s\000\040\000v\000s\000.\000\040\000r\000a\000r\000o\000s\000\040\000\050\000o\000p\000c\000i\000o\000n\000a\000l\000\051}{section.1}% 17
\BOOKMARK [2][-]{subsection.1.7}{\376\377\000S\000a\000l\000i\000d\000a\000s\000\040\000y\000\040\000a\000r\000t\000e\000f\000a\000c\000t\000o\000s}{section.1}% 18
\BOOKMARK [2][-]{subsection.1.8}{\376\377\000V\000a\000r\000i\000a\000b\000l\000e\000s\000\040\000d\000e\000\040\000c\000l\000u\000s\000t\000e\000r\000s\000\040\000a\000g\000r\000e\000g\000a\000d\000a\000s\000\040\000p\000o\000r\000\040\000p\000\363\000r\000t\000i\000c\000o\000\040\000e\000\040\000i\000n\000t\000e\000r\000v\000a\000l\000o}{section.1}% 19
\BOOKMARK [1][-]{section.2}{\376\377\000P\000r\000e\000d\000i\000c\000c\000i\000\363\000n\000\040\000d\000e\000\040\000a\000c\000c\000i\000d\000e\000n\000t\000e\000s}{}% 20
\BOOKMARK [2][-]{subsection.2.1}{\376\377\000O\000b\000j\000e\000t\000i\000v\000o}{section.2}% 21
\BOOKMARK [2][-]{subsection.2.2}{\376\377\000F\000u\000e\000n\000t\000e\000s\000\040\000d\000e\000\040\000d\000a\000t\000o\000s}{section.2}% 22
\BOOKMARK [2][-]{subsection.2.3}{\376\377\000D\000i\000s\000c\000r\000e\000t\000i\000z\000a\000c\000i\000\363\000n\000\040\000t\000e\000m\000p\000o\000r\000a\000l\000\040\000y\000\040\000n\000o\000t\000a\000c\000i\000\363\000n}{section.2}% 23
\BOOKMARK [2][-]{subsection.2.4}{\376\377\000I\000n\000g\000e\000n\000i\000e\000r\000\355\000a\000\040\000d\000e\000\040\000v\000a\000r\000i\000a\000b\000l\000e\000s\000\040\000\050\000f\000e\000a\000t\000u\000r\000e\000s\000\051}{section.2}% 24
\BOOKMARK [3][-]{subsubsection.2.4.1}{\376\377\000V\000a\000r\000i\000a\000b\000l\000e\000s\000\040\000m\000a\000c\000r\000o\000\040\000d\000e\000\040\000f\000l\000u\000j\000o}{subsection.2.4}% 25
\BOOKMARK [3][-]{subsubsection.2.4.2}{\376\377\000V\000a\000r\000i\000a\000b\000l\000e\000s\000\040\000d\000e\000\040\000c\000l\000u\000s\000t\000e\000r\000s\000\040\000a\000g\000r\000e\000g\000a\000d\000a\000s\000\040\000\050\000o\000p\000c\000i\000o\000n\000a\000l\000\051}{subsection.2.4}% 26
\BOOKMARK [2][-]{subsection.2.5}{\376\377\000D\000e\000f\000i\000n\000i\000c\000i\000\363\000n\000\040\000d\000e\000l\000\040\000t\000a\000r\000g\000e\000t\000\040\000\050\000e\000t\000i\000q\000u\000e\000t\000a\000\051}{section.2}% 27
\BOOKMARK [2][-]{subsection.2.6}{\376\377\000C\000o\000n\000s\000t\000r\000u\000c\000c\000i\000\363\000n\000\040\000d\000e\000l\000\040\000d\000a\000t\000a\000s\000e\000t}{section.2}% 28
\BOOKMARK [2][-]{subsection.2.7}{\376\377\000P\000a\000r\000t\000i\000c\000i\000\363\000n\000\040\000t\000e\000m\000p\000o\000r\000a\000l\000\040\000\050\000t\000r\000a\000i\000n\000/\000v\000a\000l\000i\000d\000a\000c\000i\000\363\000n\000/\000t\000e\000s\000t\000\051}{section.2}% 29
\BOOKMARK [2][-]{subsection.2.8}{\376\377\000M\000a\000n\000e\000j\000o\000\040\000d\000e\000\040\000d\000e\000s\000b\000a\000l\000a\000n\000c\000e}{section.2}% 30
\BOOKMARK [2][-]{subsection.2.9}{\376\377\000M\000o\000d\000e\000l\000o\000s}{section.2}% 31
\BOOKMARK [2][-]{subsection.2.10}{\376\377\000C\000a\000l\000i\000b\000r\000a\000c\000i\000\363\000n\000\040\000d\000e\000\040\000u\000m\000b\000r\000a\000l\000\040\000c\000o\000n\000\040\000F\000A\000R}{section.2}% 32
\BOOKMARK [2][-]{subsection.2.11}{\376\377\000M\000\351\000t\000r\000i\000c\000a\000s\000\040\000d\000e\000\040\000e\000v\000a\000l\000u\000a\000c\000i\000\363\000n}{section.2}% 33
\BOOKMARK [2][-]{subsection.2.12}{\376\377\000S\000e\000l\000e\000c\000c\000i\000\363\000n\000\040\000d\000e\000\040\000v\000a\000r\000i\000a\000b\000l\000e\000s\000\040\000y\000\040\000o\000p\000t\000i\000m\000i\000z\000a\000c\000i\000\363\000n}{section.2}% 34
\BOOKMARK [2][-]{subsection.2.13}{\376\377\000E\000x\000p\000e\000r\000i\000m\000e\000n\000t\000o\000s\000:\000\040\000e\000f\000e\000c\000t\000o\000\040\000d\000e\000\040\000v\000a\000r\000i\000a\000b\000l\000e\000s\000\040\000d\000e\000\040\000c\000l\000u\000s\000t\000e\000r}{section.2}% 35
\BOOKMARK [2][-]{subsection.2.14}{\376\377\000A\000r\000t\000e\000f\000a\000c\000t\000o\000s}{section.2}% 36
\BOOKMARK [1][-]{section.3}{\376\377\000R\000\351\000p\000l\000i\000c\000a\000\040\000d\000e\000l\000\040\000p\000a\000p\000e\000r\000\040\000e\000n\000\040\000N\000L\000P\000\040\000i\000n\000\040\000S\000e\000v\000e\000r\000i\000t\000y}{}% 37
\BOOKMARK [2][-]{subsection.3.1}{\376\377\000P\000r\000o\000p\000\363\000s\000i\000t\000o\000\040\000y\000\040\000a\000l\000c\000a\000n\000c\000e}{section.3}% 38
\BOOKMARK [2][-]{subsection.3.2}{\376\377\000P\000r\000o\000t\000o\000c\000o\000l\000o\000\040\000b\000l\000o\000q\000u\000e\000a\000d\000o\000\040\000e\000n\000\040\000c\000\363\000d\000i\000g\000o}{section.3}% 39
\BOOKMARK [2][-]{subsection.3.3}{\376\377\000E\000j\000e\000c\000u\000c\000i\000\363\000n\000\040\000p\000a\000s\000o\000\040\000a\000\040\000p\000a\000s\000o}{section.3}% 40
\BOOKMARK [3][-]{subsubsection.3.3.1}{\376\377\000E\000t\000a\000p\000a\000\040\0001\000:\000\040\000C\000o\000n\000s\000t\000r\000u\000c\000c\000i\000\363\000n\000\040\000d\000e\000l\000\040\000c\000o\000n\000t\000e\000x\000t\000o\000\040\000d\000e\000\040\000e\000j\000e\000c\000u\000c\000i\000\363\000n}{subsection.3.3}% 41
\BOOKMARK [3][-]{subsubsection.3.3.2}{\376\377\000E\000t\000a\000p\000a\000\040\0002\000:\000\040\000R\000e\000a\000n\000u\000d\000a\000r\000,\000\040\000c\000a\000r\000g\000a\000r\000\040\000o\000\040\000c\000o\000m\000e\000n\000z\000a\000r\000\040\000l\000i\000m\000p\000i\000o}{subsection.3.3}% 42
\BOOKMARK [3][-]{subsubsection.3.3.3}{\376\377\000E\000t\000a\000p\000a\000\040\0003\000:\000\040\000R\000u\000t\000a\000\040\000c\000o\000n\000g\000e\000l\000a\000d\000a}{subsection.3.3}% 43
\BOOKMARK [3][-]{subsubsection.3.3.4}{\376\377\000E\000t\000a\000p\000a\000\040\0004\000:\000\040\000R\000u\000t\000a\000\040\000d\000e\000\040\000r\000e\000c\000o\000n\000s\000t\000r\000u\000c\000c\000i\000\363\000n\000\040\000r\000a\000w}{subsection.3.3}% 44
\BOOKMARK [3][-]{subsubsection.3.3.5}{\376\377\000E\000t\000a\000p\000a\000\040\0005\000:\000\040\000C\000o\000r\000r\000i\000d\000a\000s\000\040\000p\000o\000r\000\040\000m\000o\000d\000a\000l\000i\000d\000a\000d\000\040\000\050\000M\0001\000,\000\040\000M\0002\000,\000\040\000M\0003\000\051}{subsection.3.3}% 45
\BOOKMARK [3][-]{subsubsection.3.3.6}{\376\377\000E\000t\000a\000p\000a\000\040\0006\000:\000\040\000N\000e\000s\000t\000e\000d\000\040\000C\000V\000\040\000y\000\040\000a\000j\000u\000s\000t\000e\000\040\000f\000i\000n\000a\000l}{subsection.3.3}% 46
\BOOKMARK [3][-]{subsubsection.3.3.7}{\376\377\000E\000t\000a\000p\000a\000\040\0007\000:\000\040\000C\000o\000n\000s\000o\000l\000i\000d\000a\000c\000i\000\363\000n\000\040\000p\000o\000r\000\040\000r\000u\000t\000a}{subsection.3.3}% 47
\BOOKMARK [3][-]{subsubsection.3.3.8}{\376\377\000E\000t\000a\000p\000a\000\040\0008\000:\000\040\000C\000o\000m\000p\000a\000r\000a\000c\000i\000\363\000n\000\040\000e\000n\000t\000r\000e\000\040\000f\000r\000o\000z\000e\000n\000\040\000y\000\040\000r\000a\000w}{subsection.3.3}% 48
\BOOKMARK [3][-]{subsubsection.3.3.9}{\376\377\000E\000t\000a\000p\000a\000\040\0009\000:\000\040\000S\000t\000a\000g\000i\000n\000g\000\040\000y\000\040\000p\000r\000o\000m\000o\000c\000i\000\363\000n\000\040\000a\000\040\000L\000a\000T\000e\000X}{subsection.3.3}% 49
\BOOKMARK [3][-]{subsubsection.3.3.10}{\376\377\000E\000t\000a\000p\000a\000\040\0001\0000\000:\000\040\000S\000i\000n\000c\000r\000o\000n\000i\000z\000a\000c\000i\000\363\000n\000\040\000a\000l\000\040\000r\000e\000g\000i\000s\000t\000r\000y}{subsection.3.3}% 50
\BOOKMARK [2][-]{subsection.3.4}{\376\377\000C\000o\000n\000t\000r\000a\000s\000t\000e\000\040\000c\000o\000n\000\040\000e\000l\000\040\000m\000a\000n\000u\000s\000c\000r\000i\000t\000o}{section.3}% 51
\BOOKMARK [2][-]{subsection.3.5}{\376\377\000E\000s\000t\000r\000u\000c\000t\000u\000r\000a\000\040\000d\000e\000\040\000c\000h\000e\000c\000k\000p\000o\000i\000n\000t\000s\000\040\000y\000\040\000a\000r\000t\000e\000f\000a\000c\000t\000o\000s}{section.3}% 52
\BOOKMARK [2][-]{subsection.3.6}{\376\377\000C\000\363\000m\000o\000\040\000l\000e\000e\000r\000\040\000u\000n\000a\000\040\000c\000o\000r\000r\000i\000d\000a}{section.3}% 53
\BOOKMARK [1][-]{section.4}{\376\377\000D\000r\000i\000f\000t\000\040\000d\000e\000t\000e\000c\000t\000i\000o\000n}{}% 54
\BOOKMARK [2][-]{subsection.4.1}{\376\377\000O\000b\000j\000e\000t\000i\000v\000o\000,\000\040\000a\000l\000c\000a\000n\000c\000e\000\040\000y\000\040\000r\000e\000l\000a\000c\000i\000\363\000n\000\040\000c\000o\000n\000\040\000e\000l\000\040\000p\000a\000p\000e\000r}{section.4}% 55
\BOOKMARK [2][-]{subsection.4.2}{\376\377\000D\000e\000p\000e\000n\000d\000e\000n\000c\000i\000a\000s\000\040\000y\000\040\000f\000u\000e\000n\000t\000e\000s\000\040\000d\000e\000\040\000d\000a\000t\000o\000s}{section.4}% 56
\BOOKMARK [2][-]{subsection.4.3}{\376\377\000M\000a\000p\000a\000\040\000d\000e\000\040\000l\000a\000\040\000i\000n\000t\000e\000r\000f\000a\000z\000\040\000t\000a\000b\000\040\000a\000\040\000t\000a\000b}{section.4}% 57
\BOOKMARK [2][-]{subsection.4.4}{\376\377\000F\000e\000a\000t\000u\000r\000e\000\040\000e\000n\000g\000i\000n\000e\000e\000r\000i\000n\000g\000\040\000y\000\040\000c\000o\000n\000s\000t\000r\000u\000c\000c\000i\000\363\000n\000\040\000d\000e\000l\000\040\000t\000a\000r\000g\000e\000t}{section.4}% 58
\BOOKMARK [2][-]{subsection.4.5}{\376\377\000P\000r\000e\000p\000a\000r\000a\000c\000i\000\363\000n\000\040\000d\000e\000\040\000d\000a\000t\000o\000s\000:\000\040\000S\000t\000a\000g\000e\000\040\0001\000\040\000y\000\040\000S\000t\000a\000g\000e\000\040\0002}{section.4}% 59
\BOOKMARK [2][-]{subsection.4.6}{\376\377\000S\000e\000l\000e\000c\000c\000i\000\363\000n\000\040\000d\000e\000\040\000v\000a\000r\000i\000a\000b\000l\000e\000s}{section.4}% 60
\BOOKMARK [2][-]{subsection.4.7}{\376\377\000D\000i\000s\000e\000\361\000o\000\040\000e\000x\000p\000e\000r\000i\000m\000e\000n\000t\000a\000l\000\040\000y\000\040\000e\000s\000t\000r\000a\000t\000e\000g\000i\000a\000s}{section.4}% 61
\BOOKMARK [2][-]{subsection.4.8}{\376\377\000M\000\351\000t\000r\000i\000c\000a\000s\000,\000\040\000t\000a\000b\000l\000a\000s\000\040\000y\000\040\000a\000r\000t\000e\000f\000a\000c\000t\000o\000s\000\040\000f\000i\000n\000a\000l\000e\000s}{section.4}% 62
\BOOKMARK [2][-]{subsection.4.9}{\376\377\000V\000a\000l\000i\000d\000a\000c\000i\000\363\000n\000\040\000m\000e\000d\000i\000a\000n\000t\000e\000\040\000p\000r\000u\000e\000b\000a\000s}{section.4}% 63
\BOOKMARK [1][-]{section.5}{\376\377\000I\000n\000t\000r\000o\000d\000u\000c\000c\000i\000\363\000n}{}% 64
\BOOKMARK [1][-]{section.6}{\376\377\000P\000r\000e\000p\000r\000o\000c\000e\000s\000a\000m\000i\000e\000n\000t\000o\000\040\000d\000e\000\040\000D\000a\000t\000o\000s}{}% 65
\BOOKMARK [1][-]{section.7}{\376\377\000C\000\341\000l\000c\000u\000l\000o\000\040\000d\000e\000\040\000V\000a\000r\000i\000a\000b\000l\000e\000s\000\040\000\050\000N\000i\000v\000e\000l\000\040\000E\000v\000e\000n\000t\000o\000\051}{}% 66
\BOOKMARK [2][-]{subsection.7.1}{\376\377\000H\000e\000a\000d\000w\000a\000y\000\040\000\050\000h\000i\000\051}{section.7}% 67
\BOOKMARK [2][-]{subsection.7.2}{\376\377\000V\000e\000l\000o\000c\000i\000d\000a\000d\000\040\000R\000e\000l\000a\000t\000i\000v\000a\000\040\000I\000n\000d\000e\000x\000a\000d\000a\000\040\000\050\000v\000r\000e\000l\000,\000\040\000i\000\051}{section.7}% 68
\BOOKMARK [2][-]{subsection.7.3}{\376\377\000C\000o\000n\000f\000l\000i\000c\000t\000o\000\040\000y\000\040\000T\000T\000C\000\040\000\050\000T\000i\000m\000e\000\040\000T\000o\000\040\000C\000o\000l\000l\000i\000s\000i\000o\000n\000\051}{section.7}% 69
\BOOKMARK [1][-]{section.8}{\376\377\000A\000g\000r\000e\000g\000a\000c\000i\000\363\000n\000\040\000p\000o\000r\000\040\000P\000a\000t\000a\000n\000t\000e}{}% 70
\BOOKMARK [2][-]{subsection.8.1}{\376\377\000V\000a\000r\000i\000a\000b\000l\000e\000s\000\040\000A\000g\000r\000e\000g\000a\000d\000a\000s}{section.8}% 71
\BOOKMARK [3][-]{subsubsection.8.1.1}{\376\377\000V\000e\000l\000o\000c\000i\000d\000a\000d\000\040\000P\000r\000o\000m\000e\000d\000i\000o\000\040\000\050\000P\000\051}{subsection.8.1}% 72
\BOOKMARK [3][-]{subsubsection.8.1.2}{\376\377\000V\000e\000l\000o\000c\000i\000d\000a\000d\000\040\000R\000e\000l\000a\000t\000i\000v\000a\000\040\000P\000r\000o\000m\000e\000d\000i\000o\000\040\000\050\000r\000e\000l\000,\000\040\000P\000\051}{subsection.8.1}% 73
\BOOKMARK [3][-]{subsubsection.8.1.3}{\376\377\000H\000e\000a\000d\000w\000a\000y\000\040\000P\000r\000o\000m\000e\000d\000i\000o\000\040\000\050\000P\000\051}{subsection.8.1}% 74
\BOOKMARK [3][-]{subsubsection.8.1.4}{\376\377\000T\000a\000s\000a\000\040\000d\000e\000\040\000C\000o\000n\000f\000l\000i\000c\000t\000o\000\040\000\050\000C\000R\000P\000\051}{subsection.8.1}% 75
\BOOKMARK [3][-]{subsubsection.8.1.5}{\376\377\000U\000s\000o\000\040\000d\000e\000\040\000C\000a\000r\000r\000i\000l\000e\000s\000\040\000\050\000L\000a\000n\000e\000k\000\051}{subsection.8.1}% 76
\BOOKMARK [3][-]{subsubsection.8.1.6}{\376\377\000T\000a\000s\000a\000\040\000d\000e\000\040\000C\000a\000m\000b\000i\000o\000\040\000d\000e\000\040\000P\000i\000s\000t\000a\000\040\000\050\000L\000C\000R\000P\000\051}{subsection.8.1}% 77
\BOOKMARK [2][-]{subsection.8.2}{\376\377\000E\000s\000t\000r\000a\000t\000e\000g\000i\000a\000s\000\040\000d\000e\000\040\000C\000o\000n\000s\000o\000l\000i\000d\000a\000c\000i\000\363\000n}{section.8}% 78
\BOOKMARK [3][-]{subsubsection.8.2.1}{\376\377\0001\000.\000\040\000A\000g\000r\000e\000g\000a\000c\000i\000\363\000n\000\040\000G\000l\000o\000b\000a\000l\000\040\000\050\000D\000e\000f\000a\000u\000l\000t\000\051}{subsection.8.2}% 79
\BOOKMARK [3][-]{subsubsection.8.2.2}{\376\377\0002\000.\000\040\000P\000o\000n\000d\000e\000r\000a\000c\000i\000\363\000n\000\040\000M\000e\000n\000s\000u\000a\000l}{subsection.8.2}% 80
\BOOKMARK [1][-]{section.9}{\376\377\000D\000e\000f\000i\000n\000i\000c\000i\000\363\000n\000\040\000d\000e\000\040\000C\000o\000n\000d\000u\000c\000t\000o\000r\000e\000s\000\040\000F\000r\000e\000c\000u\000e\000n\000t\000e\000s}{}% 81
\BOOKMARK [1][-]{section.10}{\376\377\000I\000m\000p\000l\000e\000m\000e\000n\000t\000a\000c\000i\000\363\000n\000\040\000e\000n\000\040\000P\000y\000t\000h\000o\000n}{}% 82
\BOOKMARK [2][-]{subsection.10.1}{\376\377\000L\000i\000m\000p\000i\000e\000z\000a\000\040\000d\000e\000\040\000D\000a\000t\000o\000s\000:\000\040\000c\000l\000e\000a\000n\000\137\000f\000l\000u\000j\000o\000s\000\137\000f\000o\000r\000\137\000c\000l\000u\000s\000t\000e\000r\000i\000n\000g}{section.10}% 83
\BOOKMARK [2][-]{subsection.10.2}{\376\377\000C\000\341\000l\000c\000u\000l\000o\000\040\000d\000e\000\040\000F\000e\000a\000t\000u\000r\000e\000s\000:\000\040\000C\000l\000u\000s\000t\000e\000r\000i\000z\000a\000t\000i\000o\000n}{section.10}% 84
\BOOKMARK [3][-]{subsubsection.10.2.1}{\376\377\0001\000.\000\040\000M\000\351\000t\000r\000i\000c\000a\000s\000\040\000S\000i\000m\000p\000l\000e\000s\000\040\000y\000\040\000P\000r\000e\000-\000c\000\341\000l\000c\000u\000l\000o}{subsection.10.2}% 85
\BOOKMARK [3][-]{subsubsection.10.2.2}{\376\377\0002\000.\000\040\000V\000e\000l\000o\000c\000i\000d\000a\000d\000\040\000R\000e\000l\000a\000t\000i\000v\000a}{subsection.10.2}% 86
\BOOKMARK [3][-]{subsubsection.10.2.3}{\376\377\0003\000.\000\040\000M\000\351\000t\000r\000i\000c\000a\000s\000\040\000d\000e\000\040\000I\000n\000t\000e\000r\000a\000c\000c\000i\000\363\000n\000\040\000\050\000H\000e\000a\000d\000w\000a\000y\000,\000\040\000C\000o\000n\000f\000l\000i\000c\000t\000o\000\051}{subsection.10.2}% 87
\BOOKMARK [3][-]{subsubsection.10.2.4}{\376\377\0004\000.\000\040\000C\000a\000m\000b\000i\000o\000s\000\040\000d\000e\000\040\000P\000i\000s\000t\000a\000\040\000\050\000L\000a\000n\000e\000\040\000C\000h\000a\000n\000g\000e\000s\000\051}{subsection.10.2}% 88
\BOOKMARK [3][-]{subsubsection.10.2.5}{\376\377\0005\000.\000\040\000P\000o\000n\000d\000e\000r\000a\000c\000i\000\363\000n\000\040\000\050\000S\000i\000\040\000a\000p\000l\000i\000c\000a\000\051}{subsection.10.2}% 89
\BOOKMARK [1][-]{section.11}{\376\377\000A\000l\000c\000a\000n\000c\000e\000\040\000y\000\040\000m\000e\000t\000o\000d\000o\000l\000o\000g\000\355\000a}{}% 90
\BOOKMARK [1][-]{section.12}{\376\377\000M\000a\000p\000a\000\040\000g\000e\000n\000e\000r\000a\000l\000\040\000d\000e\000l\000\040\000p\000i\000p\000e\000l\000i\000n\000e}{}% 91
\BOOKMARK [1][-]{section.13}{\376\377\000P\000i\000p\000e\000l\000i\000n\000e\000\040\000t\000a\000b\000\040\000a\000\040\000t\000a\000b\000\040\000\050\000S\000t\000r\000e\000a\000m\000l\000i\000t\000\040\000G\000r\000a\000p\000h\000\040\000B\000u\000i\000l\000d\000e\000r\000\051}{}% 92
\BOOKMARK [2][-]{subsection.13.1}{\376\377\000E\000v\000e\000n\000t\000o\000s}{section.13}% 93
\BOOKMARK [2][-]{subsection.13.2}{\376\377\000F\000e\000a\000t\000u\000r\000e\000\040\000E\000n\000g\000i\000n\000e\000e\000r\000i\000n\000g}{section.13}% 94
\BOOKMARK [2][-]{subsection.13.3}{\376\377\000F\000e\000a\000t\000u\000r\000e\000\040\000E\000x\000p\000l\000o\000r\000e\000r}{section.13}% 95
\BOOKMARK [2][-]{subsection.13.4}{\376\377\000F\000e\000a\000t\000u\000r\000e\000\040\000S\000e\000l\000e\000c\000t\000i\000o\000n}{section.13}% 96
\BOOKMARK [2][-]{subsection.13.5}{\376\377\000G\000r\000a\000p\000h}{section.13}% 97
\BOOKMARK [2][-]{subsection.13.6}{\376\377\000V\000i\000s\000u\000a\000l\000\040\000G\000r\000a\000p\000h}{section.13}% 98
\BOOKMARK [2][-]{subsection.13.7}{\376\377\000N\000e\000t\000w\000o\000r\000k}{section.13}% 99
\BOOKMARK [2][-]{subsection.13.8}{\376\377\000O\000p\000t\000u\000n\000a}{section.13}% 100
\BOOKMARK [2][-]{subsection.13.9}{\376\377\000B\000a\000l\000a\000n\000c\000e}{section.13}% 101
\BOOKMARK [2][-]{subsection.13.10}{\376\377\000T\000r\000a\000i\000n\000i\000n\000g}{section.13}% 102
\BOOKMARK [2][-]{subsection.13.11}{\376\377\000E\000v\000a\000l\000u\000a\000c\000i\000\363\000n}{section.13}% 103
\BOOKMARK [2][-]{subsection.13.12}{\376\377\000H\000i\000s\000t\000o\000r\000y}{section.13}% 104
\BOOKMARK [2][-]{subsection.13.13}{\376\377\000E\000x\000p\000e\000r\000i\000m\000e\000n\000t\000s}{section.13}% 105
\BOOKMARK [1][-]{section.14}{\376\377\000M\000o\000d\000e\000l\000o\000\040\000d\000e\000\040\000d\000a\000t\000o\000s\000\040\000d\000e\000l\000\040\000g\000r\000a\000f\000o}{}% 106
\BOOKMARK [2][-]{subsection.14.1}{\376\377\000A\000r\000i\000s\000t\000a\000s\000\040\000y\000\040\000a\000t\000r\000i\000b\000u\000t\000o\000s}{section.14}% 107
\BOOKMARK [2][-]{subsection.14.2}{\376\377\000E\000t\000i\000q\000u\000e\000t\000a\000d\000o\000\040\000t\000e\000m\000p\000o\000r\000a\000l}{section.14}% 108
\BOOKMARK [1][-]{section.15}{\376\377\000A\000r\000q\000u\000i\000t\000e\000c\000t\000u\000r\000a\000\040\000d\000e\000l\000\040\000m\000o\000d\000e\000l\000o\000\040\000G\000N\000N}{}% 109
\BOOKMARK [2][-]{subsection.15.1}{\376\377\000T\000e\000m\000p\000o\000r\000a\000l\000\040\000h\000e\000a\000d\000\040\000\050\000o\000p\000c\000i\000o\000n\000a\000l\000\051}{section.15}% 110
\BOOKMARK [2][-]{subsection.15.2}{\376\377\000R\000e\000g\000i\000s\000t\000r\000o\000\040\000d\000e\000\040\000v\000a\000r\000i\000a\000n\000t\000e\000s\000\040\000G\000N\000N\000\040\000\050\000e\000n\000c\000o\000d\000e\000r\000\040\000+\000\040\000t\000e\000m\000p\000o\000r\000a\000l\000\040\000+\000\040\000a\000r\000i\000s\000t\000a\000s\000\051}{section.15}% 111
\BOOKMARK [3][-]{subsubsection.15.2.1}{\376\377\000I\000d\000e\000a\000\040\000g\000e\000n\000e\000r\000a\000l\000\040\000d\000e\000\040\000c\000o\000m\000p\000a\000r\000a\000b\000i\000l\000i\000d\000a\000d}{subsection.15.2}% 112
\BOOKMARK [3][-]{subsubsection.15.2.2}{\376\377\000V\000a\000r\000i\000a\000n\000t\000e\000s\000\040\000i\000m\000p\000l\000e\000m\000e\000n\000t\000a\000d\000a\000s}{subsection.15.2}% 113
\BOOKMARK [3][-]{subsubsection.15.2.3}{\376\377\000C\000o\000d\000i\000f\000i\000c\000a\000c\000i\000\363\000n\000\040\000d\000e\000\040\000a\000r\000i\000s\000t\000a\000s\000\040\000\050\000e\000d\000g\000e\000\137\000a\000t\000t\000r\000\051}{subsection.15.2}% 114
\BOOKMARK [3][-]{subsubsection.15.2.4}{\376\377\000H\000e\000a\000d\000s\000\040\000t\000e\000m\000p\000o\000r\000a\000l\000e\000s\000\040\000y\000\040\000e\000n\000s\000a\000m\000b\000l\000a\000d\000o\000\040\000d\000e\000\040\000s\000e\000c\000u\000e\000n\000c\000i\000a\000s}{subsection.15.2}% 115
\BOOKMARK [3][-]{subsubsection.15.2.5}{\376\377\000E\000s\000t\000r\000a\000t\000e\000g\000i\000a\000s\000\040\000d\000e\000\040\000c\000a\000c\000h\000e\000\040\000t\000e\000m\000p\000o\000r\000a\000l\000\040\000\050\000p\000u\000n\000t\000o\000\040\000c\000r\000\355\000t\000i\000c\000o\000\051}{subsection.15.2}% 116
\BOOKMARK [3][-]{subsubsection.15.2.6}{\376\377\000M\000a\000t\000r\000i\000z\000\040\000e\000x\000p\000e\000r\000i\000m\000e\000n\000t\000a\000l\000\040\000r\000e\000c\000o\000m\000e\000n\000d\000a\000d\000a}{subsection.15.2}% 117
\BOOKMARK [3][-]{subsubsection.15.2.7}{\376\377\000M\000\351\000t\000r\000i\000c\000a\000s\000\040\000p\000a\000r\000a\000\040\000e\000v\000e\000n\000t\000o\000s\000\040\000r\000a\000r\000o\000s}{subsection.15.2}% 118
\BOOKMARK [3][-]{subsubsection.15.2.8}{\376\377\000T\000r\000a\000z\000a\000b\000i\000l\000i\000d\000a\000d\000\040\000d\000e\000\040\000v\000a\000r\000i\000a\000n\000t\000e\000s}{subsection.15.2}% 119
\BOOKMARK [1][-]{section.16}{\376\377\000E\000n\000t\000r\000e\000n\000a\000m\000i\000e\000n\000t\000o\000\040\000y\000\040\000o\000p\000t\000i\000m\000i\000z\000a\000c\000i\000\363\000n}{}% 120
\BOOKMARK [2][-]{subsection.16.1}{\376\377\000F\000l\000u\000j\000o\000\040\000d\000e\000l\000\040\000e\000n\000t\000r\000e\000n\000a\000m\000i\000e\000n\000t\000o}{section.16}% 121
\BOOKMARK [2][-]{subsection.16.2}{\376\377\000T\000r\000a\000i\000n\000-\000m\000i\000n\000i\000b\000a\000t\000c\000h\000\040\000y\000\040\000r\000e\000g\000u\000l\000a\000r\000i\000z\000a\000c\000i\000\363\000n}{section.16}% 122
\BOOKMARK [1][-]{section.17}{\376\377\000G\000r\000a\000p\000h\000S\000M\000O\000T\000E\000:\000\040\000s\000\355\000n\000t\000e\000s\000i\000s\000\040\000d\000e\000\040\000n\000o\000d\000o\000s\000\040\000y\000\040\000a\000r\000i\000s\000t\000a\000s}{}% 123
\BOOKMARK [2][-]{subsection.17.1}{\376\377\000P\000a\000s\000o\000\040\0001\000:\000\040\000e\000m\000b\000e\000d\000d\000i\000n\000g\000s}{section.17}% 124
\BOOKMARK [2][-]{subsection.17.2}{\376\377\000P\000a\000s\000o\000\040\0002\000:\000\040\000S\000M\000O\000T\000E\000\040\000e\000n\000\040\000e\000m\000b\000e\000d\000d\000i\000n\000g\000s}{section.17}% 125
\BOOKMARK [2][-]{subsection.17.3}{\376\377\000P\000a\000s\000o\000\040\0003\000:\000\040\000d\000e\000c\000o\000d\000i\000f\000i\000c\000a\000d\000o\000r\000e\000s\000\040\000z\041\222\000x}{section.17}% 126
\BOOKMARK [2][-]{subsection.17.4}{\376\377\000P\000a\000s\000o\000\040\0004\000:\000\040\000i\000n\000s\000e\000r\000c\000i\000\363\000n\000\040\000d\000e\000\040\000n\000o\000d\000o\000s}{section.17}% 127
\BOOKMARK [2][-]{subsection.17.5}{\376\377\000P\000a\000s\000o\000\040\0005\000:\000\040\000g\000e\000n\000e\000r\000a\000c\000i\000\363\000n\000\040\000d\000e\000\040\000a\000r\000i\000s\000t\000a\000s\000\040\000s\000i\000n\000t\000\351\000t\000i\000c\000a\000s}{section.17}% 128
\BOOKMARK [2][-]{subsection.17.6}{\376\377\000M\000o\000d\000o\000s\000\040\000d\000e\000\040\000o\000p\000e\000r\000a\000c\000i\000\363\000n}{section.17}% 129
\BOOKMARK [1][-]{section.18}{\376\377\000I\000m\000G\000A\000G\000N\000:\000\040\000g\000e\000n\000e\000r\000a\000c\000i\000\363\000n\000\040\000a\000d\000v\000e\000r\000s\000a\000r\000i\000a\000l}{}% 130
\BOOKMARK [2][-]{subsection.18.1}{\376\377\000P\000a\000s\000o\000\040\0001\000:\000\040\000h\000o\000m\000o\000g\000e\000n\000i\000z\000a\000c\000i\000\363\000n}{section.18}% 131
\BOOKMARK [2][-]{subsection.18.2}{\376\377\000P\000a\000s\000o\000\040\0002\000:\000\040\000d\000e\000f\000i\000n\000i\000r\000\040\000c\000a\000n\000t\000i\000d\000a\000d\000\040\000d\000e\000\040\000s\000i\000n\000t\000\351\000t\000i\000c\000o\000s}{section.18}% 132
\BOOKMARK [2][-]{subsection.18.3}{\376\377\000P\000a\000s\000o\000\040\0003\000:\000\040\000g\000e\000n\000e\000r\000a\000d\000o\000r}{section.18}% 133
\BOOKMARK [2][-]{subsection.18.4}{\376\377\000P\000a\000s\000o\000\040\0004\000:\000\040\000d\000i\000s\000c\000r\000i\000m\000i\000n\000a\000d\000o\000r}{section.18}% 134
\BOOKMARK [2][-]{subsection.18.5}{\376\377\000P\000a\000s\000o\000\040\0005\000:\000\040\000e\000n\000t\000r\000e\000n\000a\000m\000i\000e\000n\000t\000o\000\040\000a\000d\000v\000e\000r\000s\000a\000r\000i\000a\000l}{section.18}% 135
\BOOKMARK [2][-]{subsection.18.6}{\376\377\000P\000a\000s\000o\000\040\0006\000:\000\040\000g\000r\000a\000f\000o\000\040\000f\000i\000n\000a\000l}{section.18}% 136
\BOOKMARK [1][-]{section.19}{\376\377\000O\000p\000t\000u\000n\000a\000\040\000\050\000b\000\372\000s\000q\000u\000e\000d\000a\000\040\000d\000e\000\040\000h\000i\000p\000e\000r\000p\000a\000r\000\341\000m\000e\000t\000r\000o\000s\000\051}{}% 137
\BOOKMARK [1][-]{section.20}{\376\377\000E\000v\000a\000l\000u\000a\000c\000i\000\363\000n\000,\000\040\000c\000a\000l\000i\000b\000r\000a\000c\000i\000\363\000n\000\040\000y\000\040\000a\000r\000t\000e\000f\000a\000c\000t\000o\000s}{}% 138
\BOOKMARK [1][-]{section.21}{\376\377\000A\000u\000d\000i\000t\000o\000r\000\355\000a\000\040\000t\000\351\000c\000n\000i\000c\000a\000\040\000y\000\040\000m\000e\000j\000o\000r\000e\000s\000\040\000p\000r\000\341\000c\000t\000i\000c\000a\000s}{}% 139
\BOOKMARK [2][-]{subsection.21.1}{\376\377\000F\000o\000r\000t\000a\000l\000e\000z\000a\000s\000\040\000o\000b\000s\000e\000r\000v\000a\000d\000a\000s}{section.21}% 140
\BOOKMARK [2][-]{subsection.21.2}{\376\377\000R\000i\000e\000s\000g\000o\000s\000\040\000o\000\040\000p\000u\000n\000t\000o\000s\000\040\000c\000r\000\355\000t\000i\000c\000o\000s\000\040\000\050\000a\000c\000t\000u\000a\000l\000i\000z\000a\000d\000o\000\051}{section.21}% 141
\BOOKMARK [2][-]{subsection.21.3}{\376\377\000R\000e\000c\000o\000m\000e\000n\000d\000a\000c\000i\000o\000n\000e\000s\000\040\000p\000r\000i\000o\000r\000i\000z\000a\000d\000a\000s\000\040\000\050\000e\000s\000t\000a\000d\000o\000\040\000a\000c\000t\000u\000a\000l\000\051}{section.21}% 142
\BOOKMARK [1][-]{section.22}{\376\377\000A\000n\000e\000x\000o\000:\000\040\000r\000e\000f\000e\000r\000e\000n\000c\000i\000a\000s\000\040\000a\000\040\000f\000u\000n\000c\000i\000o\000n\000e\000s\000\040\000y\000\040\000a\000r\000c\000h\000i\000v\000o\000s}{}% 143
\BOOKMARK [1][-]{section.23}{\376\377\000I\000m\000p\000l\000e\000m\000e\000n\000t\000a\000c\000i\000\363\000n\000\040\000d\000e\000\040\000M\000A\000-\000A\000I\000R\000L}{}% 144
\BOOKMARK [2][-]{subsection.23.1}{\376\377\000O\000b\000j\000e\000t\000i\000v\000o\000\040\000y\000\040\000a\000l\000c\000a\000n\000c\000e}{section.23}% 145
\BOOKMARK [2][-]{subsection.23.2}{\376\377\000A\000r\000q\000u\000i\000t\000e\000c\000t\000u\000r\000a\000\040\000g\000e\000n\000e\000r\000a\000l}{section.23}% 146
\BOOKMARK [2][-]{subsection.23.3}{\376\377\000D\000a\000t\000o\000s\000\040\000e\000x\000p\000e\000r\000t\000o\000s\000\040\000y\000\040\000c\000o\000n\000s\000t\000r\000u\000c\000c\000i\000\363\000n\000\040\000d\000e\000l\000\040\000e\000s\000t\000a\000d\000o}{section.23}% 147
\BOOKMARK [2][-]{subsection.23.4}{\376\377\000A\000c\000c\000i\000o\000n\000e\000s\000\040\000e\000x\000p\000e\000r\000t\000a\000s\000\040\000\050\000p\000r\000o\000x\000y\000\040\000d\000e\000\040\000S\000U\000M\000O\000\051}{section.23}% 148
\BOOKMARK [2][-]{subsection.23.5}{\376\377\000M\000o\000d\000e\000l\000o\000s\000\040\000d\000e\000\040\000M\000A\000-\000A\000I\000R\000L}{section.23}% 149
\BOOKMARK [2][-]{subsection.23.6}{\376\377\000F\000u\000n\000c\000i\000\363\000n\000\040\000d\000i\000s\000c\000r\000i\000m\000i\000n\000a\000d\000o\000r\000a\000\040\000y\000\040\000o\000b\000j\000e\000t\000i\000v\000o}{section.23}% 150
\BOOKMARK [2][-]{subsection.23.7}{\376\377\000P\000r\000o\000x\000y\000\040\000t\000e\000m\000p\000o\000r\000a\000l}{section.23}% 151
\BOOKMARK [2][-]{subsection.23.8}{\376\377\000M\000\351\000t\000r\000i\000c\000a\000s\000\040\000d\000e\000\040\000e\000n\000t\000r\000e\000n\000a\000m\000i\000e\000n\000t\000o}{section.23}% 152
\BOOKMARK [2][-]{subsection.23.9}{\376\377\000E\000x\000p\000o\000r\000t\000a\000c\000i\000\363\000n\000\040\000d\000e\000\040\000p\000a\000r\000\341\000m\000e\000t\000r\000o\000s\000\040\000a\000\040\000S\000U\000M\000O}{section.23}% 153
\BOOKMARK [2][-]{subsection.23.10}{\376\377\000I\000n\000t\000e\000g\000r\000a\000c\000i\000\363\000n\000\040\000e\000n\000\040\000l\000a\000\040\000U\000I}{section.23}% 154
\BOOKMARK [2][-]{subsection.23.11}{\376\377\000A\000r\000c\000h\000i\000v\000o\000s\000\040\000m\000o\000d\000i\000f\000i\000c\000a\000d\000o\000s}{section.23}% 155
\BOOKMARK [2][-]{subsection.23.12}{\376\377\000L\000i\000m\000i\000t\000a\000c\000i\000o\000n\000e\000s\000\040\000a\000c\000t\000u\000a\000l\000e\000s\000\040\000y\000\040\000p\000r\000\363\000x\000i\000m\000o\000s\000\040\000p\000a\000s\000o\000s}{section.23}% 156
