\BOOKMARK [1][-]{section.1}{\376\377\000C\000l\000u\000s\000t\000e\000r\000i\000n\000g}{}% 1
\BOOKMARK [2][-]{subsection.1.1}{\376\377\000O\000b\000j\000e\000c\000t\000i\000v\000e}{section.1}% 2
\BOOKMARK [2][-]{subsection.1.2}{\376\377\000D\000a\000t\000a\000\040\000a\000n\000d\000\040\000p\000r\000e\000p\000r\000o\000c\000e\000s\000s\000i\000n\000g}{section.1}% 3
\BOOKMARK [2][-]{subsection.1.3}{\376\377\000D\000r\000i\000v\000e\000r\000-\000l\000e\000v\000e\000l\000\040\000f\000e\000a\000t\000u\000r\000e\000\040\000e\000n\000g\000i\000n\000e\000e\000r\000i\000n\000g}{section.1}% 4
\BOOKMARK [3][-]{subsubsection.1.3.1}{\376\377\000C\000o\000u\000n\000t\000s\000,\000\040\000m\000e\000a\000n\000\040\000s\000p\000e\000e\000d\000,\000\040\000a\000n\000d\000\040\000l\000a\000n\000e\000\040\000u\000s\000a\000g\000e}{subsection.1.3}% 5
\BOOKMARK [3][-]{subsubsection.1.3.2}{\376\377\000R\000e\000l\000a\000t\000i\000v\000e\000\040\000s\000p\000e\000e\000d}{subsection.1.3}% 6
\BOOKMARK [3][-]{subsubsection.1.3.3}{\376\377\000H\000e\000a\000d\000w\000a\000y\000\040\000\050\000t\000i\000m\000e\000\040\000g\000a\000p\000\051}{subsection.1.3}% 7
\BOOKMARK [3][-]{subsubsection.1.3.4}{\376\377\000T\000T\000C\000\040\000a\000n\000d\000\040\000c\000o\000n\000f\000l\000i\000c\000t\000\040\000r\000a\000t\000e}{subsection.1.3}% 8
\BOOKMARK [3][-]{subsubsection.1.3.5}{\376\377\000L\000a\000n\000e\000\040\000c\000h\000a\000n\000g\000e\000s}{subsection.1.3}% 9
\BOOKMARK [3][-]{subsubsection.1.3.6}{\376\377\000M\000o\000n\000t\000h\000l\000y\000\040\000w\000e\000i\000g\000h\000t\000i\000n\000g\000\040\000\050\000o\000p\000t\000i\000o\000n\000a\000l\000\051}{subsection.1.3}% 10
\BOOKMARK [3][-]{subsubsection.1.3.7}{\376\377\000T\000e\000m\000p\000o\000r\000a\000l\000\040\000a\000c\000t\000i\000v\000i\000t\000y}{subsection.1.3}% 11
\BOOKMARK [2][-]{subsection.1.4}{\376\377\000D\000a\000t\000a\000\040\000p\000r\000e\000p\000a\000r\000a\000t\000i\000o\000n\000\040\000f\000o\000r\000\040\000c\000l\000u\000s\000t\000e\000r\000i\000n\000g}{section.1}% 12
\BOOKMARK [2][-]{subsection.1.5}{\376\377\000C\000l\000u\000s\000t\000e\000r\000i\000n\000g\000\040\000m\000e\000t\000h\000o\000d\000s}{section.1}% 13
\BOOKMARK [3][-]{subsubsection.1.5.1}{\376\377\000K\000-\000m\000e\000a\000n\000s}{subsection.1.5}% 14
\BOOKMARK [3][-]{subsubsection.1.5.2}{\376\377\000G\000a\000u\000s\000s\000i\000a\000n\000\040\000M\000i\000x\000t\000u\000r\000e\000\040\000M\000o\000d\000e\000l\000s\000\040\000\050\000G\000M\000M\000\051}{subsection.1.5}% 15
\BOOKMARK [3][-]{subsubsection.1.5.3}{\376\377\000H\000D\000B\000S\000C\000A\000N}{subsection.1.5}% 16
\BOOKMARK [2][-]{subsection.1.6}{\376\377\000F\000r\000e\000q\000u\000e\000n\000t\000\040\000v\000s\000.\000\040\000r\000a\000r\000e\000\040\000d\000r\000i\000v\000e\000r\000s\000\040\000\050\000o\000p\000t\000i\000o\000n\000a\000l\000\051}{section.1}% 17
\BOOKMARK [2][-]{subsection.1.7}{\376\377\000O\000u\000t\000p\000u\000t\000s\000\040\000a\000n\000d\000\040\000a\000r\000t\000i\000f\000a\000c\000t\000s}{section.1}% 18
\BOOKMARK [2][-]{subsection.1.8}{\376\377\000C\000l\000u\000s\000t\000e\000r\000\040\000v\000a\000r\000i\000a\000b\000l\000e\000s\000\040\000a\000g\000g\000r\000e\000g\000a\000t\000e\000d\000\040\000b\000y\000\040\000g\000a\000n\000t\000r\000y\000\040\000a\000n\000d\000\040\000i\000n\000t\000e\000r\000v\000a\000l}{section.1}% 19
\BOOKMARK [1][-]{section.2}{\376\377\000A\000c\000c\000i\000d\000e\000n\000t\000\040\000P\000r\000e\000d\000i\000c\000t\000i\000o\000n}{}% 20
\BOOKMARK [2][-]{subsection.2.1}{\376\377\000O\000b\000j\000e\000c\000t\000i\000v\000e}{section.2}% 21
\BOOKMARK [2][-]{subsection.2.2}{\376\377\000D\000a\000t\000a\000\040\000s\000o\000u\000r\000c\000e\000s}{section.2}% 22
\BOOKMARK [2][-]{subsection.2.3}{\376\377\000T\000e\000m\000p\000o\000r\000a\000l\000\040\000d\000i\000s\000c\000r\000e\000t\000i\000z\000a\000t\000i\000o\000n\000\040\000a\000n\000d\000\040\000n\000o\000t\000a\000t\000i\000o\000n}{section.2}% 23
\BOOKMARK [2][-]{subsection.2.4}{\376\377\000F\000e\000a\000t\000u\000r\000e\000\040\000e\000n\000g\000i\000n\000e\000e\000r\000i\000n\000g}{section.2}% 24
\BOOKMARK [3][-]{subsubsection.2.4.1}{\376\377\000M\000a\000c\000r\000o\000\040\000f\000l\000o\000w\000\040\000v\000a\000r\000i\000a\000b\000l\000e\000s}{subsection.2.4}% 25
\BOOKMARK [3][-]{subsubsection.2.4.2}{\376\377\000A\000g\000g\000r\000e\000g\000a\000t\000e\000d\000\040\000c\000l\000u\000s\000t\000e\000r\000\040\000v\000a\000r\000i\000a\000b\000l\000e\000s\000\040\000\050\000o\000p\000t\000i\000o\000n\000a\000l\000\051}{subsection.2.4}% 26
\BOOKMARK [2][-]{subsection.2.5}{\376\377\000T\000a\000r\000g\000e\000t\000\040\000d\000e\000f\000i\000n\000i\000t\000i\000o\000n\000\040\000\050\000l\000a\000b\000e\000l\000\051}{section.2}% 27
\BOOKMARK [2][-]{subsection.2.6}{\376\377\000D\000a\000t\000a\000s\000e\000t\000\040\000c\000o\000n\000s\000t\000r\000u\000c\000t\000i\000o\000n}{section.2}% 28
\BOOKMARK [2][-]{subsection.2.7}{\376\377\000T\000e\000m\000p\000o\000r\000a\000l\000\040\000s\000p\000l\000i\000t\000\040\000\050\000t\000r\000a\000i\000n\000/\000v\000a\000l\000i\000d\000a\000t\000i\000o\000n\000/\000t\000e\000s\000t\000\051}{section.2}% 29
\BOOKMARK [2][-]{subsection.2.8}{\376\377\000I\000m\000b\000a\000l\000a\000n\000c\000e\000\040\000h\000a\000n\000d\000l\000i\000n\000g}{section.2}% 30
\BOOKMARK [2][-]{subsection.2.9}{\376\377\000M\000o\000d\000e\000l\000s}{section.2}% 31
\BOOKMARK [2][-]{subsection.2.10}{\376\377\000T\000h\000r\000e\000s\000h\000o\000l\000d\000\040\000c\000a\000l\000i\000b\000r\000a\000t\000i\000o\000n\000\040\000w\000i\000t\000h\000\040\000F\000A\000R}{section.2}% 32
\BOOKMARK [2][-]{subsection.2.11}{\376\377\000E\000v\000a\000l\000u\000a\000t\000i\000o\000n\000\040\000m\000e\000t\000r\000i\000c\000s}{section.2}% 33
\BOOKMARK [2][-]{subsection.2.12}{\376\377\000F\000e\000a\000t\000u\000r\000e\000\040\000s\000e\000l\000e\000c\000t\000i\000o\000n\000\040\000a\000n\000d\000\040\000o\000p\000t\000i\000m\000i\000z\000a\000t\000i\000o\000n}{section.2}% 34
\BOOKMARK [2][-]{subsection.2.13}{\376\377\000E\000x\000p\000e\000r\000i\000m\000e\000n\000t\000s\000:\000\040\000e\000f\000f\000e\000c\000t\000\040\000o\000f\000\040\000c\000l\000u\000s\000t\000e\000r\000\040\000v\000a\000r\000i\000a\000b\000l\000e\000s}{section.2}% 35
\BOOKMARK [2][-]{subsection.2.14}{\376\377\000A\000r\000t\000i\000f\000a\000c\000t\000s}{section.2}% 36
\BOOKMARK [1][-]{section.3}{\376\377\000D\000r\000i\000f\000t\000\040\000d\000e\000t\000e\000c\000t\000i\000o\000n}{}% 37
\BOOKMARK [2][-]{subsection.3.1}{\376\377\000O\000b\000j\000e\000c\000t\000i\000v\000e\000,\000\040\000s\000c\000o\000p\000e\000,\000\040\000a\000n\000d\000\040\000r\000e\000l\000a\000t\000i\000o\000n\000\040\000t\000o\000\040\000t\000h\000e\000\040\000p\000a\000p\000e\000r}{section.3}% 38
\BOOKMARK [2][-]{subsection.3.2}{\376\377\000D\000e\000p\000e\000n\000d\000e\000n\000c\000i\000e\000s\000\040\000a\000n\000d\000\040\000d\000a\000t\000a\000\040\000s\000o\000u\000r\000c\000e\000s}{section.3}% 39
\BOOKMARK [2][-]{subsection.3.3}{\376\377\000T\000a\000b\000-\000b\000y\000-\000t\000a\000b\000\040\000U\000I\000\040\000m\000a\000p}{section.3}% 40
\BOOKMARK [2][-]{subsection.3.4}{\376\377\000F\000e\000a\000t\000u\000r\000e\000\040\000e\000n\000g\000i\000n\000e\000e\000r\000i\000n\000g\000\040\000a\000n\000d\000\040\000t\000a\000r\000g\000e\000t\000\040\000c\000o\000n\000s\000t\000r\000u\000c\000t\000i\000o\000n}{section.3}% 41
\BOOKMARK [2][-]{subsection.3.5}{\376\377\000D\000a\000t\000a\000\040\000p\000r\000e\000p\000a\000r\000a\000t\000i\000o\000n\000:\000\040\000S\000t\000a\000g\000e\000\040\0001\000\040\000a\000n\000d\000\040\000S\000t\000a\000g\000e\000\040\0002}{section.3}% 42
\BOOKMARK [2][-]{subsection.3.6}{\376\377\000F\000e\000a\000t\000u\000r\000e\000\040\000s\000e\000l\000e\000c\000t\000i\000o\000n}{section.3}% 43
\BOOKMARK [2][-]{subsection.3.7}{\376\377\000E\000x\000p\000e\000r\000i\000m\000e\000n\000t\000a\000l\000\040\000d\000e\000s\000i\000g\000n\000\040\000a\000n\000d\000\040\000s\000t\000r\000a\000t\000e\000g\000i\000e\000s}{section.3}% 44
\BOOKMARK [2][-]{subsection.3.8}{\376\377\000M\000e\000t\000r\000i\000c\000s\000,\000\040\000t\000a\000b\000l\000e\000s\000,\000\040\000a\000n\000d\000\040\000f\000i\000n\000a\000l\000\040\000a\000r\000t\000i\000f\000a\000c\000t\000s}{section.3}% 45
\BOOKMARK [2][-]{subsection.3.9}{\376\377\000V\000a\000l\000i\000d\000a\000t\000i\000o\000n\000\040\000t\000h\000r\000o\000u\000g\000h\000\040\000t\000e\000s\000t\000s}{section.3}% 46
\BOOKMARK [1][-]{section.4}{\376\377\000I\000n\000t\000r\000o\000d\000u\000c\000t\000i\000o\000n}{}% 47
\BOOKMARK [1][-]{section.5}{\376\377\000D\000a\000t\000a\000\040\000P\000r\000e\000p\000r\000o\000c\000e\000s\000s\000i\000n\000g}{}% 48
\BOOKMARK [1][-]{section.6}{\376\377\000V\000a\000r\000i\000a\000b\000l\000e\000\040\000C\000o\000m\000p\000u\000t\000a\000t\000i\000o\000n\000\040\000\050\000E\000v\000e\000n\000t\000\040\000L\000e\000v\000e\000l\000\051}{}% 49
\BOOKMARK [2][-]{subsection.6.1}{\376\377\000H\000e\000a\000d\000w\000a\000y\000\040\000\050\000h\000i\000\051}{section.6}% 50
\BOOKMARK [2][-]{subsection.6.2}{\376\377\000I\000n\000d\000e\000x\000e\000d\000\040\000R\000e\000l\000a\000t\000i\000v\000e\000\040\000S\000p\000e\000e\000d\000\040\000\050\000v\000r\000e\000l\000,\000\040\000i\000\051}{section.6}% 51
\BOOKMARK [2][-]{subsection.6.3}{\376\377\000C\000o\000n\000f\000l\000i\000c\000t\000\040\000a\000n\000d\000\040\000T\000T\000C\000\040\000\050\000T\000i\000m\000e\000\040\000T\000o\000\040\000C\000o\000l\000l\000i\000s\000i\000o\000n\000\051}{section.6}% 52
\BOOKMARK [1][-]{section.7}{\376\377\000A\000g\000g\000r\000e\000g\000a\000t\000i\000o\000n\000\040\000b\000y\000\040\000L\000i\000c\000e\000n\000s\000e\000\040\000P\000l\000a\000t\000e}{}% 53
\BOOKMARK [2][-]{subsection.7.1}{\376\377\000A\000g\000g\000r\000e\000g\000a\000t\000e\000d\000\040\000V\000a\000r\000i\000a\000b\000l\000e\000s}{section.7}% 54
\BOOKMARK [3][-]{subsubsection.7.1.1}{\376\377\000A\000v\000e\000r\000a\000g\000e\000\040\000S\000p\000e\000e\000d\000\040\000\050\000P\000\051}{subsection.7.1}% 55
\BOOKMARK [3][-]{subsubsection.7.1.2}{\376\377\000A\000v\000e\000r\000a\000g\000e\000\040\000R\000e\000l\000a\000t\000i\000v\000e\000\040\000S\000p\000e\000e\000d\000\040\000\050\000r\000e\000l\000,\000\040\000P\000\051}{subsection.7.1}% 56
\BOOKMARK [3][-]{subsubsection.7.1.3}{\376\377\000A\000v\000e\000r\000a\000g\000e\000\040\000H\000e\000a\000d\000w\000a\000y\000\040\000\050\000P\000\051}{subsection.7.1}% 57
\BOOKMARK [3][-]{subsubsection.7.1.4}{\376\377\000C\000o\000n\000f\000l\000i\000c\000t\000\040\000R\000a\000t\000e\000\040\000\050\000C\000R\000P\000\051}{subsection.7.1}% 58
\BOOKMARK [3][-]{subsubsection.7.1.5}{\376\377\000L\000a\000n\000e\000\040\000U\000s\000a\000g\000e\000\040\000\050\000L\000a\000n\000e\000k\000\051}{subsection.7.1}% 59
\BOOKMARK [3][-]{subsubsection.7.1.6}{\376\377\000L\000a\000n\000e\000\040\000C\000h\000a\000n\000g\000e\000\040\000R\000a\000t\000e\000\040\000\050\000L\000C\000R\000P\000\051}{subsection.7.1}% 60
\BOOKMARK [2][-]{subsection.7.2}{\376\377\000C\000o\000n\000s\000o\000l\000i\000d\000a\000t\000i\000o\000n\000\040\000S\000t\000r\000a\000t\000e\000g\000i\000e\000s}{section.7}% 61
\BOOKMARK [3][-]{subsubsection.7.2.1}{\376\377\0001\000.\000\040\000G\000l\000o\000b\000a\000l\000\040\000A\000g\000g\000r\000e\000g\000a\000t\000i\000o\000n\000\040\000\050\000D\000e\000f\000a\000u\000l\000t\000\051}{subsection.7.2}% 62
\BOOKMARK [3][-]{subsubsection.7.2.2}{\376\377\0002\000.\000\040\000M\000o\000n\000t\000h\000l\000y\000\040\000W\000e\000i\000g\000h\000t\000i\000n\000g}{subsection.7.2}% 63
\BOOKMARK [1][-]{section.8}{\376\377\000D\000e\000f\000i\000n\000i\000t\000i\000o\000n\000\040\000o\000f\000\040\000F\000r\000e\000q\000u\000e\000n\000t\000\040\000D\000r\000i\000v\000e\000r\000s}{}% 64
\BOOKMARK [1][-]{section.9}{\376\377\000P\000y\000t\000h\000o\000n\000\040\000I\000m\000p\000l\000e\000m\000e\000n\000t\000a\000t\000i\000o\000n}{}% 65
\BOOKMARK [2][-]{subsection.9.1}{\376\377\000D\000a\000t\000a\000\040\000C\000l\000e\000a\000n\000i\000n\000g\000:\000\040\000c\000l\000e\000a\000n\000\137\000f\000l\000u\000j\000o\000s\000\137\000f\000o\000r\000\137\000c\000l\000u\000s\000t\000e\000r\000i\000n\000g}{section.9}% 66
\BOOKMARK [2][-]{subsection.9.2}{\376\377\000F\000e\000a\000t\000u\000r\000e\000\040\000C\000o\000m\000p\000u\000t\000a\000t\000i\000o\000n\000:\000\040\000C\000l\000u\000s\000t\000e\000r\000i\000z\000a\000t\000i\000o\000n}{section.9}% 67
\BOOKMARK [3][-]{subsubsection.9.2.1}{\376\377\0001\000.\000\040\000S\000i\000m\000p\000l\000e\000\040\000M\000e\000t\000r\000i\000c\000s\000\040\000a\000n\000d\000\040\000P\000r\000e\000-\000c\000o\000m\000p\000u\000t\000a\000t\000i\000o\000n}{subsection.9.2}% 68
\BOOKMARK [3][-]{subsubsection.9.2.2}{\376\377\0002\000.\000\040\000R\000e\000l\000a\000t\000i\000v\000e\000\040\000S\000p\000e\000e\000d}{subsection.9.2}% 69
\BOOKMARK [3][-]{subsubsection.9.2.3}{\376\377\0003\000.\000\040\000I\000n\000t\000e\000r\000a\000c\000t\000i\000o\000n\000\040\000M\000e\000t\000r\000i\000c\000s\000\040\000\050\000H\000e\000a\000d\000w\000a\000y\000,\000\040\000C\000o\000n\000f\000l\000i\000c\000t\000\051}{subsection.9.2}% 70
\BOOKMARK [3][-]{subsubsection.9.2.4}{\376\377\0004\000.\000\040\000L\000a\000n\000e\000\040\000C\000h\000a\000n\000g\000e\000s\000\040\000\050\000L\000a\000n\000e\000\040\000C\000h\000a\000n\000g\000e\000s\000\051}{subsection.9.2}% 71
\BOOKMARK [3][-]{subsubsection.9.2.5}{\376\377\0005\000.\000\040\000W\000e\000i\000g\000h\000t\000i\000n\000g\000\040\000\050\000I\000f\000\040\000a\000p\000p\000l\000i\000c\000a\000b\000l\000e\000\051}{subsection.9.2}% 72
\BOOKMARK [1][-]{section.10}{\376\377\000S\000c\000o\000p\000e\000\040\000a\000n\000d\000\040\000m\000e\000t\000h\000o\000d\000o\000l\000o\000g\000y}{}% 73
\BOOKMARK [1][-]{section.11}{\376\377\000O\000v\000e\000r\000a\000l\000l\000\040\000p\000i\000p\000e\000l\000i\000n\000e\000\040\000m\000a\000p}{}% 74
\BOOKMARK [1][-]{section.12}{\376\377\000P\000i\000p\000e\000l\000i\000n\000e\000\040\000t\000a\000b\000\040\000b\000y\000\040\000t\000a\000b\000\040\000\050\000S\000t\000r\000e\000a\000m\000l\000i\000t\000\040\000G\000r\000a\000p\000h\000\040\000B\000u\000i\000l\000d\000e\000r\000\051}{}% 75
\BOOKMARK [2][-]{subsection.12.1}{\376\377\000E\000v\000e\000n\000t\000s}{section.12}% 76
\BOOKMARK [2][-]{subsection.12.2}{\376\377\000F\000e\000a\000t\000u\000r\000e\000\040\000E\000n\000g\000i\000n\000e\000e\000r\000i\000n\000g}{section.12}% 77
\BOOKMARK [2][-]{subsection.12.3}{\376\377\000F\000e\000a\000t\000u\000r\000e\000\040\000E\000x\000p\000l\000o\000r\000e\000r}{section.12}% 78
\BOOKMARK [2][-]{subsection.12.4}{\376\377\000F\000e\000a\000t\000u\000r\000e\000\040\000S\000e\000l\000e\000c\000t\000i\000o\000n}{section.12}% 79
\BOOKMARK [2][-]{subsection.12.5}{\376\377\000G\000r\000a\000p\000h}{section.12}% 80
\BOOKMARK [2][-]{subsection.12.6}{\376\377\000V\000i\000s\000u\000a\000l\000\040\000G\000r\000a\000p\000h}{section.12}% 81
\BOOKMARK [2][-]{subsection.12.7}{\376\377\000N\000e\000t\000w\000o\000r\000k}{section.12}% 82
\BOOKMARK [2][-]{subsection.12.8}{\376\377\000O\000p\000t\000u\000n\000a}{section.12}% 83
\BOOKMARK [2][-]{subsection.12.9}{\376\377\000B\000a\000l\000a\000n\000c\000e}{section.12}% 84
\BOOKMARK [2][-]{subsection.12.10}{\376\377\000T\000r\000a\000i\000n\000i\000n\000g}{section.12}% 85
\BOOKMARK [2][-]{subsection.12.11}{\376\377\000E\000v\000a\000l\000u\000a\000t\000i\000o\000n}{section.12}% 86
\BOOKMARK [2][-]{subsection.12.12}{\376\377\000H\000i\000s\000t\000o\000r\000y}{section.12}% 87
\BOOKMARK [2][-]{subsection.12.13}{\376\377\000E\000x\000p\000e\000r\000i\000m\000e\000n\000t\000s}{section.12}% 88
\BOOKMARK [1][-]{section.13}{\376\377\000G\000r\000a\000p\000h\000\040\000d\000a\000t\000a\000\040\000m\000o\000d\000e\000l}{}% 89
\BOOKMARK [2][-]{subsection.13.1}{\376\377\000E\000d\000g\000e\000s\000\040\000a\000n\000d\000\040\000a\000t\000t\000r\000i\000b\000u\000t\000e\000s}{section.13}% 90
\BOOKMARK [2][-]{subsection.13.2}{\376\377\000T\000e\000m\000p\000o\000r\000a\000l\000\040\000l\000a\000b\000e\000l\000i\000n\000g}{section.13}% 91
\BOOKMARK [1][-]{section.14}{\376\377\000G\000N\000N\000\040\000m\000o\000d\000e\000l\000\040\000a\000r\000c\000h\000i\000t\000e\000c\000t\000u\000r\000e}{}% 92
\BOOKMARK [2][-]{subsection.14.1}{\376\377\000T\000e\000m\000p\000o\000r\000a\000l\000\040\000h\000e\000a\000d\000\040\000\050\000o\000p\000t\000i\000o\000n\000a\000l\000\051}{section.14}% 93
\BOOKMARK [2][-]{subsection.14.2}{\376\377\000G\000N\000N\000\040\000v\000a\000r\000i\000a\000n\000t\000\040\000r\000e\000g\000i\000s\000t\000r\000y\000\040\000\050\000e\000n\000c\000o\000d\000e\000r\000\040\000+\000\040\000t\000e\000m\000p\000o\000r\000a\000l\000\040\000+\000\040\000e\000d\000g\000e\000\040\000p\000r\000o\000c\000e\000s\000s\000i\000n\000g\000\051}{section.14}% 94
\BOOKMARK [3][-]{subsubsection.14.2.1}{\376\377\000G\000e\000n\000e\000r\000a\000l\000\040\000c\000o\000m\000p\000a\000r\000a\000b\000i\000l\000i\000t\000y\000\040\000i\000d\000e\000a}{subsection.14.2}% 95
\BOOKMARK [3][-]{subsubsection.14.2.2}{\376\377\000I\000m\000p\000l\000e\000m\000e\000n\000t\000e\000d\000\040\000v\000a\000r\000i\000a\000n\000t\000s}{subsection.14.2}% 96
\BOOKMARK [3][-]{subsubsection.14.2.3}{\376\377\000E\000d\000g\000e\000\040\000a\000t\000t\000r\000i\000b\000u\000t\000e\000\040\000e\000n\000c\000o\000d\000i\000n\000g\000\040\000\050\000e\000d\000g\000e\000\137\000a\000t\000t\000r\000\051}{subsection.14.2}% 97
\BOOKMARK [3][-]{subsubsection.14.2.4}{\376\377\000T\000e\000m\000p\000o\000r\000a\000l\000\040\000h\000e\000a\000d\000s\000\040\000a\000n\000d\000\040\000s\000e\000q\000u\000e\000n\000c\000e\000\040\000a\000s\000s\000e\000m\000b\000l\000y}{subsection.14.2}% 98
\BOOKMARK [3][-]{subsubsection.14.2.5}{\376\377\000T\000e\000m\000p\000o\000r\000a\000l\000\040\000c\000a\000c\000h\000e\000\040\000s\000t\000r\000a\000t\000e\000g\000i\000e\000s\000\040\000\050\000c\000r\000i\000t\000i\000c\000a\000l\000\040\000i\000m\000p\000l\000e\000m\000e\000n\000t\000a\000t\000i\000o\000n\000\040\000p\000o\000i\000n\000t\000\051}{subsection.14.2}% 99
\BOOKMARK [3][-]{subsubsection.14.2.6}{\376\377\000R\000e\000c\000o\000m\000m\000e\000n\000d\000e\000d\000\040\000e\000x\000p\000e\000r\000i\000m\000e\000n\000t\000\040\000m\000a\000t\000r\000i\000x}{subsection.14.2}% 100
\BOOKMARK [3][-]{subsubsection.14.2.7}{\376\377\000M\000e\000t\000r\000i\000c\000s\000\040\000f\000o\000r\000\040\000r\000a\000r\000e\000\040\000e\000v\000e\000n\000t\000s}{subsection.14.2}% 101
\BOOKMARK [3][-]{subsubsection.14.2.8}{\376\377\000V\000a\000r\000i\000a\000n\000t\000\040\000t\000r\000a\000c\000e\000a\000b\000i\000l\000i\000t\000y}{subsection.14.2}% 102
\BOOKMARK [1][-]{section.15}{\376\377\000T\000r\000a\000i\000n\000i\000n\000g\000\040\000a\000n\000d\000\040\000o\000p\000t\000i\000m\000i\000z\000a\000t\000i\000o\000n}{}% 103
\BOOKMARK [2][-]{subsection.15.1}{\376\377\000T\000r\000a\000i\000n\000i\000n\000g\000\040\000f\000l\000o\000w}{section.15}% 104
\BOOKMARK [2][-]{subsection.15.2}{\376\377\000M\000i\000n\000i\000-\000b\000a\000t\000c\000h\000\040\000t\000r\000a\000i\000n\000i\000n\000g\000\040\000a\000n\000d\000\040\000r\000e\000g\000u\000l\000a\000r\000i\000z\000a\000t\000i\000o\000n}{section.15}% 105
\BOOKMARK [1][-]{section.16}{\376\377\000G\000r\000a\000p\000h\000S\000M\000O\000T\000E\000:\000\040\000s\000y\000n\000t\000h\000e\000t\000i\000c\000\040\000n\000o\000d\000e\000\040\000a\000n\000d\000\040\000e\000d\000g\000e\000\040\000g\000e\000n\000e\000r\000a\000t\000i\000o\000n}{}% 106
\BOOKMARK [2][-]{subsection.16.1}{\376\377\000S\000t\000e\000p\000\040\0001\000:\000\040\000e\000m\000b\000e\000d\000d\000i\000n\000g\000s}{section.16}% 107
\BOOKMARK [2][-]{subsection.16.2}{\376\377\000S\000t\000e\000p\000\040\0002\000:\000\040\000S\000M\000O\000T\000E\000\040\000i\000n\000\040\000e\000m\000b\000e\000d\000d\000i\000n\000g\000\040\000s\000p\000a\000c\000e}{section.16}% 108
\BOOKMARK [2][-]{subsection.16.3}{\376\377\000S\000t\000e\000p\000\040\0003\000:\000\040\000z\041\222\000x\000\040\000d\000e\000c\000o\000d\000e\000r\000s}{section.16}% 109
\BOOKMARK [2][-]{subsection.16.4}{\376\377\000S\000t\000e\000p\000\040\0004\000:\000\040\000n\000o\000d\000e\000\040\000i\000n\000s\000e\000r\000t\000i\000o\000n}{section.16}% 110
\BOOKMARK [2][-]{subsection.16.5}{\376\377\000S\000t\000e\000p\000\040\0005\000:\000\040\000s\000y\000n\000t\000h\000e\000t\000i\000c\000\040\000e\000d\000g\000e\000\040\000g\000e\000n\000e\000r\000a\000t\000i\000o\000n}{section.16}% 111
\BOOKMARK [2][-]{subsection.16.6}{\376\377\000O\000p\000e\000r\000a\000t\000i\000o\000n\000\040\000m\000o\000d\000e\000s}{section.16}% 112
\BOOKMARK [1][-]{section.17}{\376\377\000I\000m\000G\000A\000G\000N\000:\000\040\000a\000d\000v\000e\000r\000s\000a\000r\000i\000a\000l\000\040\000g\000e\000n\000e\000r\000a\000t\000i\000o\000n}{}% 113
\BOOKMARK [2][-]{subsection.17.1}{\376\377\000S\000t\000e\000p\000\040\0001\000:\000\040\000h\000o\000m\000o\000g\000e\000n\000i\000z\000a\000t\000i\000o\000n}{section.17}% 114
\BOOKMARK [2][-]{subsection.17.2}{\376\377\000S\000t\000e\000p\000\040\0002\000:\000\040\000d\000e\000f\000i\000n\000e\000\040\000s\000y\000n\000t\000h\000e\000t\000i\000c\000\040\000n\000o\000d\000e\000\040\000c\000o\000u\000n\000t}{section.17}% 115
\BOOKMARK [2][-]{subsection.17.3}{\376\377\000S\000t\000e\000p\000\040\0003\000:\000\040\000g\000e\000n\000e\000r\000a\000t\000o\000r}{section.17}% 116
\BOOKMARK [2][-]{subsection.17.4}{\376\377\000S\000t\000e\000p\000\040\0004\000:\000\040\000d\000i\000s\000c\000r\000i\000m\000i\000n\000a\000t\000o\000r}{section.17}% 117
\BOOKMARK [2][-]{subsection.17.5}{\376\377\000S\000t\000e\000p\000\040\0005\000:\000\040\000a\000d\000v\000e\000r\000s\000a\000r\000i\000a\000l\000\040\000t\000r\000a\000i\000n\000i\000n\000g}{section.17}% 118
\BOOKMARK [2][-]{subsection.17.6}{\376\377\000S\000t\000e\000p\000\040\0006\000:\000\040\000f\000i\000n\000a\000l\000\040\000g\000r\000a\000p\000h}{section.17}% 119
\BOOKMARK [1][-]{section.18}{\376\377\000O\000p\000t\000u\000n\000a\000\040\000\050\000h\000y\000p\000e\000r\000p\000a\000r\000a\000m\000e\000t\000e\000r\000\040\000o\000p\000t\000i\000m\000i\000z\000a\000t\000i\000o\000n\000\051}{}% 120
\BOOKMARK [1][-]{section.19}{\376\377\000E\000v\000a\000l\000u\000a\000t\000i\000o\000n\000,\000\040\000c\000a\000l\000i\000b\000r\000a\000t\000i\000o\000n\000,\000\040\000a\000n\000d\000\040\000a\000r\000t\000i\000f\000a\000c\000t\000s}{}% 121
\BOOKMARK [1][-]{section.20}{\376\377\000T\000e\000c\000h\000n\000i\000c\000a\000l\000\040\000a\000u\000d\000i\000t\000\040\000a\000n\000d\000\040\000b\000e\000s\000t\000\040\000p\000r\000a\000c\000t\000i\000c\000e\000s}{}% 122
\BOOKMARK [2][-]{subsection.20.1}{\376\377\000O\000b\000s\000e\000r\000v\000e\000d\000\040\000s\000t\000r\000e\000n\000g\000t\000h\000s}{section.20}% 123
\BOOKMARK [2][-]{subsection.20.2}{\376\377\000R\000i\000s\000k\000s\000\040\000a\000n\000d\000\040\000c\000r\000i\000t\000i\000c\000a\000l\000\040\000p\000o\000i\000n\000t\000s\000\040\000\050\000u\000p\000d\000a\000t\000e\000d\000\051}{section.20}% 124
\BOOKMARK [2][-]{subsection.20.3}{\376\377\000P\000r\000i\000o\000r\000i\000t\000i\000z\000e\000d\000\040\000r\000e\000c\000o\000m\000m\000e\000n\000d\000a\000t\000i\000o\000n\000s\000\040\000\050\000c\000u\000r\000r\000e\000n\000t\000\040\000s\000t\000a\000t\000u\000s\000\051}{section.20}% 125
\BOOKMARK [1][-]{section.21}{\376\377\000A\000p\000p\000e\000n\000d\000i\000x\000:\000\040\000f\000i\000l\000e\000\040\000a\000n\000d\000\040\000f\000u\000n\000c\000t\000i\000o\000n\000\040\000r\000e\000f\000e\000r\000e\000n\000c\000e\000s}{}% 126
\BOOKMARK [1][-]{section.22}{\376\377\000M\000A\000-\000A\000I\000R\000L\000\040\000I\000m\000p\000l\000e\000m\000e\000n\000t\000a\000t\000i\000o\000n}{}% 127
\BOOKMARK [2][-]{subsection.22.1}{\376\377\000O\000b\000j\000e\000c\000t\000i\000v\000e\000\040\000a\000n\000d\000\040\000s\000c\000o\000p\000e}{section.22}% 128
\BOOKMARK [2][-]{subsection.22.2}{\376\377\000O\000v\000e\000r\000a\000l\000l\000\040\000a\000r\000c\000h\000i\000t\000e\000c\000t\000u\000r\000e}{section.22}% 129
\BOOKMARK [2][-]{subsection.22.3}{\376\377\000E\000x\000p\000e\000r\000t\000\040\000d\000a\000t\000a\000\040\000a\000n\000d\000\040\000s\000t\000a\000t\000e\000\040\000c\000o\000n\000s\000t\000r\000u\000c\000t\000i\000o\000n}{section.22}% 130
\BOOKMARK [2][-]{subsection.22.4}{\376\377\000E\000x\000p\000e\000r\000t\000\040\000a\000c\000t\000i\000o\000n\000s\000\040\000\050\000S\000U\000M\000O\000\040\000p\000r\000o\000x\000y\000\051}{section.22}% 131
\BOOKMARK [2][-]{subsection.22.5}{\376\377\000M\000A\000-\000A\000I\000R\000L\000\040\000m\000o\000d\000e\000l\000s}{section.22}% 132
\BOOKMARK [2][-]{subsection.22.6}{\376\377\000D\000i\000s\000c\000r\000i\000m\000i\000n\000a\000t\000o\000r\000\040\000f\000u\000n\000c\000t\000i\000o\000n\000\040\000a\000n\000d\000\040\000o\000b\000j\000e\000c\000t\000i\000v\000e}{section.22}% 133
\BOOKMARK [2][-]{subsection.22.7}{\376\377\000T\000e\000m\000p\000o\000r\000a\000l\000\040\000p\000r\000o\000x\000y}{section.22}% 134
\BOOKMARK [2][-]{subsection.22.8}{\376\377\000T\000r\000a\000i\000n\000i\000n\000g\000\040\000m\000e\000t\000r\000i\000c\000s}{section.22}% 135
\BOOKMARK [2][-]{subsection.22.9}{\376\377\000E\000x\000p\000o\000r\000t\000\040\000o\000f\000\040\000p\000a\000r\000a\000m\000e\000t\000e\000r\000s\000\040\000t\000o\000\040\000S\000U\000M\000O}{section.22}% 136
\BOOKMARK [2][-]{subsection.22.10}{\376\377\000U\000I\000\040\000i\000n\000t\000e\000g\000r\000a\000t\000i\000o\000n}{section.22}% 137
\BOOKMARK [2][-]{subsection.22.11}{\376\377\000M\000o\000d\000i\000f\000i\000e\000d\000\040\000f\000i\000l\000e\000s}{section.22}% 138
\BOOKMARK [2][-]{subsection.22.12}{\376\377\000C\000u\000r\000r\000e\000n\000t\000\040\000l\000i\000m\000i\000t\000a\000t\000i\000o\000n\000s\000\040\000a\000n\000d\000\040\000n\000e\000x\000t\000\040\000s\000t\000e\000p\000s}{section.22}% 139
