This is pdfTeX, Version 3.141592653-2.6-1.40.27 (TeX Live 2025) (preloaded format=pdflatex 2025.3.8)  13 MAY 2026 21:22
entering extended mode
 restricted \write18 enabled.
 %&-line parsing enabled.
**docs/main_en.tex
(./docs/main_en.tex
LaTeX2e <2024-11-01> patch level 2
L3 programming layer <2025-01-18>
(/usr/local/texlive/2025/texmf-dist/tex/latex/base/article.cls
Document Class: article 2024/06/29 v1.4n Standard LaTeX document class
(/usr/local/texlive/2025/texmf-dist/tex/latex/base/size11.clo
File: size11.clo 2024/06/29 v1.4n Standard LaTeX file (size option)
)
\c@part=\count196
\c@section=\count197
\c@subsection=\count198
\c@subsubsection=\count199
\c@paragraph=\count266
\c@subparagraph=\count267
\c@figure=\count268
\c@table=\count269
\abovecaptionskip=\skip49
\belowcaptionskip=\skip50
\bibindent=\dimen141
)
(/usr/local/texlive/2025/texmf-dist/tex/latex/base/fontenc.sty
Package: fontenc 2021/04/29 v2.0v Standard LaTeX package
)
(/usr/local/texlive/2025/texmf-dist/tex/latex/base/inputenc.sty
Package: inputenc 2024/02/08 v1.3d Input encoding file
\inpenc@prehook=\toks17
\inpenc@posthook=\toks18
)
(/usr/local/texlive/2025/texmf-dist/tex/generic/babel/babel.sty
Package: babel 2025/02/14 v25.4 The multilingual framework for pdfLaTeX, LuaLaT
eX and XeLaTeX
\babel@savecnt=\count270
\U@D=\dimen142
\l@unhyphenated=\language90

(/usr/local/texlive/2025/texmf-dist/tex/generic/babel/txtbabel.def)
\bbl@readstream=\read2
\bbl@dirlevel=\count271

(/usr/local/texlive/2025/texmf-dist/tex/generic/babel-english/english.ldf
Language: english 2017/06/06 v3.3r English support from the babel system
Package babel Info: Hyphen rules for 'canadian' set to \l@english
(babel)             (\language0). Reported on input line 102.
Package babel Info: Hyphen rules for 'australian' set to \l@ukenglish
(babel)             (\language22). Reported on input line 105.
Package babel Info: Hyphen rules for 'newzealand' set to \l@ukenglish
(babel)             (\language22). Reported on input line 108.
))
(/usr/local/texlive/2025/texmf-dist/tex/generic/babel/locale/en/babel-english.t
ex
Package babel Info: Importing font and identification data for english
(babel)             from babel-en.ini. Reported on input line 11.
) (/usr/local/texlive/2025/texmf-dist/tex/latex/amsmath/amsmath.sty
Package: amsmath 2024/11/05 v2.17t AMS math features
\@mathmargin=\skip51

For additional information on amsmath, use the `?' option.
(/usr/local/texlive/2025/texmf-dist/tex/latex/amsmath/amstext.sty
Package: amstext 2021/08/26 v2.01 AMS text

(/usr/local/texlive/2025/texmf-dist/tex/latex/amsmath/amsgen.sty
File: amsgen.sty 1999/11/30 v2.0 generic functions
\@emptytoks=\toks19
\ex@=\dimen143
))
(/usr/local/texlive/2025/texmf-dist/tex/latex/amsmath/amsbsy.sty
Package: amsbsy 1999/11/29 v1.2d Bold Symbols
\pmbraise@=\dimen144
)
(/usr/local/texlive/2025/texmf-dist/tex/latex/amsmath/amsopn.sty
Package: amsopn 2022/04/08 v2.04 operator names
)
\inf@bad=\count272
LaTeX Info: Redefining \frac on input line 233.
\uproot@=\count273
\leftroot@=\count274
LaTeX Info: Redefining \overline on input line 398.
LaTeX Info: Redefining \colon on input line 409.
\classnum@=\count275
\DOTSCASE@=\count276
LaTeX Info: Redefining \ldots on input line 495.
LaTeX Info: Redefining \dots on input line 498.
LaTeX Info: Redefining \cdots on input line 619.
\Mathstrutbox@=\box52
\strutbox@=\box53
LaTeX Info: Redefining \big on input line 721.
LaTeX Info: Redefining \Big on input line 722.
LaTeX Info: Redefining \bigg on input line 723.
LaTeX Info: Redefining \Bigg on input line 724.
\big@size=\dimen145
LaTeX Font Info:    Redeclaring font encoding OML on input line 742.
LaTeX Font Info:    Redeclaring font encoding OMS on input line 743.
\macc@depth=\count277
LaTeX Info: Redefining \bmod on input line 904.
LaTeX Info: Redefining \pmod on input line 909.
LaTeX Info: Redefining \smash on input line 939.
LaTeX Info: Redefining \relbar on input line 969.
LaTeX Info: Redefining \Relbar on input line 970.
\c@MaxMatrixCols=\count278
\dotsspace@=\muskip17
\c@parentequation=\count279
\dspbrk@lvl=\count280
\tag@help=\toks20
\row@=\count281
\column@=\count282
\maxfields@=\count283
\andhelp@=\toks21
\eqnshift@=\dimen146
\alignsep@=\dimen147
\tagshift@=\dimen148
\tagwidth@=\dimen149
\totwidth@=\dimen150
\lineht@=\dimen151
\@envbody=\toks22
\multlinegap=\skip52
\multlinetaggap=\skip53
\mathdisplay@stack=\toks23
LaTeX Info: Redefining \[ on input line 2953.
LaTeX Info: Redefining \] on input line 2954.
)
(/usr/local/texlive/2025/texmf-dist/tex/latex/amsfonts/amssymb.sty
Package: amssymb 2013/01/14 v3.01 AMS font symbols

(/usr/local/texlive/2025/texmf-dist/tex/latex/amsfonts/amsfonts.sty
Package: amsfonts 2013/01/14 v3.01 Basic AMSFonts support
\symAMSa=\mathgroup4
\symAMSb=\mathgroup5
LaTeX Font Info:    Redeclaring math symbol \hbar on input line 98.
LaTeX Font Info:    Overwriting math alphabet `\mathfrak' in version `bold'
(Font)                  U/euf/m/n --> U/euf/b/n on input line 106.
))
(/usr/local/texlive/2025/texmf-dist/tex/latex/booktabs/booktabs.sty
Package: booktabs 2020/01/12 v1.61803398 Publication quality tables
\heavyrulewidth=\dimen152
\lightrulewidth=\dimen153
\cmidrulewidth=\dimen154
\belowrulesep=\dimen155
\belowbottomsep=\dimen156
\aboverulesep=\dimen157
\abovetopsep=\dimen158
\cmidrulesep=\dimen159
\cmidrulekern=\dimen160
\defaultaddspace=\dimen161
\@cmidla=\count284
\@cmidlb=\count285
\@aboverulesep=\dimen162
\@belowrulesep=\dimen163
\@thisruleclass=\count286
\@lastruleclass=\count287
\@thisrulewidth=\dimen164
)
(/usr/local/texlive/2025/texmf-dist/tex/latex/enumitem/enumitem.sty
Package: enumitem 2025/02/06 v3.11 Customized lists
\enitkv@toks@=\toks24
\labelindent=\skip54
\enit@outerparindent=\dimen165
\enit@toks=\toks25
\enit@inbox=\box54
\enit@count@id=\count288
\enitdp@description=\count289
)
(/usr/local/texlive/2025/texmf-dist/tex/latex/hyperref/hyperref.sty
Package: hyperref 2024-11-05 v7.01l Hypertext links for LaTeX

(/usr/local/texlive/2025/texmf-dist/tex/generic/iftex/iftex.sty
Package: iftex 2024/12/12 v1.0g TeX engine tests
)
(/usr/local/texlive/2025/texmf-dist/tex/latex/graphics/keyval.sty
Package: keyval 2022/05/29 v1.15 key=value parser (DPC)
\KV@toks@=\toks26
)
(/usr/local/texlive/2025/texmf-dist/tex/latex/kvsetkeys/kvsetkeys.sty
Package: kvsetkeys 2022-10-05 v1.19 Key value parser (HO)
)
(/usr/local/texlive/2025/texmf-dist/tex/generic/kvdefinekeys/kvdefinekeys.sty
Package: kvdefinekeys 2019-12-19 v1.6 Define keys (HO)
)
(/usr/local/texlive/2025/texmf-dist/tex/generic/pdfescape/pdfescape.sty
Package: pdfescape 2019/12/09 v1.15 Implements pdfTeX's escape features (HO)

(/usr/local/texlive/2025/texmf-dist/tex/generic/ltxcmds/ltxcmds.sty
Package: ltxcmds 2023-12-04 v1.26 LaTeX kernel commands for general use (HO)
)
(/usr/local/texlive/2025/texmf-dist/tex/generic/pdftexcmds/pdftexcmds.sty
Package: pdftexcmds 2020-06-27 v0.33 Utility functions of pdfTeX for LuaTeX (HO
)

(/usr/local/texlive/2025/texmf-dist/tex/generic/infwarerr/infwarerr.sty
Package: infwarerr 2019/12/03 v1.5 Providing info/warning/error messages (HO)
)
Package pdftexcmds Info: \pdf@primitive is available.
Package pdftexcmds Info: \pdf@ifprimitive is available.
Package pdftexcmds Info: \pdfdraftmode found.
))
(/usr/local/texlive/2025/texmf-dist/tex/latex/hycolor/hycolor.sty
Package: hycolor 2020-01-27 v1.10 Color options for hyperref/bookmark (HO)
)
(/usr/local/texlive/2025/texmf-dist/tex/latex/hyperref/nameref.sty
Package: nameref 2023-11-26 v2.56 Cross-referencing by name of section

(/usr/local/texlive/2025/texmf-dist/tex/latex/refcount/refcount.sty
Package: refcount 2019/12/15 v3.6 Data extraction from label references (HO)
)
(/usr/local/texlive/2025/texmf-dist/tex/generic/gettitlestring/gettitlestring.s
ty
Package: gettitlestring 2019/12/15 v1.6 Cleanup title references (HO)
 (/usr/local/texlive/2025/texmf-dist/tex/latex/kvoptions/kvoptions.sty
Package: kvoptions 2022-06-15 v3.15 Key value format for package options (HO)
))
\c@section@level=\count290
)
(/usr/local/texlive/2025/texmf-dist/tex/latex/etoolbox/etoolbox.sty
Package: etoolbox 2025/02/11 v2.5l e-TeX tools for LaTeX (JAW)
\etb@tempcnta=\count291
)
(/usr/local/texlive/2025/texmf-dist/tex/generic/stringenc/stringenc.sty
Package: stringenc 2019/11/29 v1.12 Convert strings between diff. encodings (HO
)
)
\@linkdim=\dimen166
\Hy@linkcounter=\count292
\Hy@pagecounter=\count293

(/usr/local/texlive/2025/texmf-dist/tex/latex/hyperref/pd1enc.def
File: pd1enc.def 2024-11-05 v7.01l Hyperref: PDFDocEncoding definition (HO)
Now handling font encoding PD1 ...
... no UTF-8 mapping file for font encoding PD1
)
(/usr/local/texlive/2025/texmf-dist/tex/generic/intcalc/intcalc.sty
Package: intcalc 2019/12/15 v1.3 Expandable calculations with integers (HO)
)
\Hy@SavedSpaceFactor=\count294

(/usr/local/texlive/2025/texmf-dist/tex/latex/hyperref/puenc.def
File: puenc.def 2024-11-05 v7.01l Hyperref: PDF Unicode definition (HO)
Now handling font encoding PU ...
... no UTF-8 mapping file for font encoding PU
)
Package hyperref Info: Hyper figures OFF on input line 4157.
Package hyperref Info: Link nesting OFF on input line 4162.
Package hyperref Info: Hyper index ON on input line 4165.
Package hyperref Info: Plain pages OFF on input line 4172.
Package hyperref Info: Backreferencing OFF on input line 4177.
Package hyperref Info: Implicit mode ON; LaTeX internals redefined.
Package hyperref Info: Bookmarks ON on input line 4424.
\c@Hy@tempcnt=\count295

(/usr/local/texlive/2025/texmf-dist/tex/latex/url/url.sty
\Urlmuskip=\muskip18
Package: url 2013/09/16  ver 3.4  Verb mode for urls, etc.
)
LaTeX Info: Redefining \url on input line 4763.
\XeTeXLinkMargin=\dimen167

(/usr/local/texlive/2025/texmf-dist/tex/generic/bitset/bitset.sty
Package: bitset 2019/12/09 v1.3 Handle bit-vector datatype (HO)

(/usr/local/texlive/2025/texmf-dist/tex/generic/bigintcalc/bigintcalc.sty
Package: bigintcalc 2019/12/15 v1.5 Expandable calculations on big integers (HO
)
))
\Fld@menulength=\count296
\Field@Width=\dimen168
\Fld@charsize=\dimen169
Package hyperref Info: Hyper figures OFF on input line 6042.
Package hyperref Info: Link nesting OFF on input line 6047.
Package hyperref Info: Hyper index ON on input line 6050.
Package hyperref Info: backreferencing OFF on input line 6057.
Package hyperref Info: Link coloring OFF on input line 6062.
Package hyperref Info: Link coloring with OCG OFF on input line 6067.
Package hyperref Info: PDF/A mode OFF on input line 6072.

(/usr/local/texlive/2025/texmf-dist/tex/latex/base/atbegshi-ltx.sty
Package: atbegshi-ltx 2021/01/10 v1.0c Emulation of the original atbegshi
package with kernel methods
)
\Hy@abspage=\count297
\c@Item=\count298
\c@Hfootnote=\count299
)
Package hyperref Info: Driver (autodetected): hpdftex.

(/usr/local/texlive/2025/texmf-dist/tex/latex/hyperref/hpdftex.def
File: hpdftex.def 2024-11-05 v7.01l Hyperref driver for pdfTeX

(/usr/local/texlive/2025/texmf-dist/tex/latex/base/atveryend-ltx.sty
Package: atveryend-ltx 2020/08/19 v1.0a Emulation of the original atveryend pac
kage
with kernel methods
)
\Fld@listcount=\count300
\c@bookmark@seq@number=\count301

(/usr/local/texlive/2025/texmf-dist/tex/latex/rerunfilecheck/rerunfilecheck.sty
Package: rerunfilecheck 2022-07-10 v1.10 Rerun checks for auxiliary files (HO)

(/usr/local/texlive/2025/texmf-dist/tex/generic/uniquecounter/uniquecounter.sty
Package: uniquecounter 2019/12/15 v1.4 Provide unlimited unique counter (HO)
)
Package uniquecounter Info: New unique counter `rerunfilecheck' on input line 2
85.
)
\Hy@SectionHShift=\skip55
) (/usr/local/texlive/2025/texmf-dist/tex/latex/geometry/geometry.sty
Package: geometry 2020/01/02 v5.9 Page Geometry

(/usr/local/texlive/2025/texmf-dist/tex/generic/iftex/ifvtex.sty
Package: ifvtex 2019/10/25 v1.7 ifvtex legacy package. Use iftex instead.
)
\Gm@cnth=\count302
\Gm@cntv=\count303
\c@Gm@tempcnt=\count304
\Gm@bindingoffset=\dimen170
\Gm@wd@mp=\dimen171
\Gm@odd@mp=\dimen172
\Gm@even@mp=\dimen173
\Gm@layoutwidth=\dimen174
\Gm@layoutheight=\dimen175
\Gm@layouthoffset=\dimen176
\Gm@layoutvoffset=\dimen177
\Gm@dimlist=\toks27
)
(/usr/local/texlive/2025/texmf-dist/tex/latex/l3backend/l3backend-pdftex.def
File: l3backend-pdftex.def 2024-05-08 L3 backend support: PDF output (pdfTeX)
\l__color_backend_stack_int=\count305
\l__pdf_internal_box=\box55
)
(./main_en.aux)
\openout1 = `main_en.aux'.

LaTeX Font Info:    Checking defaults for OML/cmm/m/it on input line 20.
LaTeX Font Info:    ... okay on input line 20.
LaTeX Font Info:    Checking defaults for OMS/cmsy/m/n on input line 20.
LaTeX Font Info:    ... okay on input line 20.
LaTeX Font Info:    Checking defaults for OT1/cmr/m/n on input line 20.
LaTeX Font Info:    ... okay on input line 20.
LaTeX Font Info:    Checking defaults for T1/cmr/m/n on input line 20.
LaTeX Font Info:    ... okay on input line 20.
LaTeX Font Info:    Checking defaults for TS1/cmr/m/n on input line 20.
LaTeX Font Info:    ... okay on input line 20.
LaTeX Font Info:    Checking defaults for OMX/cmex/m/n on input line 20.
LaTeX Font Info:    ... okay on input line 20.
LaTeX Font Info:    Checking defaults for U/cmr/m/n on input line 20.
LaTeX Font Info:    ... okay on input line 20.
LaTeX Font Info:    Checking defaults for PD1/pdf/m/n on input line 20.
LaTeX Font Info:    ... okay on input line 20.
LaTeX Font Info:    Checking defaults for PU/pdf/m/n on input line 20.
LaTeX Font Info:    ... okay on input line 20.
Package hyperref Info: Link coloring OFF on input line 20.
 (./main_en.out) (./main_en.out)
\@outlinefile=\write3
\openout3 = `main_en.out'.


*geometry* driver: auto-detecting
*geometry* detected driver: pdftex
*geometry* verbose mode - [ preamble ] result:
* driver: pdftex
* paper: <default>
* layout: <same size as paper>
* layoutoffset:(h,v)=(0.0pt,0.0pt)
* modes: 
* h-part:(L,W,R)=(71.13188pt, 472.03123pt, 71.13188pt)
* v-part:(T,H,B)=(71.13188pt, 652.70622pt, 71.13188pt)
* \paperwidth=614.295pt
* \paperheight=794.96999pt
* \textwidth=472.03123pt
* \textheight=652.70622pt
* \oddsidemargin=-1.1381pt
* \evensidemargin=-1.1381pt
* \topmargin=-38.1381pt
* \headheight=12.0pt
* \headsep=25.0pt
* \topskip=11.0pt
* \footskip=30.0pt
* \marginparwidth=59.0pt
* \marginparsep=10.0pt
* \columnsep=10.0pt
* \skip\footins=10.0pt plus 4.0pt minus 2.0pt
* \hoffset=0.0pt
* \voffset=0.0pt
* \mag=1000
* \@twocolumnfalse
* \@twosidefalse
* \@mparswitchfalse
* \@reversemarginfalse
* (1in=72.27pt=25.4mm, 1cm=28.453pt)

LaTeX Font Info:    Trying to load font information for U+msa on input line 22.

(/usr/local/texlive/2025/texmf-dist/tex/latex/amsfonts/umsa.fd
File: umsa.fd 2013/01/14 v3.01 AMS symbols A
)
LaTeX Font Info:    Trying to load font information for U+msb on input line 22.


(/usr/local/texlive/2025/texmf-dist/tex/latex/amsfonts/umsb.fd
File: umsb.fd 2013/01/14 v3.01 AMS symbols B
) (./main_en.toc

[1

{/usr/local/texlive/2025/texmf-var/fonts/map/pdftex/updmap/pdftex.map}{/usr/loc
al/texlive/2025/texmf-dist/fonts/enc/dvips/cm-super/cm-super-t1.enc}]

[2]

[3]

[4])
\tf@toc=\write4
\openout4 = `main_en.toc'.

 (./docs/sections/clustering_en.tex

[5]
Overfull \hbox (2.98209pt too wide) in paragraph at lines 33--34
\T1/cmr/m/n/10.95 passes. In the im-ple-men-ta-tion, these vari-ables are store
d in \T1/cmtt/m/n/10.95 Resultados/cluster_features*.duckdb
 []



[6{/usr/local/texlive/2025/texmf-dist/fonts/enc/dvips/cm-super/cm-super-ts1.enc
}]
Overfull \hbox (23.70226pt too wide) in paragraph at lines 95--97
\T1/cmr/m/n/10.95 ta-ble of \T1/cmtt/m/n/10.95 cluster_features*.duckdb \T1/cmr
/m/n/10.95 files, with \T1/cmtt/m/n/10.95 ttc_mode\T1/cmr/m/n/10.95 , \T1/cmtt/
m/n/10.95 ttc_fixed_seconds\T1/cmr/m/n/10.95 , and \T1/cmtt/m/n/10.95 ttc_thres
hold_map\T1/cmr/m/n/10.95 . 
 []



[7]
Overfull \hbox (244.4119pt too wide) detected at line 119
\OML/cmm/m/it/10.95 n[] \OT1/cmr/m/n/10.95 = [] \OML/cmm/m/it/10.95 ;  n[] \OT1
/cmr/m/n/10.95 = [] \OML/cmm/m/it/10.95 ;  n[] \OT1/cmr/m/n/10.95 = [] \OML/cmm
/m/it/10.95 ;  n[] \OT1/cmr/m/n/10.95 = [] \OML/cmm/m/it/10.95 :
 []


Overfull \hbox (1.1741pt too wide) in paragraph at lines 119--121
\T1/cmr/m/n/10.95 fields are ma-te-ri-al-ized as \T1/cmtt/m/n/10.95 n_days_acti
ve\T1/cmr/m/n/10.95 , \T1/cmtt/m/n/10.95 n_weeks_active\T1/cmr/m/n/10.95 , \T1/
cmtt/m/n/10.95 n_months_active\T1/cmr/m/n/10.95 , and \T1/cmtt/m/n/10.95 n_year
s_active\T1/cmr/m/n/10.95 . 
 []



[8]

[9]
Overfull \hbox (3.67946pt too wide) in paragraph at lines 214--216
\T1/cmtt/m/n/10.95 Resultados/dynamic_gmm_*.duckdb\T1/cmr/m/n/10.95 , with ta-b
les \T1/cmtt/m/n/10.95 dynamic_assignments\T1/cmr/m/n/10.95 , \T1/cmtt/m/n/10.9
5 dynamic_window_summary\T1/cmr/m/n/10.95 ,
 []


Overfull \hbox (42.9122pt too wide) in paragraph at lines 214--216
\T1/cmr/m/n/10.95 and \T1/cmtt/m/n/10.95 dynamic_metadata\T1/cmr/m/n/10.95 . In
 preva-lent mode, meta-data in-clude \T1/cmtt/m/n/10.95 assignment_scope\T1/cmr
/m/n/10.95 , \T1/cmtt/m/n/10.95 prevalent_fraction_pct\T1/cmr/m/n/10.95 ,
 []


Overfull \hbox (34.2477pt too wide) in paragraph at lines 214--216
\T1/cmtt/m/n/10.95 prevalent_plate_count\T1/cmr/m/n/10.95 , \T1/cmtt/m/n/10.95 
prevalent_source\T1/cmr/m/n/10.95 , and a sta-ble hash of the se-lected plates 
for re-sume/checkpoint
 []


Overfull \hbox (4.79655pt too wide) in paragraph at lines 220--221
[]\T1/cmr/m/n/10.95 Per-plate vari-ables in DuckDB: \T1/cmtt/m/n/10.95 cluster_
features*.duckdb\T1/cmr/m/n/10.95 , in-clud-ing re-pro-ducible TTC meta-
 []



[10]) (./docs/sections/accident_prediction_en.tex

[11]
Overfull \hbox (24.50195pt too wide) in paragraph at lines 35--38
\T1/cmr/m/n/10.95 Finally, a wide ma-trix is con-structed with columns of the f
orm \T1/cmtt/m/n/10.95 flow_<cat>\T1/cmr/m/n/10.95 , \T1/cmtt/m/n/10.95 speed_<
cat>\T1/cmr/m/n/10.95 , \T1/cmtt/m/n/10.95 density_<cat>\T1/cmr/m/n/10.95 ,
 []



[12]
Overfull \hbox (16.90701pt too wide) in paragraph at lines 77--78
[]\T1/cmr/m/n/10.95 (Optional) Com-pute clus-ter vari-ables by $\OT1/cmr/m/n/10
.95 (\OML/cmm/m/it/10.95 p; ^^\\OT1/cmr/m/n/10.95 )$ \T1/cmr/m/n/10.95 and join
 them by key \T1/cmtt/m/n/10.95 (portico, interval_start)\T1/cmr/m/n/10.95 . 
 []



[13]
Overfull \hbox (6.73718pt too wide) in paragraph at lines 114--115
[]\T1/cmr/m/n/10.95 Besides FAR, the app can choose thresh-olds by \T1/cmr/bx/n
/10.95 F1\T1/cmr/m/n/10.95 , \T1/cmr/bx/n/10.95 Bal-anced F1\T1/cmr/m/n/10.95 ,
 \T1/cmr/bx/n/10.95 MCC\T1/cmr/m/n/10.95 , \T1/cmr/bx/n/10.95 Re-call@N alerts/
day\T1/cmr/m/n/10.95 ,
 []


Overfull \hbox (21.40096pt too wide) in paragraph at lines 140--141
\T1/cmr/m/n/10.95 JSON keeps \T1/cmtt/m/n/10.95 dataset_fingerprint\T1/cmr/m/n/
10.95 , se-lected vari-ables, \T1/cmtt/m/n/10.95 feature_cols\T1/cmr/m/n/10.95 
, \T1/cmtt/m/n/10.95 search_space\T1/cmr/m/n/10.95 , \T1/cmtt/m/n/10.95 optuna_
settings\T1/cmr/m/n/10.95 ,
 []



[14]
Overfull \hbox (53.98518pt too wide) in paragraph at lines 151--152
\T1/cmr/m/n/10.95 sion ma-tri-ces, and saves the run in \T1/cmtt/m/n/10.95 Resu
ltados/experiment_history.jsonl \T1/cmr/m/n/10.95 and \T1/cmtt/m/n/10.95 Result
ados/model_history/\T1/cmr/m/n/10.95 . 
 []



[15]
Overfull \hbox (52.77353pt too wide) in paragraph at lines 170--171
[]\T1/cmr/m/n/10.95 Balanced datasets by fam-ily: \T1/cmtt/m/n/10.95 accident_b
alanced*_base.csv\T1/cmr/m/n/10.95 , \T1/cmtt/m/n/10.95 accident_balanced*_clus
ter_only.csv\T1/cmr/m/n/10.95 ,
 []


Overfull \hbox (152.56113pt too wide) in paragraph at lines 172--173
\T1/cmtt/m/n/10.95 controlled_comparison_curves_*.csv\T1/cmr/m/n/10.95 , \T1/cm
tt/m/n/10.95 controlled_comparison_grid_*.csv\T1/cmr/m/n/10.95 , \T1/cmtt/m/n/1
0.95 best_highway_section_controlled_*.csv\T1/cmr/m/n/10.95 ,
 []


Overfull \hbox (21.94495pt too wide) in paragraph at lines 174--175
[]\T1/cmr/m/n/10.95 Persistent model bun-dles: \T1/cmtt/m/n/10.95 model_history
/<run_id>/<strategy>/model.joblib\T1/cmr/m/n/10.95 , \T1/cmtt/m/n/10.95 manifes
t.json\T1/cmr/m/n/10.95 ,
 []

) (./docs/sections/dynamic_gmm_feature_engineering_en.tex
Overfull \hbox (3.64256pt too wide) in paragraph at lines 194--1
[]\T1/cmr/m/n/10.95 Tree-based mod-els (\T1/cmtt/m/n/10.95 Random Forest \T1/cm
r/m/n/10.95 and \T1/cmtt/m/n/10.95 XGBoost\T1/cmr/m/n/10.95 ) use \T1/cmtt/m/n/
10.95 TreeExplainer\T1/cmr/m/n/10.95 ; \T1/cmtt/m/n/10.95 SVM \T1/cmr/m/n/10.95
 uses \T1/cmtt/m/n/10.95 KernelExplainer
 []



[16]
Overfull \hbox (0.3498pt too wide) in paragraph at lines 36--37
[]\T1/cmtt/m/n/10.95 cluster_prob_0\T1/cmr/m/n/10.95 , \T1/cmtt/m/n/10.95 clust
er_prob_1\T1/cmr/m/n/10.95 , ...: pos-te-rior cluster-membership prob-a-bil-i-t
ies when avail-
 []



[17]

[18]

[19]
LaTeX Font Info:    Font shape `T1/cmtt/bx/n' in size <10.95> not available
(Font)              Font shape `T1/cmtt/m/n' tried instead on input line 190.


[20]
Overfull \hbox (26.98376pt too wide) in paragraph at lines 216--217
[]\T1/cmr/m/n/10.95 If the mode is dy-namic GMM, run \T1/cmtt/m/n/10.95 _comput
e_dynamic_gmm_cluster_features_duckdb_batch(...)
 []



[21]) (./docs/sections/nlp_severity_replication_en.tex

[22]

[23]
Overfull \hbox (57.4988pt too wide) in paragraph at lines 50--52
\T1/cmr/m/n/10.95 Before run-ning any ex-per-i-ment, the code checks \T1/cmtt/m
/n/10.95 Resultados/nlp_in_severity/paper_replication/<run_id>/
 []


Overfull \hbox (118.14243pt too wide) in paragraph at lines 59--61
\T1/cmr/m/n/10.95 The \T1/cmtt/m/n/10.95 frozen \T1/cmr/m/n/10.95 route loads \
T1/cmtt/m/n/10.95 NLP/Dataframes/resultado.pkl \T1/cmr/m/n/10.95 and nor-mal-iz
es the dataset with \T1/cmtt/m/n/10.95 _ensure_paper_dataset_columns\T1/cmr/m/n
/10.95 .
 []



[24]
Overfull \hbox (0.81932pt too wide) in paragraph at lines 74--75
[]\T1/cmr/bx/n/10.95 Coverage fil-ter-ing. \T1/cmr/m/n/10.95 Drop crashes that 
do not have flow cov-er-age at the up-stream/downstream
 []


Overfull \hbox (39.78645pt too wide) in paragraph at lines 77--78
[]\T1/cmr/bx/n/10.95 Embedding ex-trac-tion. \T1/cmr/m/n/10.95 Call \T1/cmtt/m/
n/10.95 generate_text_embeddings \T1/cmr/m/n/10.95 with \T1/cmtt/m/n/10.95 meth
od = transformer_finetuned\T1/cmr/m/n/10.95 ,
 []


Overfull \hbox (87.23943pt too wide) in paragraph at lines 81--82
\T1/cmr/m/n/10.95 These sub-steps are check-pointed as \T1/cmtt/m/n/10.95 raw.b
uild.features\T1/cmr/m/n/10.95 , \T1/cmtt/m/n/10.95 raw.build.embeddings\T1/cmr
/m/n/10.95 , \T1/cmtt/m/n/10.95 raw.build.embedding_selection\T1/cmr/m/n/10.95 
,
 []



[25]
Overfull \hbox (28.33339pt too wide) in paragraph at lines 108--109
[]\T1/cmr/m/n/10.95 SMOTE bal-anc-ing is ap-plied in-side the in-ner hy-per-pa-
ram-e-ter search (\T1/cmtt/m/n/10.95 _paper_optimize_xgb_model\T1/cmr/m/n/10.95
 ),
 []


Overfull \hbox (61.5819pt too wide) in paragraph at lines 121--122
\OMS/cmsy/m/n/10.95 f\OT1/cmr/m/n/10.95 0\OML/cmm/m/it/10.95 :\OT1/cmr/m/n/10.9
5 01\OML/cmm/m/it/10.95 ; \OT1/cmr/m/n/10.95 0\OML/cmm/m/it/10.95 :\OT1/cmr/m/n
/10.95 05\OML/cmm/m/it/10.95 ; \OT1/cmr/m/n/10.95 0\OML/cmm/m/it/10.95 :\OT1/cm
r/m/n/10.95 1\OMS/cmsy/m/n/10.95 g$\T1/cmr/m/n/10.95 , \T1/cmtt/m/n/10.95 n_est
imators $\OMS/cmsy/m/n/10.95 2 f\OT1/cmr/m/n/10.95 100\OML/cmm/m/it/10.95 ; \OT
1/cmr/m/n/10.95 250\OML/cmm/m/it/10.95 ; \OT1/cmr/m/n/10.95 500\OML/cmm/m/it/10
.95 ; \OT1/cmr/m/n/10.95 750\OML/cmm/m/it/10.95 ; \OT1/cmr/m/n/10.95 1000\OMS/c
msy/m/n/10.95 g$\T1/cmr/m/n/10.95 , \T1/cmtt/m/n/10.95 subsample $\OMS/cmsy/m/n
/10.95 2 f\OT1/cmr/m/n/10.95 0\OML/cmm/m/it/10.95 :\OT1/cmr/m/n/10.95 5\OML/cmm
/m/it/10.95 ; \OT1/cmr/m/n/10.95 0\OML/cmm/m/it/10.95 :\OT1/cmr/m/n/10.95 8\OML
/cmm/m/it/10.95 ; \OT1/cmr/m/n/10.95 1\OML/cmm/m/it/10.95 :\OT1/cmr/m/n/10.95 0
\OMS/cmsy/m/n/10.95 g$\T1/cmr/m/n/10.95 , \T1/cmtt/m/n/10.95 colsample_bytree
 []



[26]

[27]
Overfull \hbox (69.8966pt too wide) in paragraph at lines 171--172
\T1/cmr/m/n/10.95 This syn-chro-niza-tion is idem-po-tent and is skipped when \
T1/cmtt/m/n/10.95 manifest.json \T1/cmr/m/n/10.95 al-ready records \T1/cmtt/m/n
/10.95 registry_sync.completed
 []


Overfull \hbox (49.7884pt too wide) in paragraph at lines 180--181
[]\T1/cmr/bx/n/10.95 The op-er-a-tional FN rate dif-fers from the con-ven-tiona
l def-i-ni-tion. \T1/cmr/m/n/10.95 In \T1/cmtt/m/n/10.95 _classification_metric
s\T1/cmr/m/n/10.95 ,
 []


Overfull \hbox (10.9701pt too wide) in paragraph at lines 182--183
\T1/cmr/m/n/10.95 ran-dom split-ting. The code uses \T1/cmtt/m/n/10.95 split_mo
de = "Temporal"\T1/cmr/m/n/10.95 : rows are sorted by \T1/cmtt/m/n/10.95 accide
nte_time
 []



[28]
Overfull \hbox (12.96892pt too wide) in paragraph at lines 184--185
\T1/cmtt/m/n/10.95 GridSearch original\T1/cmr/m/n/10.95 ) with pro-gres-sively 
larger search spaces, and two back-ends (\T1/cmtt/m/n/10.95 GridSearchCV\T1/cmr
/m/n/10.95 ,
 []



[29]
Overfull \hbox (43.43689pt too wide) in paragraph at lines 210--211
[]\T1/cmr/m/n/10.95 if the com-par-i-son passed, in-spect \T1/cmtt/m/n/10.95 ex
port/payload.json \T1/cmr/m/n/10.95 and the pro-moted as-sets in \T1/cmtt/m/n/1
0.95 NLP/Latex/images/
 []

) (./docs/sections/drift_detection_en.tex
Overfull \hbox (33.91792pt too wide) in paragraph at lines 16--17
\T1/cmr/m/n/10.95 ad-di-tion, the fo-cus cor-ri-dor is con-strained to the fixe
d gantry set \T1/cmtt/m/n/10.95 11, 12, 14, 15 \T1/cmr/m/n/10.95 (\T1/cmtt/m/n/
10.95 DRIFT_FOCUS_PORTICOS\T1/cmr/m/n/10.95 ),
 []


Overfull \hbox (1.69348pt too wide) in paragraph at lines 19--20
\T1/cmr/m/n/10.95 re-lies on \T1/cmtt/m/n/10.95 Datos/Porticos.csv \T1/cmr/m/n/
10.95 for geospa-tial map-ping and gantry re-la-tion-ships via \T1/cmtt/m/n/10.
95 load_porticos()\T1/cmr/m/n/10.95 ,
 []


Overfull \hbox (3.407pt too wide) in paragraph at lines 30--31
\T1/cmr/m/n/10.95 The \T1/cmtt/m/n/10.95 main() \T1/cmr/m/n/10.95 func-tion cre
-ates five tabs with the ac-tual la-bels \T1/cmtt/m/n/10.95 Eventos\T1/cmr/m/n/
10.95 , \T1/cmtt/m/n/10.95 Feature engineering\T1/cmr/m/n/10.95 , \T1/cmtt/m/n/
10.95 Feature
 []



[30]
Overfull \hbox (1.54054pt too wide) in paragraph at lines 39--40
 []\T1/cmr/bx/n/10.95 Feature Se-lec-tion[] \T1/cmtt/m/n/10.95 _render_feature_
selection_tab() \T1/cmr/m/n/10.95 runs cor-re-la-tion fil-ter-ing, Random-Fores
t
 []


Overfull \hbox (74.78091pt too wide) in paragraph at lines 48--49
\T1/cmr/m/n/10.95 Feature en-gi-neer-ing is cen-tered on \T1/cmtt/m/n/10.95 _co
mpute_drift_article_features()\T1/cmr/m/n/10.95 , sup-ported by \T1/cmtt/m/n/10
.95 feature_catalog_table()
 []


Overfull \hbox (52.9123pt too wide) in paragraph at lines 66--68
\OML/cmm/m/it/10.95 p[]$\T1/cmr/m/n/10.95 , and lane $\OML/cmm/m/it/10.95 `[]$\
T1/cmr/m/n/10.95 . The app maps \T1/cmtt/m/n/10.95 CATEGORIA \T1/cmr/m/n/10.95 
to \T1/cmtt/m/n/10.95 Light/Heavy/Motorcycle \T1/cmr/m/n/10.95 through \T1/cmtt
/m/n/10.95 DRIFT_ARTICLE_CATEGORY_MAP\T1/cmr/m/n/10.95 ,
 []



[31]

[32]
Overfull \hbox (1.51105pt too wide) in paragraph at lines 166--167
\T1/cmr/m/n/10.95 and cat-e-gory $\OML/cmm/m/it/10.95 c$\T1/cmr/m/n/10.95 . Fro
m that set the code builds columns such as \T1/cmtt/m/n/10.95 flow_light_15_14\
T1/cmr/m/n/10.95 , \T1/cmtt/m/n/10.95 vel_heavy_14_12\T1/cmr/m/n/10.95 ,
 []



[33]
Overfull \hbox (198.47757pt too wide) in paragraph at lines 208--209
\T1/cmr/m/n/10.95 and deltas are reini-tial-ized at batch bound-aries with $\OT
1/cmr/m/n/10.95 0$ \T1/cmr/m/n/10.95 or \T1/cmtt/m/n/10.95 NaN\T1/cmr/m/n/10.95
 ; this is cov-ered by \T1/cmtt/m/n/10.95 test_drift_batched_flow_features_duck
db_consistency\T1/cmr/m/n/10.95 . 
 []



[34]
Overfull \hbox (20.14696pt too wide) in paragraph at lines 219--221
\T1/cmr/m/n/10.95 the next 5-minute in-ter-val. The test \T1/cmtt/m/n/10.95 tes
t_drift_article_features_cover_table4_and_target_shift
 []


Overfull \hbox (89.85771pt too wide) in paragraph at lines 223--224
\T1/cmr/m/n/10.95 Paper Sec-tion 4.2 is op-er-a-tional-ized through \T1/cmtt/m/
n/10.95 apply_missing_data_policy()\T1/cmr/m/n/10.95 , \T1/cmtt/m/n/10.95 ident
ify_long_zero_accident_runs()\T1/cmr/m/n/10.95 ,
 []


Overfull \hbox (133.85304pt too wide) in paragraph at lines 230--231
\T1/cmr/m/n/10.95 ables, de-tected win-dows, and dis-carded rows. The test \T1/
cmtt/m/n/10.95 test_configurable_preparation_pipeline_respects_stage_switches
 []


Overfull \hbox (11.08385pt too wide) in paragraph at lines 242--244
\T1/cmtt/m/n/10.95 adaptive_adwin\T1/cmr/m/n/10.95 , \T1/cmtt/m/n/10.95 adaptiv
e_arf\T1/cmr/m/n/10.95 , and \T1/cmtt/m/n/10.95 adaptive_kswin\T1/cmr/m/n/10.95
 . Batch mod-els sup-ported through \T1/cmtt/m/n/10.95 MODEL_NAMES
 []


Overfull \hbox (6.84718pt too wide) in paragraph at lines 242--244
\T1/cmr/m/n/10.95 are \T1/cmtt/m/n/10.95 XGBoost\T1/cmr/m/n/10.95 , \T1/cmtt/m/
n/10.95 AdaBoost\T1/cmr/m/n/10.95 , \T1/cmtt/m/n/10.95 Random Forest\T1/cmr/m/n
/10.95 , and \T1/cmtt/m/n/10.95 NNet\T1/cmr/m/n/10.95 ; on-line vari-ants are \
T1/cmtt/m/n/10.95 ARFmoderate\T1/cmr/m/n/10.95 , \T1/cmtt/m/n/10.95 ARFmaj\T1/c
mr/m/n/10.95 , \T1/cmtt/m/n/10.95 ARFfast\T1/cmr/m/n/10.95 ,
 []



[35]

[36]
Overfull \hbox (27.36551pt too wide) in paragraph at lines 304--305
\T1/cmtt/m/n/10.95 maxit \T1/cmr/m/n/10.95 grid is tight-ened to $\OMS/cmsy/m/n
/10.95 f\OT1/cmr/m/n/10.95 300\OML/cmm/m/it/10.95 ; \OT1/cmr/m/n/10.95 500\OMS/
cmsy/m/n/10.95 g$ \T1/cmr/m/n/10.95 in \T1/cmr/m/it/10.95 fast mode \T1/cmr/m/n
/10.95 and to $\OMS/cmsy/m/n/10.95 f\OT1/cmr/m/n/10.95 300\OML/cmm/m/it/10.95 ;
 \OT1/cmr/m/n/10.95 500\OML/cmm/m/it/10.95 ; \OT1/cmr/m/n/10.95 800\OMS/cmsy/m/
n/10.95 g$ \T1/cmr/m/n/10.95 in full mode. \T1/cmtt/m/n/10.95 ConvergenceWarnin
g
 []


Overfull \hbox (32.16109pt too wide) in paragraph at lines 318--320
\T1/cmr/m/n/10.95 SMOTE ar-ti-facts may be per-sisted and reused at block level
 through \T1/cmtt/m/n/10.95 _load_or_create_smote_artifact()\T1/cmr/m/n/10.95 .
 
 []


Overfull \hbox (145.14969pt too wide) in paragraph at lines 335--337
\T1/cmr/m/n/10.95 avoid re-dun-dant tun-ing and re-fit-ting; this be-hav-ior is
 val-i-dated by \T1/cmtt/m/n/10.95 test_run_yearly_strategy_reuses_static_train
ing_bundle\T1/cmr/m/n/10.95 . 
 []



[37]

[38]
Overfull \hbox (101.92026pt too wide) in paragraph at lines 395--396
\T1/cmr/m/n/10.95 win-dows. The tests \T1/cmtt/m/n/10.95 test_run_arf_strategy_
variants \T1/cmr/m/n/10.95 and \T1/cmtt/m/n/10.95 test_recalibration_experiment
s_support_adaptive_arf
 []


Overfull \hbox (64.19989pt too wide) in paragraph at lines 418--420
\T1/cmr/m/n/10.95 When that hap-pens, the pre-dic-tion seg-ment is closed, \T1/
cmtt/m/n/10.95 vote_count\T1/cmr/m/n/10.95 , \T1/cmtt/m/n/10.95 detected_featur
es\T1/cmr/m/n/10.95 , and \T1/cmtt/m/n/10.95 monitored_features
 []


Overfull \hbox (63.13922pt too wide) in paragraph at lines 425--426
\T1/cmr/m/n/10.95 The tests \T1/cmtt/m/n/10.95 test_run_kswin_strategy_variants
\T1/cmr/m/n/10.95 , \T1/cmtt/m/n/10.95 test_recalibration_experiments_support_a
daptive_kswin\T1/cmr/m/n/10.95 ,
 []


Overfull \hbox (0.36893pt too wide) in paragraph at lines 425--426
\T1/cmr/m/n/10.95 and \T1/cmtt/m/n/10.95 test_kswin_optuna_studies_capture_base
_and_retrains_with_balance_mode \T1/cmr/m/n/10.95 val-i-date that
 []



[39]
Overfull \hbox (269.60143pt too wide) in paragraph at lines 437--438
\T1/cmtt/m/n/10.95 test_recalibration_experiments_resume_from_failed_checkpoint
\T1/cmr/m/n/10.95 , and \T1/cmtt/m/n/10.95 test_recalibration_experiments_can_s
kip_failed_blocks_and_continue\T1/cmr/m/n/10.95 . 
 []


Overfull \hbox (49.83429pt too wide) in paragraph at lines 439--440
\T1/cmr/m/n/10.95 and \T1/cmtt/m/n/10.95 tuning_key \T1/cmr/m/n/10.95 in-clude 
an ex-plicit ver-sion sig-na-ture for the train-ing pol-icy (\T1/cmtt/m/n/10.95
 NNET_TRAINING_POLICY_VERSION\T1/cmr/m/n/10.95 ).
 []


Overfull \hbox (31.53758pt too wide) in paragraph at lines 446--447
[]\T1/cmtt/m/n/10.95 summary\T1/cmr/m/n/10.95 : mean met-rics by $\OT1/cmr/m/n/
10.95 ([]\OML/cmm/m/it/10.95 ; []; []\OT1/cmr/m/n/10.95 )$\T1/cmr/m/n/10.95 , i
n-clud-ing \T1/cmtt/m/n/10.95 n_segments \T1/cmr/m/n/10.95 and \T1/cmtt/m/n/10.
95 n_repetitions\T1/cmr/m/n/10.95 ; 
 []


Overfull \hbox (4.31229pt too wide) in paragraph at lines 448--449
[]\T1/cmtt/m/n/10.95 appendix_tables_mean\T1/cmr/m/n/10.95 : the same ta-bles a
v-er-aged across se-quen-tial seeds, en-riched with \T1/cmtt/m/n/10.95 seed_lis
t
 []



[40]
Overfull \hbox (193.28175pt too wide) in paragraph at lines 455--456
\T1/cmr/m/n/10.95 The tests \T1/cmtt/m/n/10.95 test_end_to_end_recalibration_an
d_average_roc\T1/cmr/m/n/10.95 , \T1/cmtt/m/n/10.95 test_recalibration_experime
nts_compare_balance_modes_end_to_end\T1/cmr/m/n/10.95 ,
 []


Overfull \hbox (2.54697pt too wide) in paragraph at lines 455--456
\T1/cmr/m/n/10.95 and \T1/cmtt/m/n/10.95 test_recalibration_experiments_persist
_optuna_json \T1/cmr/m/n/10.95 ver-ify pre-cisely that this re-sult pack-
 []


Overfull \hbox (7.03493pt too wide) in paragraph at lines 463--465
\T1/cmr/m/n/10.95 so the out-puts \T1/cmtt/m/n/10.95 baseline\T1/cmr/m/n/10.95 
, \T1/cmtt/m/n/10.95 summary\T1/cmr/m/n/10.95 , \T1/cmtt/m/n/10.95 stream_metri
cs\T1/cmr/m/n/10.95 , \T1/cmtt/m/n/10.95 rolling_metrics\T1/cmr/m/n/10.95 , \T1
/cmtt/m/n/10.95 drift_events\T1/cmr/m/n/10.95 , \T1/cmtt/m/n/10.95 attention_*\
T1/cmr/m/n/10.95 ,
 []



[41]
Overfull \hbox (30.91817pt too wide) in paragraph at lines 516--517
 []\T1/cmr/bx/n/10.95 Future tar-get and win-dows[] \T1/cmr/m/n/10.95 The ef-fe
c-tive la-bel is built by \T1/cmtt/m/n/10.95 _future_target_from_interval_targe
t()\T1/cmr/m/n/10.95 .
 []



[42]
Underfull \hbox (badness 5681) in paragraph at lines 581--582
[]\T1/cmr/m/n/10 History re-tained when build-ing the hy-brid
 []



[43]
Overfull \hbox (15.85074pt too wide) in paragraph at lines 595--595
[]\T1/cmtt/m/n/10 xgb_fine_tune_selection_metric| 
 []


Overfull \hbox (2.14926pt too wide) in paragraph at lines 595--595
[]\T1/cmtt/m/n/10 f_beta_recall| 
 []


Overfull \hbox (5.3533pt too wide) in paragraph at lines 596--596
[]\T1/cmtt/m/n/10 xgb_fine_tune_window_min/max| 
 []


Overfull \hbox (5.3533pt too wide) in paragraph at lines 597--597
[]\T1/cmtt/m/n/10 xgb_fine_tune_rounds_min/max| 
 []


Overfull \hbox (26.34818pt too wide) in paragraph at lines 598--598
[]\T1/cmtt/m/n/10 xgb_fine_tune_eta_multiplier_max| 
 []


Overfull \hbox (21.09946pt too wide) in paragraph at lines 599--599
[]\T1/cmtt/m/n/10 xgb_fine_tune_recent_weight_max| 
 []


Underfull \hbox (badness 10000) in paragraph at lines 605--605
[]\T1/cmtt/m/n/10 fine_tune_learning_rate \T1/cmr/m/n/10 /
 []


Underfull \hbox (badness 10000) in paragraph at lines 620--620
[]\T1/cmtt/m/n/10 Attention
 []


Overfull \hbox (5.3533pt too wide) in paragraph at lines 622--622
[]\T1/cmtt/m/n/10 drift_monitor_bottleneck_dim| 
 []


Overfull \hbox (42.09433pt too wide) in paragraph at lines 623--623
[]\T1/cmtt/m/n/10 drift_monitor_reconstruction_weight| 
 []


Overfull \hbox (10.60202pt too wide) in paragraph at lines 624--624
[]\T1/cmtt/m/n/10 drift_monitor_sequence_length| 
 []


Overfull \hbox (36.84561pt too wide) in paragraph at lines 625--625
[]\T1/cmtt/m/n/10 drift_monitor_attention_hidden_dim| 
 []


Overfull \hbox (5.3533pt too wide) in paragraph at lines 626--626
[]\T1/cmtt/m/n/10 attention_feature_hidden_dim
 []


Overfull \hbox (17.82248pt too wide) in paragraph at lines 626--626
\T1/cmr/m/n/10 / \T1/cmtt/m/n/10 attention_temporal_hidden_dim| 
 []


Underfull \hbox (badness 10000) in paragraph at lines 627--627
[]\T1/cmtt/m/n/10 attention_dropout \T1/cmr/m/n/10 /
 []



[44]
Overfull \hbox (11.5919pt too wide) in paragraph at lines 644--644
[]\T1/cmtt/m/n/10 recent_window| 
 []


Underfull \hbox (badness 10000) in paragraph at lines 644--644
[]\T1/cmtt/m/n/10 ADWIN
 []


Overfull \hbox (12.78674pt too wide) in paragraph at lines 642--652
 [] 
 []


Overfull \hbox (12.65198pt too wide) in paragraph at lines 666--667
[]\T1/cmr/m/n/10.95 For \T1/cmtt/m/n/10.95 XGBoost\T1/cmr/m/n/10.95 , \T1/cmtt/
m/n/10.95 _train_xgboost_model() \T1/cmr/m/n/10.95 im-putes me-di-ans, fits an 
\T1/cmtt/m/n/10.95 XGBClassifier \T1/cmr/m/n/10.95 with \T1/cmtt/m/n/10.95 tree
_method
 []


Overfull \hbox (77.71852pt too wide) in paragraph at lines 666--667
\T1/cmtt/m/n/10.95 = hist\T1/cmr/m/n/10.95 , and com-putes Platt cal-i-bra-tion
 plus an op-ti-mized thresh-old on val-i-da-tion. If \T1/cmtt/m/n/10.95 xgb_par
allel_neural_enabled
 []



[45]
Overfull \hbox (7.17964pt too wide) in paragraph at lines 729--730
 []\T1/cmtt/m/n/10.95 fixed[] \T1/cmr/m/n/10.95 The pre-dic-tor is never mod-i-
fied. The sys-tem still mea-sures sever-ity and records \T1/cmtt/m/n/10.95 drif
t_events\T1/cmr/m/n/10.95 ,
 []



[46]
Overfull \hbox (24.72461pt too wide) in paragraph at lines 757--758
\T1/cmtt/m/n/10.95 balanced_f1\T1/cmr/m/n/10.95 , or \T1/cmtt/m/n/10.95 mcc\T1/
cmr/m/n/10.95 ) and the win-ner is per-sisted through columns such as \T1/cmtt/
m/n/10.95 xgb_adaptation_window_rows\T1/cmr/m/n/10.95 ,
 []


Overfull \hbox (65.25455pt too wide) in paragraph at lines 787--788
\T1/cmr/m/n/10.95 stores se-ri-al-ized \T1/cmtt/m/n/10.95 channel_scores\T1/cmr
/m/n/10.95 , \T1/cmtt/m/n/10.95 raw_channel_values\T1/cmr/m/n/10.95 , \T1/cmtt/
m/n/10.95 detector_flags\T1/cmr/m/n/10.95 , \T1/cmtt/m/n/10.95 recent_rows\T1/c
mr/m/n/10.95 , \T1/cmtt/m/n/10.95 recent_positive_rows\T1/cmr/m/n/10.95 ,
 []



[47]
Overfull \hbox (37.05988pt too wide) in paragraph at lines 802--803
\T1/cmr/m/n/10.95 If the neu-ral mon-i-tor uses \T1/cmtt/m/n/10.95 Temporal att
ention\T1/cmr/m/n/10.95 , the app also adds \T1/cmtt/m/n/10.95 detector_attenti
on_temporal_summary
 []


Overfull \hbox (81.26909pt too wide) in paragraph at lines 805--806
\T1/cmtt/m/n/10.95 run_backtest_with_checkpoints() \T1/cmr/m/n/10.95 turns the 
back-test into a per-sisted run un-der \T1/cmtt/m/n/10.95 Resultados/neural_dri
ft_runs/\T1/cmr/m/n/10.95 .
 []


Overfull \hbox (35.02103pt too wide) in paragraph at lines 807--808
[]\T1/cmtt/m/n/10.95 manifest.json\T1/cmr/m/n/10.95 : global state, \T1/cmtt/m/
n/10.95 run_signature\T1/cmr/m/n/10.95 , con-fig, progress, \T1/cmtt/m/n/10.95 
baseline_index\T1/cmr/m/n/10.95 , and \T1/cmtt/m/n/10.95 experiment_index\T1/cm
r/m/n/10.95 ; 
 []



[48]
Overfull \hbox (50.02988pt too wide) in paragraph at lines 839--840
[]\T1/cmr/m/n/10.95 for \T1/cmtt/m/n/10.95 neural \T1/cmr/m/n/10.95 Phase 1: \T
1/cmtt/m/n/10.95 detector_adwin_delta\T1/cmr/m/n/10.95 , \T1/cmtt/m/n/10.95 rec
ent_window_size\T1/cmr/m/n/10.95 , \T1/cmtt/m/n/10.95 severity_threshold\T1/cmr
/m/n/10.95 , \T1/cmtt/m/n/10.95 lookback_steps\T1/cmr/m/n/10.95 ,
 []


Overfull \hbox (68.66461pt too wide) in paragraph at lines 862--863
\T1/cmtt/m/n/10.95 leaderboard_holdout.csv\T1/cmr/m/n/10.95 , \T1/cmtt/m/n/10.9
5 monthly_metrics.csv\T1/cmr/m/n/10.95 , \T1/cmtt/m/n/10.95 param_importances.c
sv\T1/cmr/m/n/10.95 , \T1/cmtt/m/n/10.95 pareto.csv\T1/cmr/m/n/10.95 , \T1/cmtt
/m/n/10.95 pairwise_stats.csv\T1/cmr/m/n/10.95 ,
 []



[49]
Overfull \hbox (50.45036pt too wide) in paragraph at lines 868--869
\T1/cmr/m/n/10.95 The \T1/cmtt/m/n/10.95 winner_config.json \T1/cmr/m/n/10.95 f
ile is pro-duced only for the \T1/cmtt/m/n/10.95 neural \T1/cmr/m/n/10.95 study
 and is marked as \T1/cmtt/m/n/10.95 eligible_for_promotion
 []


Overfull \hbox (41.0663pt too wide) in paragraph at lines 879--880
[]\T1/cmr/m/n/10.95 temporal align-ment of win-dows and hori-zon: \T1/cmtt/m/n/
10.95 test_build_window_dataset_aligns_prediction_horizon\T1/cmr/m/n/10.95 ,
 []


Overfull \hbox (29.58923pt too wide) in paragraph at lines 880--881
[]\T1/cmr/m/n/10.95 sensitivity of the em-bed-ding chan-nel: \T1/cmtt/m/n/10.95
 test_embedding_drift_score_increases_under_regime_shift\T1/cmr/m/n/10.95 ; 
 []


Overfull \hbox (387.01186pt too wide) in paragraph at lines 881--882
[]\T1/cmr/m/n/10.95 detector pre-sets: \T1/cmtt/m/n/10.95 test_drift_monitor_pr
ofiles_define_moderate_and_sensitive_presets\T1/cmr/m/n/10.95 , \T1/cmtt/m/n/10
.95 test_detector_sensitivity_presets_span_conservative_to_very_sensitive\T1/cm
r/m/n/10.95 ; 
 []


Overfull \hbox (39.53513pt too wide) in paragraph at lines 882--883
[]\T1/cmr/m/n/10.95 the par-al-lel neu-ral branch of \T1/cmtt/m/n/10.95 XGBoost
\T1/cmr/m/n/10.95 : \T1/cmtt/m/n/10.95 test_train_xgboost_model_attaches_parall
el_neural_branch\T1/cmr/m/n/10.95 ,
 []


Overfull \hbox (23.67722pt too wide) in paragraph at lines 883--884
[]\T1/cmr/m/n/10.95 fine-tuning op-ti-miza-tions: \T1/cmtt/m/n/10.95 test_fine_
tune_artifact_uses_dynamic_window_and_recency_weights\T1/cmr/m/n/10.95 ,
 []


Overfull \hbox (356.75035pt too wide) in paragraph at lines 883--884
\T1/cmtt/m/n/10.95 test_xgb_fine_tune_selection_metric_changes_candidate_choice
\T1/cmr/m/n/10.95 , \T1/cmtt/m/n/10.95 test_run_backtest_pipeline_records_xgb_f
ine_tune_metadata_and_keeps_detector_window\T1/cmr/m/n/10.95 ; 
 []


Overfull \hbox (83.66934pt too wide) in paragraph at lines 884--885
[]\T1/cmr/m/n/10.95 predictor and de-tec-tor at-ten-tion: \T1/cmtt/m/n/10.95 te
st_temporal_attention_monitor_returns_normalized_attention_weights\T1/cmr/m/n/1
0.95 ,
 []


Overfull \hbox (0.24185pt too wide) in paragraph at lines 884--885
\T1/cmtt/m/n/10.95 test_backtest_with_temporal_attention_detector_returns_detec
tor_attention_outputs\T1/cmr/m/n/10.95 ,
 []


Overfull \hbox (2.51363pt too wide) in paragraph at lines 885--886
[]\T1/cmtt/m/n/10.95 none \T1/cmr/m/n/10.95 vs. \T1/cmtt/m/n/10.95 smote \T1/cm
r/m/n/10.95 com-par-i-son: \T1/cmtt/m/n/10.95 test_run_backtest_pipeline_compar
es_none_and_smote_results\T1/cmr/m/n/10.95 ; 
 []


Overfull \hbox (73.43686pt too wide) in paragraph at lines 886--887
[]\T1/cmr/m/n/10.95 persistence and re-sume be-hav-ior: \T1/cmtt/m/n/10.95 test
_run_backtest_with_checkpoints_persists_manifest_and_artifacts\T1/cmr/m/n/10.95
 ,
 []


Overfull \hbox (30.47044pt too wide) in paragraph at lines 892--893
[]\T1/cmr/m/n/10.95 validity of the fixed tem-po-ral pro-to-col: \T1/cmtt/m/n/1
0.95 test_validate_experiment_dataset_accepts_full_protocol\T1/cmr/m/n/10.95 ; 

 []


Overfull \hbox (88.33562pt too wide) in paragraph at lines 895--896
[]\T1/cmr/m/n/10.95 runner per-sis-tence and baseline-only re-sume: \T1/cmtt/m/
n/10.95 test_run_experiment_plan_persists_and_resumes_baseline_only\T1/cmr/m/n/
10.95 ; 
 []



[50]) (./docs/sections/clustering_features_detail_en.tex
Overfull \hbox (79.07643pt too wide) in paragraph at lines 10--11
[]\T1/cmr/bx/n/10.95 Duplicate Re-moval: \T1/cmr/m/n/10.95 Du-pli-cate records 
are re-moved con-sid-er-ing the tu-ple $\OT1/cmr/m/n/10.95 (\OML/cmm/m/it/10.95
 Plate; Gantry; Lane; Timestamp\OT1/cmr/m/n/10.95 )$\T1/cmr/m/n/10.95 . 
 []


Package hyperref Warning: Token not allowed in a PDF string (Unicode):
(hyperref)                removing `math shift' on input line 17.


Package hyperref Warning: Token not allowed in a PDF string (Unicode):
(hyperref)                removing `subscript' on input line 17.


Package hyperref Warning: Token not allowed in a PDF string (Unicode):
(hyperref)                removing `math shift' on input line 17.


Package hyperref Warning: Token not allowed in a PDF string (Unicode):
(hyperref)                removing `math shift' on input line 26.


Package hyperref Warning: Token not allowed in a PDF string (Unicode):
(hyperref)                removing `subscript' on input line 26.


Package hyperref Warning: Token not allowed in a PDF string (Unicode):
(hyperref)                removing `math shift' on input line 26.



[51]

Package hyperref Warning: Token not allowed in a PDF string (Unicode):
(hyperref)                removing `math shift' on input line 61.


Package hyperref Warning: Token not allowed in a PDF string (Unicode):
(hyperref)                removing `subscript' on input line 61.


Package hyperref Warning: Token not allowed in a PDF string (Unicode):
(hyperref)                removing `math shift' on input line 61.


Package hyperref Warning: Token not allowed in a PDF string (Unicode):
(hyperref)                removing `math shift' on input line 66.


Package hyperref Warning: Token not allowed in a PDF string (Unicode):
(hyperref)                removing `subscript' on input line 66.


Package hyperref Warning: Token not allowed in a PDF string (Unicode):
(hyperref)                removing `math shift' on input line 66.


Package hyperref Warning: Token not allowed in a PDF string (Unicode):
(hyperref)                removing `math shift' on input line 72.


Package hyperref Warning: Token not allowed in a PDF string (Unicode):
(hyperref)                removing `subscript' on input line 72.


Package hyperref Warning: Token not allowed in a PDF string (Unicode):
(hyperref)                removing `math shift' on input line 72.


Package hyperref Warning: Token not allowed in a PDF string (Unicode):
(hyperref)                removing `math shift' on input line 77.


Package hyperref Warning: Token not allowed in a PDF string (Unicode):
(hyperref)                removing `subscript' on input line 77.


Package hyperref Warning: Token not allowed in a PDF string (Unicode):
(hyperref)                removing `math shift' on input line 77.



[52]

Package hyperref Warning: Token not allowed in a PDF string (Unicode):
(hyperref)                removing `math shift' on input line 83.


Package hyperref Warning: Token not allowed in a PDF string (Unicode):
(hyperref)                removing `subscript' on input line 83.


Package hyperref Warning: Token not allowed in a PDF string (Unicode):
(hyperref)                removing `math shift' on input line 83.


Package hyperref Warning: Token not allowed in a PDF string (Unicode):
(hyperref)                removing `math shift' on input line 89.


Package hyperref Warning: Token not allowed in a PDF string (Unicode):
(hyperref)                removing `subscript' on input line 89.


Package hyperref Warning: Token not allowed in a PDF string (Unicode):
(hyperref)                removing `math shift' on input line 89.


Overfull \hbox (32.57014pt too wide) in paragraph at lines 116--117
\T1/cmr/m/n/10.95 In ad-di-tion to be-hav-ioral vari-ables, the mod-ule per-sis
ts his-tor-i-cal ac-tiv-ity met-rics per plate: \T1/cmtt/m/n/10.95 n_days_activ
e\T1/cmr/m/n/10.95 ,
 []



[53]
LaTeX Font Info:    Font shape `T1/cmtt/bx/n' in size <12> not available
(Font)              Font shape `T1/cmtt/m/n' tried instead on input line 133.


[54]) (./docs/sections/gnn_pipeline_audit_en.tex
Overfull \hbox (0.96483pt too wide) in paragraph at lines 5--6
[]\T1/cmr/m/n/10.95 Graph con-struc-tion, the GNN model, train-ing, and eval-u-
a-tion (\T1/cmtt/m/n/10.95 src/graph.py\T1/cmr/m/n/10.95 , \T1/cmtt/m/n/10.95 s
rc/gat_model.py\T1/cmr/m/n/10.95 ,
 []


Overfull \hbox (5.87611pt too wide) in paragraph at lines 6--7
[]\T1/cmr/m/n/10.95 Class bal-anc-ing mech-a-nisms: GraphSMOTE and Im-GAGN (\T1
/cmtt/m/n/10.95 src/graphsmote.py\T1/cmr/m/n/10.95 , \T1/cmtt/m/n/10.95 src/img
agn.py\T1/cmr/m/n/10.95 ). 
 []



[55]
Overfull \hbox (13.87784pt too wide) in paragraph at lines 15--16
[]\T1/cmr/bx/n/10.95 Feature en-gi-neer-ing\T1/cmr/m/n/10.95 : snap-shot/flow p
ro-cess-ing (\T1/cmtt/m/n/10.95 src/snapshot_pipeline.py\T1/cmr/m/n/10.95 , \T1
/cmtt/m/n/10.95 src/features.py\T1/cmr/m/n/10.95 ). 
 []


Overfull \hbox (26.77219pt too wide) in paragraph at lines 18--19
[]\T1/cmr/bx/n/10.95 Training\T1/cmr/m/n/10.95 : Het-ero-GAT + op-tional Tem-po
-ralAg-gre-ga-tor (\T1/cmtt/m/n/10.95 src/gat_model.py\T1/cmr/m/n/10.95 , \T1/c
mtt/m/n/10.95 src/temporal_head.py\T1/cmr/m/n/10.95 ). 
 []


Overfull \hbox (14.10516pt too wide) in paragraph at lines 42--43
[]\T1/cmr/m/n/10.95 Feature gen-er-a-tion via \T1/cmtt/m/n/10.95 compute_pm_fea
tures \T1/cmr/m/n/10.95 (\T1/cmtt/m/n/10.95 src/features.py\T1/cmr/m/n/10.95 ) 
and/or \T1/cmtt/m/n/10.95 SnapshotFeatureBuilder\T1/cmr/m/n/10.95 . 
 []



[56]
Overfull \hbox (93.0927pt too wide) in paragraph at lines 64--66
[]\T1/cmr/m/n/10.95 Creation of \T1/cmtt/m/n/10.95 train/val/test_mask \T1/cmr/
m/n/10.95 with the purged tem-po-ral split im-ple-mented by \T1/cmtt/m/n/10.95 
_compute_temporal_split_masks\T1/cmr/m/n/10.95 . 
 []



[57]
Overfull \hbox (8.44194pt too wide) in paragraph at lines 94--97
\T1/cmr/bx/n/10.95 Back-end\T1/cmr/m/n/10.95 : \T1/cmtt/m/n/10.95 src/gnn_main.
py::run_gat_training \T1/cmr/m/n/10.95 and \T1/cmtt/m/n/10.95 src/train_pretrai
n.py::train_minibatch\T1/cmr/m/n/10.95 . 
 []


Overfull \hbox (5.92656pt too wide) in paragraph at lines 113--117
\T1/cmr/bx/n/10.95 Metadata\T1/cmr/m/n/10.95 : the Stream-lit builder per-sists
 \T1/cmtt/m/n/10.95 metadata\T1/cmr/m/n/10.95 , \T1/cmtt/m/n/10.95 edge_config\
T1/cmr/m/n/10.95 , \T1/cmtt/m/n/10.95 normalization\T1/cmr/m/n/10.95 , \T1/cmtt
/m/n/10.95 sequence_index\T1/cmr/m/n/10.95 ,
 []


Overfull \hbox (52.42938pt too wide) in paragraph at lines 126--136
\T1/cmr/m/n/10.95 selected delta-feature sub-set af-ter node nor-mal-iza-tion. 
The com-pact Snap-shot de-fault for \T1/cmtt/m/n/10.95 edge_delta_features
 []



[58]
Overfull \hbox (16.7475pt too wide) in paragraph at lines 137--150
\T1/cmtt/m/n/10.95 speed_mean\T1/cmr/m/n/10.95 , $\OML/cmm/m/it/10.95 k \OT1/cm
r/m/n/10.95 = \OML/cmm/m/it/10.95 q= []\OT1/cmr/m/n/10.95 (\OML/cmm/m/it/10.95 
v; ^^O\OT1/cmr/m/n/10.95 )$ \T1/cmr/m/n/10.95 as a den-sity proxy, $\OML/cmm/m/
it/10.95 ^^Y \OT1/cmr/m/n/10.95 = []$ \T1/cmr/m/n/10.95 with fall-back $[]\OML/
cmm/m/it/10.95 =[]$\T1/cmr/m/n/10.95 ,
 []


Overfull \hbox (24.55551pt too wide) in paragraph at lines 155--160
\T1/cmr/m/n/10.95 where $\OML/cmm/m/it/10.95 ^^M$ \T1/cmr/m/n/10.95 is the guar
d band and $\OML/cmm/m/it/10.95 H$ \T1/cmr/m/n/10.95 is the fu-ture hori-zon. F
or snap-shot fea-tures, \T1/cmtt/m/n/10.95 _label_lookahead_minutes
 []


Overfull \hbox (84.58017pt too wide) in paragraph at lines 161--164
[]\T1/cmr/bx/n/10.95 Temporal cut-offs\T1/cmr/m/n/10.95 : the graph builder com
-putes cut-offs from the full fea-ture time-line, \T1/cmtt/m/n/10.95 df_pm["ts_
min"].unique()\T1/cmr/m/n/10.95 ,
 []


Overfull \hbox (129.53363pt too wide) in paragraph at lines 178--183
[]\T1/cmr/bx/n/10.95 Re-splitting ex-ist-ing graphs\T1/cmr/m/n/10.95 : Train-in
g, Op-tuna, Ray Tune, and ex-per-i-ment runs call \T1/cmtt/m/n/10.95 _apply_tem
poral_split_to_graph\T1/cmr/m/n/10.95 .
 []



[59]
Overfull \hbox (123.03096pt too wide) in paragraph at lines 220--228
\T1/cmr/m/n/10.95 The pipeline now in-cludes a \T1/cmr/bx/n/10.95 vari-ant reg-
istry \T1/cmr/m/n/10.95 con-trolled from \T1/cmtt/m/n/10.95 src/config.py \T1/c
mr/m/n/10.95 (\T1/cmtt/m/n/10.95 GNN_VARIANT\T1/cmr/m/n/10.95 , \T1/cmtt/m/n/10
.95 GNN_TEMPORAL_CACHE_STRATEGY\T1/cmr/m/n/10.95 )
 []


Overfull \hbox (26.01103pt too wide) in paragraph at lines 220--228
\T1/cmr/m/n/10.95 and in-stan-ti-ated in \T1/cmtt/m/n/10.95 src/gnn_main.py \T1
/cmr/m/n/10.95 through \T1/cmtt/m/n/10.95 _build_gnn_model\T1/cmr/m/n/10.95 , \
T1/cmtt/m/n/10.95 _build_temporal_head_for_variant\T1/cmr/m/n/10.95 ,
 []


Overfull \hbox (91.83112pt too wide) in paragraph at lines 235--239
\T1/cmr/m/n/10.95 All vari-ants share the same \T1/cmtt/m/n/10.95 SequenceIndex
 \T1/cmr/m/n/10.95 (built in \T1/cmtt/m/n/10.95 src/snapshot_sequences.py \T1/c
mr/m/n/10.95 us-ing \T1/cmtt/m/n/10.95 sequence_rows\T1/cmr/m/n/10.95 /\T1/cmtt
/m/n/10.95 target_rows\T1/cmr/m/n/10.95 ),
 []



[60]
Overfull \hbox (49.2044pt too wide) in paragraph at lines 254--258
\T1/cmr/bx/n/10.95 Implementation\T1/cmr/m/n/10.95 : \T1/cmtt/m/n/10.95 src/gat
_model.py\T1/cmr/m/n/10.95 , \T1/cmtt/m/n/10.95 src/temporal_head.py\T1/cmr/m/n
/10.95 , \T1/cmtt/m/n/10.95 src/temporal_heads.py\T1/cmr/m/n/10.95 , \T1/cmtt/m
/n/10.95 src/gnn_main.py\T1/cmr/m/n/10.95 . 
 []


Overfull \hbox (10.8602pt too wide) in paragraph at lines 254--258
\T1/cmr/bx/n/10.95 Selection\T1/cmr/m/n/10.95 : via the \T1/cmtt/m/n/10.95 GNN_
VARIANT \T1/cmr/m/n/10.95 string (nor-mal-ized in \T1/cmtt/m/n/10.95 src/gnn_ma
in.py::_normalize_gnn_variant\T1/cmr/m/n/10.95 ). 
 []


Overfull \hbox (5.74545pt too wide) in paragraph at lines 265--266
[]\T1/cmtt/m/n/10.95 gat_edge_mlp_gru \T1/cmr/m/n/10.95 and \T1/cmtt/m/n/10.95 
gat_edge_mlp_transformer\T1/cmr/m/n/10.95 : com-bine edge en-cod-ing with tem-p
o-ral heads. 
 []



[61]
Overfull \hbox (14.35397pt too wide) in paragraph at lines 332--333
[]\T1/cmr/bx/n/10.95 Model\T1/cmr/m/n/10.95 : the \T1/cmtt/m/n/10.95 _build_gnn
_model \T1/cmr/m/n/10.95 fac-tory se-lects the en-coder/temporal head ac-cord-i
ng to \T1/cmtt/m/n/10.95 gnn_variant
 []



[62]
Overfull \hbox (12.1365pt too wide) in paragraph at lines 358--359
\T1/cmr/m/n/10.95 par-ti-tions the graph, \T1/cmtt/m/n/10.95 GraphSAINT \T1/cmr
/m/n/10.95 sam-ples stochas-tic node/edge/random-walk sub-graphs, and \T1/cmtt/
m/n/10.95 rl_top_p
 []



[63]
Overfull \hbox (16.02902pt too wide) in paragraph at lines 367--368
\T1/cmr/m/n/10.95 the ac-tion is sta-ble for \T1/cmtt/m/n/10.95 rl_switch_patie
nce=3\T1/cmr/m/n/10.95 , and en-ables back-track-ing by de-fault. \T1/cmtt/m/n/
10.95 continuous_actor
 []


Overfull \hbox (21.45392pt too wide) in paragraph at lines 367--368
\OT1/cmr/m/n/10.95 [[]\OML/cmm/m/it/10.95 ; []\OT1/cmr/m/n/10.95 ]$\T1/cmr/m/n/
10.95 . De-faults are \T1/cmtt/m/n/10.95 rl_initial_p=0.5\T1/cmr/m/n/10.95 , \T
1/cmtt/m/n/10.95 rl_min_p=0.05\T1/cmr/m/n/10.95 , \T1/cmtt/m/n/10.95 rl_max_p=1
.0\T1/cmr/m/n/10.95 , \T1/cmtt/m/n/10.95 rl_min_keep=1\T1/cmr/m/n/10.95 ,
 []


Overfull \hbox (99.91255pt too wide) in paragraph at lines 367--368
\T1/cmtt/m/n/10.95 rl_positive_only=True\T1/cmr/m/n/10.95 , \T1/cmtt/m/n/10.95 
rl_similarity_pretrain_epochs=3\T1/cmr/m/n/10.95 , \T1/cmtt/m/n/10.95 rl_lambda
_simi=2.0\T1/cmr/m/n/10.95 , and \T1/cmtt/m/n/10.95 rl_action_space=discrete\T1
/cmr/m/n/10.95 . 
 []


Overfull \hbox (38.44394pt too wide) in paragraph at lines 380--381
\T1/cmr/m/n/10.95 and \T1/cmtt/m/n/10.95 rl_top_p_continuous\T1/cmr/m/n/10.95 ,
 cross-ing each vari-ant with/without \T1/cmtt/m/n/10.95 FocalLoss \T1/cmr/m/n/
10.95 and with/without GraphSMOTE.
 []



[64]
Overfull \hbox (18.1068pt too wide) in paragraph at lines 407--408
[]\T1/cmr/m/n/10.95 The live event stream, tem-po-ral check-points, and \T1/cmt
t/m/n/10.95 train_end \T1/cmr/m/n/10.95 event ex-pose \T1/cmtt/m/n/10.95 val_lo
ss\T1/cmr/m/n/10.95 , \T1/cmtt/m/n/10.95 best_val_loss\T1/cmr/m/n/10.95 ,
 []


Overfull \hbox (108.7595pt too wide) in paragraph at lines 423--427
\T1/cmr/m/n/10.95 The orig-i-nal for-mu-la-tion op-er-ates on $\OML/cmm/m/it/10
.95 A \OMS/cmsy/m/n/10.95 2 \U/msb/m/n/10.95 R[]$\T1/cmr/m/n/10.95 . The lo-cal
 im-ple-men-ta-tion op-er-ates on \T1/cmtt/m/n/10.95 torch_geometric.data.Heter
oData
 []


Overfull \hbox (5.87749pt too wide) in paragraph at lines 423--427
\T1/cmr/m/n/10.95 and pre-serves typed \T1/cmtt/m/n/10.95 pm$\OMS/cmsy/m/n/10.9
5 !$\T1/cmtt/m/n/10.95 pm \T1/cmr/m/n/10.95 re-la-tions: \T1/cmtt/m/n/10.95 spa
tial\T1/cmr/m/n/10.95 , \T1/cmtt/m/n/10.95 temporal\T1/cmr/m/n/10.95 , \T1/cmtt
/m/n/10.95 st_fwd\T1/cmr/m/n/10.95 , and, when en-abled, \T1/cmtt/m/n/10.95 spa
tial_back\T1/cmr/m/n/10.95 .
 []



[65]
Overfull \hbox (4.38786pt too wide) in paragraph at lines 435--440
\T1/cmtt/m/n/10.95 HeteroGATWithEdgeEncoder\T1/cmr/m/n/10.95 , \T1/cmtt/m/n/10.
95 HeteroEdgeAware\T1/cmr/m/n/10.95 , and their GRU/Transformer/attention-pooli
ng tem-
 []


Overfull \hbox (26.29265pt too wide) in paragraph at lines 435--440
\T1/cmr/m/n/10.95 po-ral heads. Em-bed-dings are ex-tracted with \T1/cmtt/m/n/1
0.95 get_embeddings_minibatch \T1/cmr/m/n/10.95 or \T1/cmtt/m/n/10.95 compute_t
rain_embeddings\T1/cmr/m/n/10.95 ,
 []


Overfull \hbox (59.69566pt too wide) in paragraph at lines 452--453
[]\T1/cmr/m/n/10.95 The num-ber of syn-thetic nodes in the au-to-mated path is 
con-trolled by \T1/cmtt/m/n/10.95 TARGET_POS_RATIO\T1/cmr/m/n/10.95 /\T1/cmtt/m
/n/10.95 target_pos_ratio\T1/cmr/m/n/10.95 : 
 []



[66]

[67]
Underfull \hbox (badness 10000) in paragraph at lines 538--539

 []



[68]
Overfull \hbox (38.01884pt too wide) in paragraph at lines 568--570
\T1/cmr/m/n/10.95 The aug-mented graph is re-built with the fi-nal gen-er-a-tor
, re-turn-ing: \T1/cmtt/m/n/10.95 x_aug\T1/cmr/m/n/10.95 , \T1/cmtt/m/n/10.95 e
dge_index_aug\T1/cmr/m/n/10.95 , \T1/cmtt/m/n/10.95 edge_attr_aug\T1/cmr/m/n/10
.95 ,
 []


Overfull \hbox (34.92038pt too wide) in paragraph at lines 586--587
[]\T1/cmr/m/it/10.95 Load full graph in mem-ory (no sam-pling)\T1/cmr/m/n/10.95
 : uses all \T1/cmtt/m/n/10.95 train/val \T1/cmr/m/n/10.95 nodes (equiv-a-lent 
to \T1/cmtt/m/n/10.95 sample_train_nodes=0
 []



[69]
Overfull \hbox (2.56238pt too wide) in paragraph at lines 594--595
\T1/cmtt/m/n/10.95 _hparams.json\T1/cmr/m/n/10.95 ; the fi-nal GNN \T1/cmtt/m/n
/10.95 BEST \T1/cmr/m/n/10.95 check-point is se-lected by min-i-mum \T1/cmtt/m/
n/10.95 val_loss\T1/cmr/m/n/10.95 . With \T1/cmtt/m/n/10.95 rl_top_p\T1/cmr/m/n
/10.95 ,
 []



[70]
Overfull \hbox (82.97398pt too wide) in paragraph at lines 617--618
[]\T1/cmr/bx/n/10.95 Builder par-ity\T1/cmr/m/n/10.95 : the doc-u-mented strict
 meta-data and purged-split be-hav-ior ap-plies to \T1/cmtt/m/n/10.95 src/graph
_builder_app.py\T1/cmr/m/n/10.95 .
 []


Overfull \hbox (5.36185pt too wide) in paragraph at lines 618--619
[]\T1/cmr/bx/n/10.95 Leakage in man-ual bal-anc-ing (mit-i-gated)\T1/cmr/m/n/10
.95 : \T1/cmtt/m/n/10.95 run_graphsmote \T1/cmr/m/n/10.95 now re-stricts em-bed
-ding/minority
 []



[71]
Overfull \hbox (145.71426pt too wide) in paragraph at lines 643--644
[]\T1/cmr/m/n/10.95 Streamlit graph helpers: \T1/cmtt/m/n/10.95 _label_lookahea
d_minutes\T1/cmr/m/n/10.95 , \T1/cmtt/m/n/10.95 _compute_temporal_split_masks\T
1/cmr/m/n/10.95 , \T1/cmtt/m/n/10.95 _build_raw_global_edge_features\T1/cmr/m/n
/10.95 ,
 []


Overfull \hbox (102.15479pt too wide) in paragraph at lines 643--644
\T1/cmtt/m/n/10.95 _compute_normalization_stats_from_train\T1/cmr/m/n/10.95 , \
T1/cmtt/m/n/10.95 _compute_graph_semantic_hash\T1/cmr/m/n/10.95 , \T1/cmtt/m/n/
10.95 _apply_temporal_split_to_graph\T1/cmr/m/n/10.95 . 
 []


Overfull \hbox (93.85674pt too wide) in paragraph at lines 648--649
[]\T1/cmr/m/n/10.95 Training/evaluation: \T1/cmtt/m/n/10.95 src/gnn_main.py\T1/
cmr/m/n/10.95 , \T1/cmtt/m/n/10.95 src/train_pretrain.py\T1/cmr/m/n/10.95 ; key
 mon-i-tor helpers: \T1/cmtt/m/n/10.95 _update_val_loss_monitor\T1/cmr/m/n/10.9
5 ,
 []

) (./docs/sections/mairl_implementation_en.tex

[72]

[73])

[74] (./main_en.aux)
 ***********
LaTeX2e <2024-11-01> patch level 2
L3 programming layer <2025-01-18>
 ***********
Package rerunfilecheck Info: File `main_en.out' has not changed.
(rerunfilecheck)             Checksum: 2BD54BD4C0508A346A4458F2A5BEA0E5;40792.
 ) 
Here is how much of TeX's memory you used:
 11807 strings out of 473190
 182844 string characters out of 5715801
 601685 words of memory out of 5000000
 34439 multiletter control sequences out of 15000+600000
 581928 words of font info for 97 fonts, out of 8000000 for 9000
 1141 hyphenation exceptions out of 8191
 75i,12n,79p,953b,639s stack positions out of 10000i,1000n,20000p,200000b,200000s
</usr/local/texlive/2025/texmf-dist/fonts/type1/public/amsfonts/cm/cmbx10.pfb
></usr/local/texlive/2025/texmf-dist/fonts/type1/public/amsfonts/cm/cmex10.pfb>
</usr/local/texlive/2025/texmf-dist/fonts/type1/public/amsfonts/cm/cmmi10.pfb><
/usr/local/texlive/2025/texmf-dist/fonts/type1/public/amsfonts/cm/cmmi12.pfb></
usr/local/texlive/2025/texmf-dist/fonts/type1/public/amsfonts/cm/cmmi6.pfb></us
r/local/texlive/2025/texmf-dist/fonts/type1/public/amsfonts/cm/cmmi8.pfb></usr/
local/texlive/2025/texmf-dist/fonts/type1/public/amsfonts/cm/cmr10.pfb></usr/lo
cal/texlive/2025/texmf-dist/fonts/type1/public/amsfonts/cm/cmr6.pfb></usr/local
/texlive/2025/texmf-dist/fonts/type1/public/amsfonts/cm/cmr7.pfb></usr/local/te
xlive/2025/texmf-dist/fonts/type1/public/amsfonts/cm/cmr8.pfb></usr/local/texli
ve/2025/texmf-dist/fonts/type1/public/amsfonts/cm/cmsy10.pfb></usr/local/texliv
e/2025/texmf-dist/fonts/type1/public/amsfonts/cm/cmsy6.pfb></usr/local/texlive/
2025/texmf-dist/fonts/type1/public/amsfonts/cm/cmsy7.pfb></usr/local/texlive/20
25/texmf-dist/fonts/type1/public/amsfonts/cm/cmsy8.pfb></usr/local/texlive/2025
/texmf-dist/fonts/type1/public/amsfonts/symbols/msbm10.pfb></usr/local/texlive/
2025/texmf-dist/fonts/type1/public/cm-super/sfbi1095.pfb></usr/local/texlive/20
25/texmf-dist/fonts/type1/public/cm-super/sfbi1200.pfb></usr/local/texlive/2025
/texmf-dist/fonts/type1/public/cm-super/sfbi1440.pfb></usr/local/texlive/2025/t
exmf-dist/fonts/type1/public/cm-super/sfbx1095.pfb></usr/local/texlive/2025/tex
mf-dist/fonts/type1/public/cm-super/sfbx1200.pfb></usr/local/texlive/2025/texmf
-dist/fonts/type1/public/cm-super/sfbx1440.pfb></usr/local/texlive/2025/texmf-d
ist/fonts/type1/public/cm-super/sfrm0600.pfb></usr/local/texlive/2025/texmf-dis
t/fonts/type1/public/cm-super/sfrm0800.pfb></usr/local/texlive/2025/texmf-dist/
fonts/type1/public/cm-super/sfrm1000.pfb></usr/local/texlive/2025/texmf-dist/fo
nts/type1/public/cm-super/sfrm1095.pfb></usr/local/texlive/2025/texmf-dist/font
s/type1/public/cm-super/sfrm1200.pfb></usr/local/texlive/2025/texmf-dist/fonts/
type1/public/cm-super/sfrm1728.pfb></usr/local/texlive/2025/texmf-dist/fonts/ty
pe1/public/cm-super/sfti1095.pfb></usr/local/texlive/2025/texmf-dist/fonts/type
1/public/cm-super/sftt1000.pfb></usr/local/texlive/2025/texmf-dist/fonts/type1/
public/cm-super/sftt1095.pfb></usr/local/texlive/2025/texmf-dist/fonts/type1/pu
blic/cm-super/sftt1200.pfb>
Output written on main_en.pdf (74 pages, 811852 bytes).
PDF statistics:
 1766 PDF objects out of 2073 (max. 8388607)
 1608 compressed objects within 17 object streams
 457 named destinations out of 1000 (max. 500000)
 1569 words of extra memory for PDF output out of 10000 (max. 10000000)

