This is pdfTeX, Version 3.141592653-2.6-1.40.27 (TeX Live 2025) (preloaded format=pdflatex 2025.3.8)  13 MAY 2026 21:20
entering extended mode
 restricted \write18 enabled.
 %&-line parsing enabled.
**docs/main_es.tex
(./docs/main_es.tex
LaTeX2e <2024-11-01> patch level 2
L3 programming layer <2025-01-18>
(/usr/local/texlive/2025/texmf-dist/tex/latex/base/article.cls
Document Class: article 2024/06/29 v1.4n Standard LaTeX document class
(/usr/local/texlive/2025/texmf-dist/tex/latex/base/size11.clo
File: size11.clo 2024/06/29 v1.4n Standard LaTeX file (size option)
)
\c@part=\count196
\c@section=\count197
\c@subsection=\count198
\c@subsubsection=\count199
\c@paragraph=\count266
\c@subparagraph=\count267
\c@figure=\count268
\c@table=\count269
\abovecaptionskip=\skip49
\belowcaptionskip=\skip50
\bibindent=\dimen141
)
(/usr/local/texlive/2025/texmf-dist/tex/latex/base/fontenc.sty
Package: fontenc 2021/04/29 v2.0v Standard LaTeX package
)
(/usr/local/texlive/2025/texmf-dist/tex/latex/base/inputenc.sty
Package: inputenc 2024/02/08 v1.3d Input encoding file
\inpenc@prehook=\toks17
\inpenc@posthook=\toks18
)
(/usr/local/texlive/2025/texmf-dist/tex/generic/babel/babel.sty
Package: babel 2025/02/14 v25.4 The multilingual framework for pdfLaTeX, LuaLaT
eX and XeLaTeX
\babel@savecnt=\count270
\U@D=\dimen142
\l@unhyphenated=\language90

(/usr/local/texlive/2025/texmf-dist/tex/generic/babel/txtbabel.def)
\bbl@readstream=\read2
\bbl@dirlevel=\count271

(/usr/local/texlive/2025/texmf-dist/tex/generic/babel-spanish/spanish.ldf
Language: spanish.ldf 2021/05/27 v5.0q Spanish support from the babel system
\es@quottoks=\toks19
\es@quotdepth=\count272
Package babel Info: Making " an active character on input line 570.
Package babel Info: Making . an active character on input line 675.
Package babel Info: Making < an active character on input line 722.
Package babel Info: Making > an active character on input line 722.
))
(/usr/local/texlive/2025/texmf-dist/tex/generic/babel/locale/es/babel-spanish.t
ex
Package babel Info: Importing font and identification data for spanish
(babel)             from babel-es.ini. Reported on input line 11.
) (/usr/local/texlive/2025/texmf-dist/tex/latex/amsmath/amsmath.sty
Package: amsmath 2024/11/05 v2.17t AMS math features
\@mathmargin=\skip51

For additional information on amsmath, use the `?' option.
(/usr/local/texlive/2025/texmf-dist/tex/latex/amsmath/amstext.sty
Package: amstext 2021/08/26 v2.01 AMS text

(/usr/local/texlive/2025/texmf-dist/tex/latex/amsmath/amsgen.sty
File: amsgen.sty 1999/11/30 v2.0 generic functions
\@emptytoks=\toks20
\ex@=\dimen143
))
(/usr/local/texlive/2025/texmf-dist/tex/latex/amsmath/amsbsy.sty
Package: amsbsy 1999/11/29 v1.2d Bold Symbols
\pmbraise@=\dimen144
)
(/usr/local/texlive/2025/texmf-dist/tex/latex/amsmath/amsopn.sty
Package: amsopn 2022/04/08 v2.04 operator names
)
\inf@bad=\count273
LaTeX Info: Redefining \frac on input line 233.
\uproot@=\count274
\leftroot@=\count275
LaTeX Info: Redefining \overline on input line 398.
LaTeX Info: Redefining \colon on input line 409.
\classnum@=\count276
\DOTSCASE@=\count277
LaTeX Info: Redefining \ldots on input line 495.
LaTeX Info: Redefining \dots on input line 498.
LaTeX Info: Redefining \cdots on input line 619.
\Mathstrutbox@=\box52
\strutbox@=\box53
LaTeX Info: Redefining \big on input line 721.
LaTeX Info: Redefining \Big on input line 722.
LaTeX Info: Redefining \bigg on input line 723.
LaTeX Info: Redefining \Bigg on input line 724.
\big@size=\dimen145
LaTeX Font Info:    Redeclaring font encoding OML on input line 742.
LaTeX Font Info:    Redeclaring font encoding OMS on input line 743.
\macc@depth=\count278
LaTeX Info: Redefining \bmod on input line 904.
LaTeX Info: Redefining \pmod on input line 909.
LaTeX Info: Redefining \smash on input line 939.
LaTeX Info: Redefining \relbar on input line 969.
LaTeX Info: Redefining \Relbar on input line 970.
\c@MaxMatrixCols=\count279
\dotsspace@=\muskip17
\c@parentequation=\count280
\dspbrk@lvl=\count281
\tag@help=\toks21
\row@=\count282
\column@=\count283
\maxfields@=\count284
\andhelp@=\toks22
\eqnshift@=\dimen146
\alignsep@=\dimen147
\tagshift@=\dimen148
\tagwidth@=\dimen149
\totwidth@=\dimen150
\lineht@=\dimen151
\@envbody=\toks23
\multlinegap=\skip52
\multlinetaggap=\skip53
\mathdisplay@stack=\toks24
LaTeX Info: Redefining \[ on input line 2953.
LaTeX Info: Redefining \] on input line 2954.
)
(/usr/local/texlive/2025/texmf-dist/tex/latex/amsfonts/amssymb.sty
Package: amssymb 2013/01/14 v3.01 AMS font symbols

(/usr/local/texlive/2025/texmf-dist/tex/latex/amsfonts/amsfonts.sty
Package: amsfonts 2013/01/14 v3.01 Basic AMSFonts support
\symAMSa=\mathgroup4
\symAMSb=\mathgroup5
LaTeX Font Info:    Redeclaring math symbol \hbar on input line 98.
LaTeX Font Info:    Overwriting math alphabet `\mathfrak' in version `bold'
(Font)                  U/euf/m/n --> U/euf/b/n on input line 106.
))
(/usr/local/texlive/2025/texmf-dist/tex/latex/booktabs/booktabs.sty
Package: booktabs 2020/01/12 v1.61803398 Publication quality tables
\heavyrulewidth=\dimen152
\lightrulewidth=\dimen153
\cmidrulewidth=\dimen154
\belowrulesep=\dimen155
\belowbottomsep=\dimen156
\aboverulesep=\dimen157
\abovetopsep=\dimen158
\cmidrulesep=\dimen159
\cmidrulekern=\dimen160
\defaultaddspace=\dimen161
\@cmidla=\count285
\@cmidlb=\count286
\@aboverulesep=\dimen162
\@belowrulesep=\dimen163
\@thisruleclass=\count287
\@lastruleclass=\count288
\@thisrulewidth=\dimen164
)
(/usr/local/texlive/2025/texmf-dist/tex/latex/enumitem/enumitem.sty
Package: enumitem 2025/02/06 v3.11 Customized lists
\enitkv@toks@=\toks25
\labelindent=\skip54
\enit@outerparindent=\dimen165
\enit@toks=\toks26
\enit@inbox=\box54
\enit@count@id=\count289
\enitdp@description=\count290
)
(/usr/local/texlive/2025/texmf-dist/tex/latex/hyperref/hyperref.sty
Package: hyperref 2024-11-05 v7.01l Hypertext links for LaTeX

(/usr/local/texlive/2025/texmf-dist/tex/generic/iftex/iftex.sty
Package: iftex 2024/12/12 v1.0g TeX engine tests
)
(/usr/local/texlive/2025/texmf-dist/tex/latex/graphics/keyval.sty
Package: keyval 2022/05/29 v1.15 key=value parser (DPC)
\KV@toks@=\toks27
)
(/usr/local/texlive/2025/texmf-dist/tex/latex/kvsetkeys/kvsetkeys.sty
Package: kvsetkeys 2022-10-05 v1.19 Key value parser (HO)
)
(/usr/local/texlive/2025/texmf-dist/tex/generic/kvdefinekeys/kvdefinekeys.sty
Package: kvdefinekeys 2019-12-19 v1.6 Define keys (HO)
)
(/usr/local/texlive/2025/texmf-dist/tex/generic/pdfescape/pdfescape.sty
Package: pdfescape 2019/12/09 v1.15 Implements pdfTeX's escape features (HO)

(/usr/local/texlive/2025/texmf-dist/tex/generic/ltxcmds/ltxcmds.sty
Package: ltxcmds 2023-12-04 v1.26 LaTeX kernel commands for general use (HO)
)
(/usr/local/texlive/2025/texmf-dist/tex/generic/pdftexcmds/pdftexcmds.sty
Package: pdftexcmds 2020-06-27 v0.33 Utility functions of pdfTeX for LuaTeX (HO
)

(/usr/local/texlive/2025/texmf-dist/tex/generic/infwarerr/infwarerr.sty
Package: infwarerr 2019/12/03 v1.5 Providing info/warning/error messages (HO)
)
Package pdftexcmds Info: \pdf@primitive is available.
Package pdftexcmds Info: \pdf@ifprimitive is available.
Package pdftexcmds Info: \pdfdraftmode found.
))
(/usr/local/texlive/2025/texmf-dist/tex/latex/hycolor/hycolor.sty
Package: hycolor 2020-01-27 v1.10 Color options for hyperref/bookmark (HO)
)
(/usr/local/texlive/2025/texmf-dist/tex/latex/hyperref/nameref.sty
Package: nameref 2023-11-26 v2.56 Cross-referencing by name of section

(/usr/local/texlive/2025/texmf-dist/tex/latex/refcount/refcount.sty
Package: refcount 2019/12/15 v3.6 Data extraction from label references (HO)
)
(/usr/local/texlive/2025/texmf-dist/tex/generic/gettitlestring/gettitlestring.s
ty
Package: gettitlestring 2019/12/15 v1.6 Cleanup title references (HO)
 (/usr/local/texlive/2025/texmf-dist/tex/latex/kvoptions/kvoptions.sty
Package: kvoptions 2022-06-15 v3.15 Key value format for package options (HO)
))
\c@section@level=\count291
)
(/usr/local/texlive/2025/texmf-dist/tex/latex/etoolbox/etoolbox.sty
Package: etoolbox 2025/02/11 v2.5l e-TeX tools for LaTeX (JAW)
\etb@tempcnta=\count292
)
(/usr/local/texlive/2025/texmf-dist/tex/generic/stringenc/stringenc.sty
Package: stringenc 2019/11/29 v1.12 Convert strings between diff. encodings (HO
)
)
\@linkdim=\dimen166
\Hy@linkcounter=\count293
\Hy@pagecounter=\count294

(/usr/local/texlive/2025/texmf-dist/tex/latex/hyperref/pd1enc.def
File: pd1enc.def 2024-11-05 v7.01l Hyperref: PDFDocEncoding definition (HO)
Now handling font encoding PD1 ...
... no UTF-8 mapping file for font encoding PD1
)
(/usr/local/texlive/2025/texmf-dist/tex/generic/intcalc/intcalc.sty
Package: intcalc 2019/12/15 v1.3 Expandable calculations with integers (HO)
)
\Hy@SavedSpaceFactor=\count295

(/usr/local/texlive/2025/texmf-dist/tex/latex/hyperref/puenc.def
File: puenc.def 2024-11-05 v7.01l Hyperref: PDF Unicode definition (HO)
Now handling font encoding PU ...
... no UTF-8 mapping file for font encoding PU
)
Package hyperref Info: Hyper figures OFF on input line 4157.
Package hyperref Info: Link nesting OFF on input line 4162.
Package hyperref Info: Hyper index ON on input line 4165.
Package hyperref Info: Plain pages OFF on input line 4172.
Package hyperref Info: Backreferencing OFF on input line 4177.
Package hyperref Info: Implicit mode ON; LaTeX internals redefined.
Package hyperref Info: Bookmarks ON on input line 4424.
\c@Hy@tempcnt=\count296

(/usr/local/texlive/2025/texmf-dist/tex/latex/url/url.sty
\Urlmuskip=\muskip18
Package: url 2013/09/16  ver 3.4  Verb mode for urls, etc.
)
LaTeX Info: Redefining \url on input line 4763.
\XeTeXLinkMargin=\dimen167

(/usr/local/texlive/2025/texmf-dist/tex/generic/bitset/bitset.sty
Package: bitset 2019/12/09 v1.3 Handle bit-vector datatype (HO)

(/usr/local/texlive/2025/texmf-dist/tex/generic/bigintcalc/bigintcalc.sty
Package: bigintcalc 2019/12/15 v1.5 Expandable calculations on big integers (HO
)
))
\Fld@menulength=\count297
\Field@Width=\dimen168
\Fld@charsize=\dimen169
Package hyperref Info: Hyper figures OFF on input line 6042.
Package hyperref Info: Link nesting OFF on input line 6047.
Package hyperref Info: Hyper index ON on input line 6050.
Package hyperref Info: backreferencing OFF on input line 6057.
Package hyperref Info: Link coloring OFF on input line 6062.
Package hyperref Info: Link coloring with OCG OFF on input line 6067.
Package hyperref Info: PDF/A mode OFF on input line 6072.

(/usr/local/texlive/2025/texmf-dist/tex/latex/base/atbegshi-ltx.sty
Package: atbegshi-ltx 2021/01/10 v1.0c Emulation of the original atbegshi
package with kernel methods
)
\Hy@abspage=\count298
\c@Item=\count299
\c@Hfootnote=\count300
)
Package hyperref Info: Driver (autodetected): hpdftex.

(/usr/local/texlive/2025/texmf-dist/tex/latex/hyperref/hpdftex.def
File: hpdftex.def 2024-11-05 v7.01l Hyperref driver for pdfTeX

(/usr/local/texlive/2025/texmf-dist/tex/latex/base/atveryend-ltx.sty
Package: atveryend-ltx 2020/08/19 v1.0a Emulation of the original atveryend pac
kage
with kernel methods
)
\Fld@listcount=\count301
\c@bookmark@seq@number=\count302

(/usr/local/texlive/2025/texmf-dist/tex/latex/rerunfilecheck/rerunfilecheck.sty
Package: rerunfilecheck 2022-07-10 v1.10 Rerun checks for auxiliary files (HO)

(/usr/local/texlive/2025/texmf-dist/tex/generic/uniquecounter/uniquecounter.sty
Package: uniquecounter 2019/12/15 v1.4 Provide unlimited unique counter (HO)
)
Package uniquecounter Info: New unique counter `rerunfilecheck' on input line 2
85.
)
\Hy@SectionHShift=\skip55
) (/usr/local/texlive/2025/texmf-dist/tex/latex/geometry/geometry.sty
Package: geometry 2020/01/02 v5.9 Page Geometry

(/usr/local/texlive/2025/texmf-dist/tex/generic/iftex/ifvtex.sty
Package: ifvtex 2019/10/25 v1.7 ifvtex legacy package. Use iftex instead.
)
\Gm@cnth=\count303
\Gm@cntv=\count304
\c@Gm@tempcnt=\count305
\Gm@bindingoffset=\dimen170
\Gm@wd@mp=\dimen171
\Gm@odd@mp=\dimen172
\Gm@even@mp=\dimen173
\Gm@layoutwidth=\dimen174
\Gm@layoutheight=\dimen175
\Gm@layouthoffset=\dimen176
\Gm@layoutvoffset=\dimen177
\Gm@dimlist=\toks28
)
(/usr/local/texlive/2025/texmf-dist/tex/latex/l3backend/l3backend-pdftex.def
File: l3backend-pdftex.def 2024-05-08 L3 backend support: PDF output (pdfTeX)
\l__color_backend_stack_int=\count306
\l__pdf_internal_box=\box55
)
(./main_es.aux
LaTeX Info: Redefining \. on input line 11.
LaTeX Info: Redefining \% on input line 11.
)
\openout1 = `main_es.aux'.

LaTeX Font Info:    Checking defaults for OML/cmm/m/it on input line 20.
LaTeX Font Info:    ... okay on input line 20.
LaTeX Font Info:    Checking defaults for OMS/cmsy/m/n on input line 20.
LaTeX Font Info:    ... okay on input line 20.
LaTeX Font Info:    Checking defaults for OT1/cmr/m/n on input line 20.
LaTeX Font Info:    ... okay on input line 20.
LaTeX Font Info:    Checking defaults for T1/cmr/m/n on input line 20.
LaTeX Font Info:    ... okay on input line 20.
LaTeX Font Info:    Checking defaults for TS1/cmr/m/n on input line 20.
LaTeX Font Info:    ... okay on input line 20.
LaTeX Font Info:    Checking defaults for OMX/cmex/m/n on input line 20.
LaTeX Font Info:    ... okay on input line 20.
LaTeX Font Info:    Checking defaults for U/cmr/m/n on input line 20.
LaTeX Font Info:    ... okay on input line 20.
LaTeX Font Info:    Checking defaults for PD1/pdf/m/n on input line 20.
LaTeX Font Info:    ... okay on input line 20.
LaTeX Font Info:    Checking defaults for PU/pdf/m/n on input line 20.
LaTeX Font Info:    ... okay on input line 20.
LaTeX Info: Redefining \. on input line 20.
LaTeX Info: Redefining \% on input line 20.
Package hyperref Info: Link coloring OFF on input line 20.
 (./main_es.out) (./main_es.out)
\@outlinefile=\write3
\openout3 = `main_es.out'.


*geometry* driver: auto-detecting
*geometry* detected driver: pdftex
*geometry* verbose mode - [ preamble ] result:
* driver: pdftex
* paper: <default>
* layout: <same size as paper>
* layoutoffset:(h,v)=(0.0pt,0.0pt)
* modes: 
* h-part:(L,W,R)=(71.13188pt, 472.03123pt, 71.13188pt)
* v-part:(T,H,B)=(71.13188pt, 652.70622pt, 71.13188pt)
* \paperwidth=614.295pt
* \paperheight=794.96999pt
* \textwidth=472.03123pt
* \textheight=652.70622pt
* \oddsidemargin=-1.1381pt
* \evensidemargin=-1.1381pt
* \topmargin=-38.1381pt
* \headheight=12.0pt
* \headsep=25.0pt
* \topskip=11.0pt
* \footskip=30.0pt
* \marginparwidth=59.0pt
* \marginparsep=10.0pt
* \columnsep=10.0pt
* \skip\footins=10.0pt plus 4.0pt minus 2.0pt
* \hoffset=0.0pt
* \voffset=0.0pt
* \mag=1000
* \@twocolumnfalse
* \@twosidefalse
* \@mparswitchfalse
* \@reversemarginfalse
* (1in=72.27pt=25.4mm, 1cm=28.453pt)

LaTeX Font Info:    Trying to load font information for U+msa on input line 22.

(/usr/local/texlive/2025/texmf-dist/tex/latex/amsfonts/umsa.fd
File: umsa.fd 2013/01/14 v3.01 AMS symbols A
)
LaTeX Font Info:    Trying to load font information for U+msb on input line 22.


(/usr/local/texlive/2025/texmf-dist/tex/latex/amsfonts/umsb.fd
File: umsb.fd 2013/01/14 v3.01 AMS symbols B
) (./main_es.toc
LaTeX Info: Redefining \. on input line 1.
LaTeX Info: Redefining \% on input line 1.


[1

{/usr/local/texlive/2025/texmf-var/fonts/map/pdftex/updmap/pdftex.map}{/usr/loc
al/texlive/2025/texmf-dist/fonts/enc/dvips/cm-super/cm-super-t1.enc}]

[2]

[3]
Overfull \hbox (2.7858pt too wide) detected at line 196
\T1/cmr/m/n/10.95 14.10. 
 []


Overfull \hbox (2.7858pt too wide) detected at line 197
\T1/cmr/m/n/10.95 14.11. 
 []


Overfull \hbox (2.7858pt too wide) detected at line 198
\T1/cmr/m/n/10.95 14.12. 
 []


Overfull \hbox (2.7858pt too wide) detected at line 199
\T1/cmr/m/n/10.95 14.13. 
 []



[4]
Overfull \hbox (2.7858pt too wide) detected at line 255
\T1/cmr/m/n/10.95 24.10. 
 []


Overfull \hbox (2.7858pt too wide) detected at line 256
\T1/cmr/m/n/10.95 24.11. 
 []


Overfull \hbox (2.7858pt too wide) detected at line 257
\T1/cmr/m/n/10.95 24.12. 
 []

)
\tf@toc=\write4
\openout4 = `main_es.toc'.

 (./docs/sections/clustering_es.tex

[5]
Overfull \hbox (86.11928pt too wide) in paragraph at lines 33--34
\T1/cmr/m/n/10.95 cio-nes so-bre sus pa-sa-das. En la im-ple-men-ta-ción, es-ta
s va-ria-bles se guar-dan en \T1/cmtt/m/n/10.95 Resultados/cluster_features*.du
ckdb
 []



[6]

[7]
Overfull \hbox (240.01436pt too wide) detected at line 119
\OML/cmm/m/it/10.95 n[] \OT1/cmr/m/n/10.95 = [] \OML/cmm/m/it/10.95 ;  n[] \OT1
/cmr/m/n/10.95 = [] \OML/cmm/m/it/10.95 ;  n[] \OT1/cmr/m/n/10.95 = [] \OML/cmm
/m/it/10.95 ;  n[] \OT1/cmr/m/n/10.95 = [] \OML/cmm/m/it/10.95 :
 []



[8]
Overfull \hbox (5.42273pt too wide) in paragraph at lines 159--161
\T1/cmr/m/n/10.95 La in-ter-faz pue-de ex-por-tar es-tas res-pon-sa-bi-li-da-de
s co-mo co-lum-nas \T1/cmtt/m/n/10.95 cluster_prob_0\T1/cmr/m/n/10.95 , \T1/cmt
t/m/n/10.95 cluster_prob_1\T1/cmr/m/n/10.95 ,
 []



[9]
Overfull \hbox (7.6268pt too wide) in paragraph at lines 210--212
\T1/cmr/m/n/10.95 usando tran-si-cio-nes con-se-cu-ti-vas con eti-que-ta asig-n
a-da. Tam-bién re-por-ta el \T1/cmtt/m/n/10.95 dominant_cluster_share\T1/cmr/m/
n/10.95 ,
 []


Overfull \hbox (72.91473pt too wide) in paragraph at lines 214--216
\T1/cmr/m/n/10.95 y \T1/cmtt/m/n/10.95 dynamic_metadata\T1/cmr/m/n/10.95 . En e
l mo-do pre-va-len-te, los me-ta-da-tos in-clu-yen \T1/cmtt/m/n/10.95 assignmen
t_scope\T1/cmr/m/n/10.95 , \T1/cmtt/m/n/10.95 prevalent_fraction_pct\T1/cmr/m/n
/10.95 ,
 []


Overfull \hbox (14.42258pt too wide) in paragraph at lines 221--222
[]\T1/cmr/m/n/10.95 Etiquetas por ma-trí-cu-la: \T1/cmtt/m/n/10.95 cluster_kmea
ns_kK.csv\T1/cmr/m/n/10.95 , \T1/cmtt/m/n/10.95 cluster_gmm_kK.csv\T1/cmr/m/n/1
0.95 , \T1/cmtt/m/n/10.95 cluster_hdbscan.csv\T1/cmr/m/n/10.95 .
 []



[10]
Overfull \hbox (36.83054pt too wide) in paragraph at lines 244--245
[]\T1/cmr/bx/n/10.95 Velocidad me-dia \T1/cmr/m/n/10.95 por clus-ter: pro-me-di
o sim-ple en mo-do du-ro y pro-me-dio pon-de-ra-do $[][] \OML/cmm/m/it/10.95 v[
]r[]= [][] r[]$
 []

) (./docs/sections/accident_prediction_es.tex

[11]

[12]
Overfull \hbox (0.92137pt too wide) in paragraph at lines 54--56
\T1/cmr/m/n/10.95 Estas va-ria-bles se al-ma-ce-nan co-mo co-lum-nas \T1/cmtt/m
/n/10.95 cluster_share_*\T1/cmr/m/n/10.95 , \T1/cmtt/m/n/10.95 cluster_flow_*\T
1/cmr/m/n/10.95 , \T1/cmtt/m/n/10.95 cluster_speed_*\T1/cmr/m/n/10.95 ,
 []


Overfull \hbox (22.03365pt too wide) in paragraph at lines 77--78
[]\T1/cmr/m/n/10.95 (Opcional) Cal-cu-lar va-ria-bles de clus-ters por $\OT1/cm
r/m/n/10.95 (\OML/cmm/m/it/10.95 p; ^^\\OT1/cmr/m/n/10.95 )$ \T1/cmr/m/n/10.95 
y unir-las por lla-ve \T1/cmtt/m/n/10.95 (portico, interval_start)\T1/cmr/m/n/1
0.95 . 
 []



[13]
Overfull \hbox (7.28458pt too wide) in paragraph at lines 96--97
[]\T1/cmr/bx/n/10.95 XGBoost\T1/cmr/m/n/10.95 : gra-dien-te boos-ting con ob-je
-ti-vo bi-na-rio lo-gís-ti-co, re-gu-la-ri-za-ción y \T1/cmtt/m/n/10.95 scale_p
os_weight
 []



[14]
Overfull \hbox (0.18237pt too wide) in paragraph at lines 140--141
\T1/cmtt/m/n/10.95 optuna_settings \T1/cmr/m/n/10.95 y re-sul-ta-dos agru-pa-do
s por mo-de-lo, \T1/cmtt/m/n/10.95 by_balance_mode \T1/cmr/m/n/10.95 y \T1/cmtt
/m/n/10.95 by_calibration_method\T1/cmr/m/n/10.95 .
 []


Overfull \hbox (5.40906pt too wide) in paragraph at lines 154--156
[]\T1/cmr/m/n/10.95 La pes-ta-ña \T1/cmtt/m/n/10.95 Experimentos \T1/cmr/m/n/10
.95 tie-ne tres vis-tas: \T1/cmtt/m/n/10.95 Ejecutar Nuevo\T1/cmr/m/n/10.95 , \
T1/cmtt/m/n/10.95 Resultados Anteriores \T1/cmr/m/n/10.95 e \T1/cmtt/m/n/10.95 
Importar
 []



[15]
Overfull \hbox (70.74606pt too wide) in paragraph at lines 170--171
[]\T1/cmr/m/n/10.95 Datasets ba-lan-cea-dos por fa-mi-lia: \T1/cmtt/m/n/10.95 a
ccident_balanced*_base.csv\T1/cmr/m/n/10.95 , \T1/cmtt/m/n/10.95 accident_balan
ced*_cluster_only.csv
 []


Overfull \hbox (38.85872pt too wide) in paragraph at lines 172--173
[]\T1/cmr/m/n/10.95 Resultados de ex-pe-ri-men-tos: \T1/cmtt/m/n/10.95 experime
nts_results_*.csv\T1/cmr/m/n/10.95 , \T1/cmtt/m/n/10.95 controlled_comparison_s
ummary_*.csv\T1/cmr/m/n/10.95 ,
 []


Overfull \hbox (149.0539pt too wide) in paragraph at lines 172--173
\T1/cmtt/m/n/10.95 controlled_comparison_curves_*.csv\T1/cmr/m/n/10.95 , \T1/cm
tt/m/n/10.95 controlled_comparison_grid_*.csv\T1/cmr/m/n/10.95 , \T1/cmtt/m/n/1
0.95 best_highway_section_controlled_*.csv
 []


Overfull \hbox (52.98514pt too wide) in paragraph at lines 174--175
[]\T1/cmr/m/n/10.95 Bundles per-sis-ten-tes de mo-de-los: \T1/cmtt/m/n/10.95 mo
del_history/<run_id>/<strategy>/model.joblib\T1/cmr/m/n/10.95 , \T1/cmtt/m/n/10
.95 manifest.json\T1/cmr/m/n/10.95 ,
 []



[16]) (./docs/sections/dynamic_gmm_feature_engineering_es.tex
Overfull \hbox (2.06201pt too wide) in paragraph at lines 12--13
[]\T1/cmr/bx/n/10.95 Columnas\T1/cmr/m/n/10.95 : \T1/cmtt/m/n/10.95 FECHA TIMES
TAMP\T1/cmr/m/n/10.95 , \T1/cmtt/m/n/10.95 VELOCIDAD DOUBLE\T1/cmr/m/n/10.95 , 
\T1/cmtt/m/n/10.95 CATEGORIA INTEGER\T1/cmr/m/n/10.95 , \T1/cmtt/m/n/10.95 MATR
ICULA VARCHAR\T1/cmr/m/n/10.95 ,
 []



[17]
Overfull \hbox (5.08296pt too wide) in paragraph at lines 31--33
[]\T1/cmr/m/n/10.95 El GMM di-ná-mi-co se con-su-me des-de un ar-chi-vo DuckDB 
ex-terno con ta-bla \T1/cmtt/m/n/10.95 dynamic_assignments\T1/cmr/m/n/10.95 .
 []



[18]
Overfull \hbox (60.5538pt too wide) in paragraph at lines 118--120
\T1/cmr/m/n/10.95 En es-te mo-do, si exis-te la eti-que-ta $\OMS/cmsy/m/n/10.95
 ^^@\OT1/cmr/m/n/10.95 1$\T1/cmr/m/n/10.95 , se ma-te-ria-li-za co-mo co-lum-na
 \T1/cmtt/m/n/10.95 cluster_share_neg_1\T1/cmr/m/n/10.95 , \T1/cmtt/m/n/10.95 c
luster_flow_neg_1\T1/cmr/m/n/10.95 ,
 []



[19]

[20]
LaTeX Font Info:    Font shape `T1/cmtt/bx/n' in size <10.95> not available
(Font)              Font shape `T1/cmtt/m/n' tried instead on input line 190.

Overfull \hbox (48.1619pt too wide) in paragraph at lines 216--217
[]\T1/cmr/m/n/10.95 Si el mo-do es GMM di-ná-mi-co, eje-cu-tar \T1/cmtt/m/n/10.
95 _compute_dynamic_gmm_cluster_features_duckdb_batch(...)
 []



[21]
Overfull \hbox (37.79585pt too wide) in paragraph at lines 246--247
\T1/cmr/m/n/10.95 mi-co usa DuckDB di-rec-ta-men-te me-dian-te \T1/cmtt/m/n/10.
95 _compute_dynamic_gmm_cluster_features_duckdb_batch(...)\T1/cmr/m/n/10.95 . 
 []



[22]) (./docs/sections/nlp_severity_replication_es.tex

[23]
Overfull \hbox (17.09215pt too wide) in paragraph at lines 14--16
[]\T1/cmr/m/n/10.95 El pro-to-co-lo de ré-pli-ca es-tá de-fi-ni-do por cons-tan
-tes co-mo \T1/cmtt/m/n/10.95 PAPER_PROTOCOL\T1/cmr/m/n/10.95 , \T1/cmtt/m/n/10
.95 PAPER_EXPECTED_COUNTS\T1/cmr/m/n/10.95 ,
 []


Overfull \hbox (2.9811pt too wide) in paragraph at lines 14--16
\T1/cmtt/m/n/10.95 PAPER_K_GRID\T1/cmr/m/n/10.95 , \T1/cmtt/m/n/10.95 PAPER_VAL
IDATION_ALPHA \T1/cmr/m/n/10.95 y \T1/cmtt/m/n/10.95 PAPER_COMPARISON_TOLERANCE
\T1/cmr/m/n/10.95 . La im-ple-men-ta-ción fuer-
 []


Overfull \hbox (35.2288pt too wide) in paragraph at lines 17--18
[]\T1/cmr/m/n/10.95 Holdout tem-po-ral con \T1/cmtt/m/n/10.95 test_size = 0.2 \
T1/cmr/m/n/10.95 y \T1/cmtt/m/n/10.95 random_state = 42\T1/cmr/m/n/10.95 . El c
ó-di-go or-de-na por \T1/cmtt/m/n/10.95 accidente_time
 []



[24]
Overfull \hbox (116.5201pt too wide) in paragraph at lines 50--52
[]\T1/cmr/m/n/10.95 Antes de eje-cu-tar cual-quier ex-pe-ri-men-to, el có-di-go
 re-vi-sa \T1/cmtt/m/n/10.95 Resultados/nlp_in_severity/paper_replication/<run_
id>/
 []


Overfull \hbox (97.3658pt too wide) in paragraph at lines 59--61
[]\T1/cmr/m/n/10.95 La ru-ta \T1/cmtt/m/n/10.95 frozen \T1/cmr/m/n/10.95 car-ga
 \T1/cmtt/m/n/10.95 NLP/Dataframes/resultado.pkl \T1/cmr/m/n/10.95 y nor-ma-li-
za el da-ta-set con \T1/cmtt/m/n/10.95 _ensure_paper_dataset_columns\T1/cmr/m/n
/10.95 .
 []



[25]
Overfull \hbox (76.54787pt too wide) in paragraph at lines 77--78
[]\T1/cmr/bx/n/10.95 Extracción de em-bed-dings. \T1/cmr/m/n/10.95 Lla-mar a \T
1/cmtt/m/n/10.95 generate_text_embeddings \T1/cmr/m/n/10.95 con \T1/cmtt/m/n/10
.95 method = transformer_finetuned\T1/cmr/m/n/10.95 ,
 []


Overfull \hbox (118.05272pt too wide) in paragraph at lines 81--82
\T1/cmr/m/n/10.95 Estos sub-pa-sos que-dan check-poin-ted co-mo \T1/cmtt/m/n/10
.95 raw.build.features\T1/cmr/m/n/10.95 , \T1/cmtt/m/n/10.95 raw.build.embeddin
gs\T1/cmr/m/n/10.95 , \T1/cmtt/m/n/10.95 raw.build.embedding_selection
 []


Overfull \hbox (23.31157pt too wide) in paragraph at lines 100--101
\T1/cmr/m/n/10.95 Cada $\OML/cmm/m/it/10.95 k$ \T1/cmr/m/n/10.95 se re-gis-tra 
por se-pa-ra-do co-mo \T1/cmtt/m/n/10.95 <ruta>.M<j>.k.<k>\T1/cmr/m/n/10.95 , y
 ca-da mo-de-lo fi-nal co-mo \T1/cmtt/m/n/10.95 <ruta>.M<j>.final\T1/cmr/m/n/10
.95 . 
 []



[26]
Overfull \hbox (98.50763pt too wide) in paragraph at lines 108--109
[]\T1/cmr/m/n/10.95 el ba-lan-ceo con SMO-TE se apli-ca den-tro de la bús-que-d
a in-ter-na de hi-per-pa-rá-me-tros (\T1/cmtt/m/n/10.95 _paper_optimize_xgb_mod
el\T1/cmr/m/n/10.95 ),
 []


Overfull \hbox (14.13759pt too wide) in paragraph at lines 140--141
[]\T1/cmr/m/n/10.95 Cuando es-tá ha-bi-li-ta-da, la ru-ta \T1/cmtt/m/n/10.95 up
date_embeddings \T1/cmr/m/n/10.95 (\T1/cmtt/m/n/10.95 _paper_build_update_embed
dings_dataset\T1/cmr/m/n/10.95 )
 []



[27{/usr/local/texlive/2025/texmf-dist/fonts/enc/dvips/cm-super/cm-super-ts1.en
c}]
Overfull \hbox (93.69467pt too wide) in paragraph at lines 164--166
[]\T1/cmr/m/n/10.95 Después de una co-rri-da exi-to-sa o de una co-rri-da com-p
le-ta-da pe-ro blo-quea-da, \T1/cmtt/m/n/10.95 _persist_paper_replication_paylo
ad
 []


Overfull \hbox (24.55675pt too wide) in paragraph at lines 171--172
\T1/cmr/m/n/10.95 Esa sin-cro-ni-za-ción es idem-po-ten-te y se omi-te cuan-do 
\T1/cmtt/m/n/10.95 manifest.json \T1/cmr/m/n/10.95 ya in-di-ca \T1/cmtt/m/n/10.
95 registry_sync.completed
 []



[28]

[29]
Overfull \hbox (55.35728pt too wide) in paragraph at lines 210--211
[]\T1/cmr/m/n/10.95 si la com-pa-ra-ción pa-só, ins-pec-cio-nar \T1/cmtt/m/n/10
.95 export/payload.json \T1/cmr/m/n/10.95 y los as-sets pro-mo-vi-dos en \T1/cm
tt/m/n/10.95 NLP/Latex/images/
 []

) (./docs/sections/drift_detection_es.tex

[30]
Overfull \hbox (20.28572pt too wide) in paragraph at lines 16--17
[]\T1/cmr/m/n/10.95 La con-fi-gu-ra-ción de re-fe-ren-cia del pa-per se fi-ja c
on \T1/cmtt/m/n/10.95 PAPER_TIME_SPAN = 2018-01-01 to 2024-09-30\T1/cmr/m/n/10.
95 .
 []


Overfull \hbox (44.86456pt too wide) in paragraph at lines 16--17
\T1/cmr/m/n/10.95 Ade-más, el co-rre-dor de fo-co se res-trin-ge al con-jun-to 
fi-jo de pór-ti-cos \T1/cmtt/m/n/10.95 11, 12, 14, 15 \T1/cmr/m/n/10.95 (\T1/cm
tt/m/n/10.95 DRIFT_FOCUS_PORTICOS\T1/cmr/m/n/10.95 ),
 []


Overfull \hbox (20.27577pt too wide) in paragraph at lines 19--20
\T1/cmtt/m/n/10.95 flujos_duckdb\T1/cmr/m/n/10.95 . Pa-ra even-tos uti-li-za ar
-chi-vos CSV ba-jo \T1/cmtt/m/n/10.95 Datos/ \T1/cmr/m/n/10.95 pro-ce-sa-dos co
n \T1/cmtt/m/n/10.95 process_accidentes_df\T1/cmr/m/n/10.95 ,
 []


Overfull \hbox (6.59903pt too wide) in paragraph at lines 19--20
\T1/cmr/m/n/10.95 y pa-ra geo-rre-fe-ren-cia y re-la-ción en-tre pór-ti-cos uti
-li-za \T1/cmtt/m/n/10.95 Datos/Porticos.csv \T1/cmr/m/n/10.95 a tra-vés de \T1
/cmtt/m/n/10.95 load_porticos\T1/cmr/m/n/10.95 ,
 []



[31]
Overfull \hbox (15.67056pt too wide) in paragraph at lines 66--68
\OML/cmm/m/it/10.95 p[]$ \T1/cmr/m/n/10.95 y ca-rril $\OML/cmm/m/it/10.95 `[]$\
T1/cmr/m/n/10.95 . La app ma-pea \T1/cmtt/m/n/10.95 CATEGORIA \T1/cmr/m/n/10.95
 a \T1/cmtt/m/n/10.95 Light/Heavy/Motorcycle \T1/cmr/m/n/10.95 con \T1/cmtt/m/n
/10.95 DRIFT_ARTICLE_CATEGORY_MAP\T1/cmr/m/n/10.95 ,
 []



[32]

[33]
Overfull \hbox (55.55557pt too wide) in paragraph at lines 131--132
\T1/cmr/m/n/10.95 Pa-ra ca-da seg-men-to $\OML/cmm/m/it/10.95 s \OT1/cmr/m/n/10
.95 = (\OML/cmm/m/it/10.95 p[]; p[]\OT1/cmr/m/n/10.95 ) \OMS/cmsy/m/n/10.95 2 \
OML/cmm/m/it/10.95 S$\T1/cmr/m/n/10.95 , la dis-tan-cia $\OML/cmm/m/it/10.95 d[
]$ \T1/cmr/m/n/10.95 se ob-tie-ne con \T1/cmtt/m/n/10.95 _lookup_article_segmen
t_distance_km()\T1/cmr/m/n/10.95 ,
 []



[34]

[35]
Overfull \hbox (114.23587pt too wide) in paragraph at lines 219--221
\T1/cmr/m/n/10.95 ocu-rren en el si-guien-te in-ter-va-lo de 5 mi-nu-tos. La pr
ue-ba \T1/cmtt/m/n/10.95 test_drift_article_features_cover_table4_and_target_sh
ift
 []


Overfull \hbox (112.97151pt too wide) in paragraph at lines 223--224
[]\T1/cmr/m/n/10.95 La Sec-ción 4.2 del pa-per se ope-ra-cio-na-li-za con \T1/c
mtt/m/n/10.95 apply_missing_data_policy()\T1/cmr/m/n/10.95 , \T1/cmtt/m/n/10.95
 identify_long_zero_accident_runs()\T1/cmr/m/n/10.95 ,
 []


Overfull \hbox (159.40094pt too wide) in paragraph at lines 230--231
\T1/cmr/m/n/10.95 mo-vi-das, ven-ta-nas de-tec-ta-das y fi-las des-car-ta-das. 
La prue-ba \T1/cmtt/m/n/10.95 test_configurable_preparation_pipeline_respects_s
tage_switches
 []


Overfull \hbox (2.50038pt too wide) in paragraph at lines 233--234
[]\T1/cmr/m/n/10.95 La eta-pa de se-lec-ción usa \T1/cmtt/m/n/10.95 compute_abs
_correlations()\T1/cmr/m/n/10.95 , \T1/cmtt/m/n/10.95 drop_highly_correlated_fe
atures()
 []


Overfull \hbox (179.35541pt too wide) in paragraph at lines 239--240
\T1/cmr/m/n/10.95 per-sis-te el pay-load de se-lec-ción en el DuckDB de fea-tu-
res. La prue-ba \T1/cmtt/m/n/10.95 test_feature_selection_payload_persists_with
_feature_duckdb
 []


Overfull \hbox (7.4317pt too wide) in paragraph at lines 242--244
[]\T1/cmr/m/n/10.95 Las es-tra-te-gias dis-po-ni-bles es-tán de-fi-ni-das por \
T1/cmtt/m/n/10.95 EXPERIMENT_STRATEGIES\T1/cmr/m/n/10.95 : \T1/cmtt/m/n/10.95 s
tatic\T1/cmr/m/n/10.95 , \T1/cmtt/m/n/10.95 period_aligned\T1/cmr/m/n/10.95 ,
 []



[36]
Overfull \hbox (17.65697pt too wide) in paragraph at lines 258--259
 []\T1/cmr/bx/n/10.95 Entrenamiento batch in-terno y ca-li-bra-ción de th-resho
ld[] \T1/cmr/m/n/10.95 Las es-tra-te-gias batch, \T1/cmtt/m/n/10.95 adaptive_ad
win
 []



[37]
Overfull \hbox (69.03189pt too wide) in paragraph at lines 318--320
\T1/cmr/m/n/10.95 Los ar-te-fac-tos SMO-TE pue-den per-sis-tir-se y re-uti-li-z
ar-se por blo-que me-dian-te \T1/cmtt/m/n/10.95 _load_or_create_smote_artifact(
)\T1/cmr/m/n/10.95 . 
 []



[38]

[39]
Overfull \hbox (112.61574pt too wide) in paragraph at lines 395--396
\OML/cmm/m/it/10.95 W=W[]=W[]$\T1/cmr/m/n/10.95 . Las prue-bas \T1/cmtt/m/n/10.
95 test_run_arf_strategy_variants \T1/cmr/m/n/10.95 y \T1/cmtt/m/n/10.95 test_r
ecalibration_experiments_support_adaptive_arf
 []


Overfull \hbox (1.08308pt too wide) in paragraph at lines 418--420
\T1/cmr/m/n/10.95 Cuando eso ocu-rre, se cie-rra el seg-men-to de pre-dic-ción,
 se re-gis-tran \T1/cmtt/m/n/10.95 vote_count\T1/cmr/m/n/10.95 , \T1/cmtt/m/n/1
0.95 detected_features\T1/cmr/m/n/10.95 ,
 []


Overfull \hbox (18.52501pt too wide) in paragraph at lines 425--426
\T1/cmr/m/n/10.95 adi-cio-na-les co-mo \T1/cmtt/m/n/10.95 vote_threshold\T1/cmr
/m/n/10.95 , \T1/cmtt/m/n/10.95 monitor_feature_count\T1/cmr/m/n/10.95 , \T1/cm
tt/m/n/10.95 retrain_rows \T1/cmr/m/n/10.95 y \T1/cmtt/m/n/10.95 retrain_positi
ve_rows\T1/cmr/m/n/10.95 .
 []


Overfull \hbox (72.72339pt too wide) in paragraph at lines 425--426
\T1/cmr/m/n/10.95 Las prue-bas \T1/cmtt/m/n/10.95 test_run_kswin_strategy_varia
nts\T1/cmr/m/n/10.95 , \T1/cmtt/m/n/10.95 test_recalibration_experiments_suppor
t_adaptive_kswin
 []



[40]
Overfull \hbox (15.74277pt too wide) in paragraph at lines 437--438
\T1/cmr/m/n/10.95 blo-que: el blo-que fa-lli-do se mar-ca co-mo \T1/cmtt/m/n/10
.95 skipped_failed\T1/cmr/m/n/10.95 , su error se re-gis-tra en \T1/cmtt/m/n/10
.95 nonfatal_block_errors
 []


Overfull \hbox (113.93149pt too wide) in paragraph at lines 437--438
\T1/cmr/m/it/10.95 su-me \T1/cmr/m/n/10.95 y de omi-sión con-tro-la-da es-tá cu
-bier-to por \T1/cmtt/m/n/10.95 test_preview_recalibration_checkpoint_detects_r
esumable_manifest\T1/cmr/m/n/10.95 ,
 []


Overfull \hbox (254.69011pt too wide) in paragraph at lines 437--438
\T1/cmtt/m/n/10.95 test_recalibration_experiments_resume_from_failed_checkpoint
 \T1/cmr/m/n/10.95 y \T1/cmtt/m/n/10.95 test_recalibration_experiments_can_skip
_failed_blocks_and_continue\T1/cmr/m/n/10.95 . 
 []


Overfull \hbox (89.69106pt too wide) in paragraph at lines 439--440
\T1/cmr/m/n/10.95 co-mo el \T1/cmtt/m/n/10.95 tuning_key \T1/cmr/m/n/10.95 in-c
or-po-ran una fir-ma de ver-sión de la po-lí-ti-ca de en-tre-na-mien-to (\T1/cm
tt/m/n/10.95 NNET_TRAINING_POLICY_VERSION\T1/cmr/m/n/10.95 ).
 []


Overfull \hbox (26.53146pt too wide) in paragraph at lines 444--445
[]\T1/cmtt/m/n/10.95 yearly_results\T1/cmr/m/n/10.95 : una fi-la por split anua
l batch, con \T1/cmtt/m/n/10.95 strategy\T1/cmr/m/n/10.95 , \T1/cmtt/m/n/10.95 
prediction_year\T1/cmr/m/n/10.95 , \T1/cmtt/m/n/10.95 model\T1/cmr/m/n/10.95 , 
\T1/cmtt/m/n/10.95 balance_mode\T1/cmr/m/n/10.95 ,
 []


Overfull \hbox (0.40149pt too wide) in paragraph at lines 445--446
[]\T1/cmtt/m/n/10.95 adaptive_results\T1/cmr/m/n/10.95 : una fi-la por seg-men-
to adap-ta-ti-vo, ya sea de-li-mi-ta-do por drift AD-WIN/KSWIN
 []



[41]
Overfull \hbox (202.86592pt too wide) in paragraph at lines 455--456
\T1/cmr/m/n/10.95 Las prue-bas \T1/cmtt/m/n/10.95 test_end_to_end_recalibration
_and_average_roc\T1/cmr/m/n/10.95 , \T1/cmtt/m/n/10.95 test_recalibration_exper
iments_compare_balance_modes_end_to_end
 []


Overfull \hbox (31.91083pt too wide) in paragraph at lines 463--465
\T1/cmr/m/n/10.95 por lo que las sa-li-das \T1/cmtt/m/n/10.95 baseline\T1/cmr/m
/n/10.95 , \T1/cmtt/m/n/10.95 summary\T1/cmr/m/n/10.95 , \T1/cmtt/m/n/10.95 str
eam_metrics\T1/cmr/m/n/10.95 , \T1/cmtt/m/n/10.95 rolling_metrics\T1/cmr/m/n/10
.95 , \T1/cmtt/m/n/10.95 drift_events\T1/cmr/m/n/10.95 , \T1/cmtt/m/n/10.95 att
ention_*
 []



[42]
Overfull \hbox (66.0137pt too wide) in paragraph at lines 516--517
 []\T1/cmr/bx/n/10.95 Etiqueta fu-tu-ra y ven-ta-nas[] \T1/cmr/m/n/10.95 La eti
-que-ta efec-ti-va se cons-tru-ye con \T1/cmtt/m/n/10.95 _future_target_from_in
terval_target()\T1/cmr/m/n/10.95 .
 []



[43]

[44]
Overfull \hbox (15.85074pt too wide) in paragraph at lines 595--595
[]\T1/cmtt/m/n/10 xgb_fine_tune_selection_metric| 
 []


Overfull \hbox (2.14926pt too wide) in paragraph at lines 595--595
[]\T1/cmtt/m/n/10 f_beta_recall| 
 []


Overfull \hbox (5.3533pt too wide) in paragraph at lines 596--596
[]\T1/cmtt/m/n/10 xgb_fine_tune_window_min/max| 
 []


Overfull \hbox (5.3533pt too wide) in paragraph at lines 597--597
[]\T1/cmtt/m/n/10 xgb_fine_tune_rounds_min/max| 
 []


Overfull \hbox (26.34818pt too wide) in paragraph at lines 598--598
[]\T1/cmtt/m/n/10 xgb_fine_tune_eta_multiplier_max| 
 []


Overfull \hbox (21.09946pt too wide) in paragraph at lines 599--599
[]\T1/cmtt/m/n/10 xgb_fine_tune_recent_weight_max| 
 []


Underfull \hbox (badness 10000) in paragraph at lines 605--605
[]\T1/cmtt/m/n/10 fine_tune_learning_rate \T1/cmr/m/n/10 /
 []


Underfull \hbox (badness 10000) in paragraph at lines 620--620
[]\T1/cmtt/m/n/10 Attention
 []


Overfull \hbox (5.3533pt too wide) in paragraph at lines 622--622
[]\T1/cmtt/m/n/10 drift_monitor_bottleneck_dim| 
 []


Overfull \hbox (42.09433pt too wide) in paragraph at lines 623--623
[]\T1/cmtt/m/n/10 drift_monitor_reconstruction_weight| 
 []


Underfull \hbox (badness 3375) in paragraph at lines 623--624
[]\T1/cmr/m/n/10 Peso del error de re-cons-truc-ción den-tro de
 []


Overfull \hbox (10.60202pt too wide) in paragraph at lines 624--624
[]\T1/cmtt/m/n/10 drift_monitor_sequence_length| 
 []


Overfull \hbox (36.84561pt too wide) in paragraph at lines 625--625
[]\T1/cmtt/m/n/10 drift_monitor_attention_hidden_dim| 
 []


Overfull \hbox (5.3533pt too wide) in paragraph at lines 626--626
[]\T1/cmtt/m/n/10 attention_feature_hidden_dim
 []


Overfull \hbox (17.82248pt too wide) in paragraph at lines 626--626
\T1/cmr/m/n/10 / \T1/cmtt/m/n/10 attention_temporal_hidden_dim| 
 []


Underfull \hbox (badness 10000) in paragraph at lines 627--627
[]\T1/cmtt/m/n/10 attention_dropout \T1/cmr/m/n/10 /
 []



[45]
Overfull \hbox (11.5919pt too wide) in paragraph at lines 644--644
[]\T1/cmtt/m/n/10 recent_window| 
 []


Underfull \hbox (badness 10000) in paragraph at lines 644--644
[]\T1/cmtt/m/n/10 ADWIN
 []


Overfull \hbox (12.78674pt too wide) in paragraph at lines 642--652
 [] 
 []



[46]
Overfull \hbox (17.14485pt too wide) in paragraph at lines 729--730
 []\T1/cmtt/m/n/10.95 fixed[] \T1/cmr/m/n/10.95 El pre-dic-tor nun-ca se mo-di-
fi-ca. El sis-te-ma si-gue mi-dien-do se-ve-ri-dad y re-gis-tran-do \T1/cmtt/m/
n/10.95 drift_events\T1/cmr/m/n/10.95 ,
 []



[47]
Overfull \hbox (3.69685pt too wide) in paragraph at lines 757--758
\T1/cmr/m/n/10.95 Cada can-di-da-ta se eva-lúa con una mé-tri-ca se-lec-cio-na-
ble (\T1/cmtt/m/n/10.95 f_beta_recall\T1/cmr/m/n/10.95 , \T1/cmtt/m/n/10.95 pr_
auc\T1/cmr/m/n/10.95 , \T1/cmtt/m/n/10.95 brier\T1/cmr/m/n/10.95 , \T1/cmtt/m/n
/10.95 f1\T1/cmr/m/n/10.95 , \T1/cmtt/m/n/10.95 roc_auc\T1/cmr/m/n/10.95 ,
 []


Overfull \hbox (126.44957pt too wide) in paragraph at lines 757--758
\T1/cmtt/m/n/10.95 balanced_f1 \T1/cmr/m/n/10.95 o \T1/cmtt/m/n/10.95 mcc\T1/cm
r/m/n/10.95 ) y la me-jor se per-sis-te en co-lum-nas co-mo \T1/cmtt/m/n/10.95 
xgb_adaptation_window_rows\T1/cmr/m/n/10.95 , \T1/cmtt/m/n/10.95 xgb_fine_tune_
rounds_selected
 []



[48]
Overfull \hbox (41.84402pt too wide) in paragraph at lines 787--788
\T1/cmr/m/n/10.95 se-ria-li-za-dos \T1/cmtt/m/n/10.95 channel_scores\T1/cmr/m/n
/10.95 , \T1/cmtt/m/n/10.95 raw_channel_values\T1/cmr/m/n/10.95 , \T1/cmtt/m/n/
10.95 detector_flags\T1/cmr/m/n/10.95 , \T1/cmtt/m/n/10.95 recent_rows\T1/cmr/m
/n/10.95 , \T1/cmtt/m/n/10.95 recent_positive_rows
 []


Overfull \hbox (3.05179pt too wide) in paragraph at lines 790--791
\T1/cmtt/m/n/10.95 rolling_metric_window\T1/cmr/m/n/10.95 . Pa-ra ca-da ti-mes-
tamp cal-cu-la \T1/cmtt/m/n/10.95 pr_auc\T1/cmr/m/n/10.95 , \T1/cmtt/m/n/10.95 
recall\T1/cmr/m/n/10.95 , \T1/cmtt/m/n/10.95 fnr\T1/cmr/m/n/10.95 , \T1/cmtt/m/
n/10.95 brier\T1/cmr/m/n/10.95 , \T1/cmtt/m/n/10.95 severity_score
 []


Overfull \hbox (30.88728pt too wide) in paragraph at lines 802--803
\T1/cmr/m/n/10.95 Si el mo-ni-tor neu-ro-nal usa \T1/cmtt/m/n/10.95 Attention t
emporal\T1/cmr/m/n/10.95 , agre-ga tam-bién \T1/cmtt/m/n/10.95 detector_attenti
on_temporal_summary
 []


Overfull \hbox (132.99548pt too wide) in paragraph at lines 805--806
[]\T1/cmtt/m/n/10.95 run_backtest_with_checkpoints() \T1/cmr/m/n/10.95 con-vier
-te el back-test en una co-rri-da per-sis-ten-te ba-jo \T1/cmtt/m/n/10.95 Resul
tados/neural_drift_runs/\T1/cmr/m/n/10.95 .
 []


Overfull \hbox (25.95558pt too wide) in paragraph at lines 807--808
[]\T1/cmtt/m/n/10.95 manifest.json\T1/cmr/m/n/10.95 : es-ta-do glo-bal, \T1/cmt
t/m/n/10.95 run_signature\T1/cmr/m/n/10.95 , con-fig, pro-gre-so, \T1/cmtt/m/n/
10.95 baseline_index \T1/cmr/m/n/10.95 y \T1/cmtt/m/n/10.95 experiment_index\T1
/cmr/m/n/10.95 ; 
 []



[49]
Overfull \hbox (4.21884pt too wide) in paragraph at lines 820--821
\T1/cmr/m/n/10.95 una ba-se 2018, un blo-que dev 2019--2022 y un hol-dout 2023-
-2024. En es-te pro-to-co-lo, \T1/cmtt/m/n/10.95 dataset_percent
 []


Overfull \hbox (38.33382pt too wide) in paragraph at lines 839--840
[]\T1/cmr/m/n/10.95 en \T1/cmtt/m/n/10.95 neural \T1/cmr/m/n/10.95 Fa-se 1: \T1
/cmtt/m/n/10.95 detector_adwin_delta\T1/cmr/m/n/10.95 , \T1/cmtt/m/n/10.95 rece
nt_window_size\T1/cmr/m/n/10.95 , \T1/cmtt/m/n/10.95 severity_threshold\T1/cmr/
m/n/10.95 , \T1/cmtt/m/n/10.95 lookback_steps\T1/cmr/m/n/10.95 ,
 []



[50]
Overfull \hbox (86.15668pt too wide) in paragraph at lines 862--863
 []\T1/cmr/bx/n/10.95 Cierre es-ta-dís-ti-co y pro-mo-ción[] \T1/cmr/m/n/10.95 
Al fi-nal, el run-ner re-com-po-ne \T1/cmtt/m/n/10.95 leaderboard_dev.csv\T1/cm
r/m/n/10.95 , \T1/cmtt/m/n/10.95 leaderboard_holdout.csv\T1/cmr/m/n/10.95 ,
 []


Overfull \hbox (44.70206pt too wide) in paragraph at lines 862--863
\T1/cmtt/m/n/10.95 monthly_metrics.csv\T1/cmr/m/n/10.95 , \T1/cmtt/m/n/10.95 pa
ram_importances.csv\T1/cmr/m/n/10.95 , \T1/cmtt/m/n/10.95 pareto.csv\T1/cmr/m/n
/10.95 , \T1/cmtt/m/n/10.95 pairwise_stats.csv \T1/cmr/m/n/10.95 y \T1/cmtt/m/n
/10.95 winner_config.json\T1/cmr/m/n/10.95 .
 []


Overfull \hbox (50.5321pt too wide) in paragraph at lines 868--869
\T1/cmr/m/n/10.95 El \T1/cmtt/m/n/10.95 winner_config.json \T1/cmr/m/n/10.95 só
-lo se ge-ne-ra pa-ra el es-tu-dio \T1/cmtt/m/n/10.95 neural \T1/cmr/m/n/10.95 
y que-da mar-ca-do co-mo \T1/cmtt/m/n/10.95 eligible_for_promotion
 []


Overfull \hbox (53.0842pt too wide) in paragraph at lines 879--880
[]\T1/cmr/m/n/10.95 alineamiento tem-po-ral de ven-ta-nas y ho-ri-zon-te: \T1/c
mtt/m/n/10.95 test_build_window_dataset_aligns_prediction_horizon\T1/cmr/m/n/10
.95 ,
 []


Overfull \hbox (11.3538pt too wide) in paragraph at lines 880--881
[]\T1/cmr/m/n/10.95 sensibilidad del ca-nal em-bed-ding: \T1/cmtt/m/n/10.95 tes
t_embedding_drift_score_increases_under_regime_shift\T1/cmr/m/n/10.95 ; 
 []


Overfull \hbox (5.6327pt too wide) in paragraph at lines 881--882
[]\T1/cmr/m/n/10.95 presets del de-tec-tor: \T1/cmtt/m/n/10.95 test_drift_monit
or_profiles_define_moderate_and_sensitive_presets\T1/cmr/m/n/10.95 ,
 []


Overfull \hbox (27.4631pt too wide) in paragraph at lines 882--883
[]\T1/cmr/m/n/10.95 rama neu-ro-nal pa-ra-le-la de \T1/cmtt/m/n/10.95 XGBoost\T
1/cmr/m/n/10.95 : \T1/cmtt/m/n/10.95 test_train_xgboost_model_attaches_parallel
_neural_branch\T1/cmr/m/n/10.95 ,
 []


Overfull \hbox (41.46786pt too wide) in paragraph at lines 883--884
[]\T1/cmr/m/n/10.95 optimizaciones de \T1/cmr/m/it/10.95 fine-tuning\T1/cmr/m/n
/10.95 : \T1/cmtt/m/n/10.95 test_fine_tune_artifact_uses_dynamic_window_and_rec
ency_weights\T1/cmr/m/n/10.95 ,
 []


Overfull \hbox (356.72191pt too wide) in paragraph at lines 883--884
\T1/cmtt/m/n/10.95 test_xgb_fine_tune_selection_metric_changes_candidate_choice
\T1/cmr/m/n/10.95 , \T1/cmtt/m/n/10.95 test_run_backtest_pipeline_records_xgb_f
ine_tune_metadata_and_keeps_detector_window\T1/cmr/m/n/10.95 ; 
 []


Overfull \hbox (102.94832pt too wide) in paragraph at lines 884--885
[]\T1/cmr/m/n/10.95 attention del pre-dic-tor y del de-tec-tor: \T1/cmtt/m/n/10
.95 test_temporal_attention_monitor_returns_normalized_attention_weights\T1/cmr
/m/n/10.95 ,
 []


Overfull \hbox (0.45398pt too wide) in paragraph at lines 884--885
\T1/cmtt/m/n/10.95 test_backtest_with_temporal_attention_detector_returns_detec
tor_attention_outputs\T1/cmr/m/n/10.95 ,
 []


Overfull \hbox (6.90393pt too wide) in paragraph at lines 885--886
[]\T1/cmr/m/n/10.95 comparación \T1/cmtt/m/n/10.95 none \T1/cmr/m/n/10.95 vs. \
T1/cmtt/m/n/10.95 smote\T1/cmr/m/n/10.95 : \T1/cmtt/m/n/10.95 test_run_backtest
_pipeline_compares_none_and_smote_results\T1/cmr/m/n/10.95 ; 
 []


Overfull \hbox (44.25682pt too wide) in paragraph at lines 886--887
[]\T1/cmr/m/n/10.95 persistencia y reanu-da-ción: \T1/cmtt/m/n/10.95 test_run_b
acktest_with_checkpoints_persists_manifest_and_artifacts\T1/cmr/m/n/10.95 ,
 []



[51]
Overfull \hbox (11.02611pt too wide) in paragraph at lines 892--893
[]\T1/cmr/m/n/10.95 validez del pro-to-co-lo tem-po-ral fi-jo: \T1/cmtt/m/n/10.
95 test_validate_experiment_dataset_accepts_full_protocol\T1/cmr/m/n/10.95 ; 
 []


Overfull \hbox (6.77579pt too wide) in paragraph at lines 893--894
[]\T1/cmr/m/n/10.95 métricas men-sua-les y sco-re de ran-king: \T1/cmtt/m/n/10.
95 test_monthly_metrics_and_score_use_calendar_months\T1/cmr/m/n/10.95 ; 
 []


Overfull \hbox (31.02548pt too wide) in paragraph at lines 895--896
[]\T1/cmr/m/n/10.95 persistencia y re-su-me del run-ner: \T1/cmtt/m/n/10.95 tes
t_run_experiment_plan_persists_and_resumes_baseline_only\T1/cmr/m/n/10.95 ; 
 []

) (./docs/sections/clustering_features_detail_es.tex
Overfull \hbox (148.32233pt too wide) in paragraph at lines 10--11
[]\T1/cmr/bx/n/10.95 Eliminación de Du-pli-ca-dos: \T1/cmr/m/n/10.95 Se eli-mi-
nan re-gis-tros du-pli-ca-dos con-si-de-ran-do la tu-pla $\OT1/cmr/m/n/10.95 (\
OML/cmm/m/it/10.95 Patente; Portico; Carril; Timestamp\OT1/cmr/m/n/10.95 )$\T1/
cmr/m/n/10.95 . 
 []


Package hyperref Warning: Token not allowed in a PDF string (Unicode):
(hyperref)                removing `math shift' on input line 17.


Package hyperref Warning: Token not allowed in a PDF string (Unicode):
(hyperref)                removing `subscript' on input line 17.


Package hyperref Warning: Token not allowed in a PDF string (Unicode):
(hyperref)                removing `math shift' on input line 17.



[52]

Package hyperref Warning: Token not allowed in a PDF string (Unicode):
(hyperref)                removing `math shift' on input line 26.


Package hyperref Warning: Token not allowed in a PDF string (Unicode):
(hyperref)                removing `subscript' on input line 26.


Package hyperref Warning: Token not allowed in a PDF string (Unicode):
(hyperref)                removing `math shift' on input line 26.


Package hyperref Warning: Token not allowed in a PDF string (Unicode):
(hyperref)                removing `math shift' on input line 61.


Package hyperref Warning: Token not allowed in a PDF string (Unicode):
(hyperref)                removing `subscript' on input line 61.


Package hyperref Warning: Token not allowed in a PDF string (Unicode):
(hyperref)                removing `math shift' on input line 61.


Package hyperref Warning: Token not allowed in a PDF string (Unicode):
(hyperref)                removing `math shift' on input line 66.


Package hyperref Warning: Token not allowed in a PDF string (Unicode):
(hyperref)                removing `subscript' on input line 66.


Package hyperref Warning: Token not allowed in a PDF string (Unicode):
(hyperref)                removing `math shift' on input line 66.



[53]

Package hyperref Warning: Token not allowed in a PDF string (Unicode):
(hyperref)                removing `math shift' on input line 72.


Package hyperref Warning: Token not allowed in a PDF string (Unicode):
(hyperref)                removing `subscript' on input line 72.


Package hyperref Warning: Token not allowed in a PDF string (Unicode):
(hyperref)                removing `math shift' on input line 72.


Package hyperref Warning: Token not allowed in a PDF string (Unicode):
(hyperref)                removing `math shift' on input line 77.


Package hyperref Warning: Token not allowed in a PDF string (Unicode):
(hyperref)                removing `subscript' on input line 77.


Package hyperref Warning: Token not allowed in a PDF string (Unicode):
(hyperref)                removing `math shift' on input line 77.


Package hyperref Warning: Token not allowed in a PDF string (Unicode):
(hyperref)                removing `math shift' on input line 83.


Package hyperref Warning: Token not allowed in a PDF string (Unicode):
(hyperref)                removing `subscript' on input line 83.


Package hyperref Warning: Token not allowed in a PDF string (Unicode):
(hyperref)                removing `math shift' on input line 83.


Package hyperref Warning: Token not allowed in a PDF string (Unicode):
(hyperref)                removing `math shift' on input line 89.


Package hyperref Warning: Token not allowed in a PDF string (Unicode):
(hyperref)                removing `subscript' on input line 89.


Package hyperref Warning: Token not allowed in a PDF string (Unicode):
(hyperref)                removing `math shift' on input line 89.



[54]
LaTeX Font Info:    Font shape `T1/cmtt/bx/n' in size <12> not available
(Font)              Font shape `T1/cmtt/m/n' tried instead on input line 133.


[55]
Overfull \hbox (39.86696pt too wide) in paragraph at lines 156--157
[]\T1/cmr/m/n/10.95 Se cal-cu-la la ve-lo-ci-dad pro-me-dio del flu-jo en ven-t
a-nas de 5 mi-nu-tos por pór-ti-co (\T1/cmtt/m/n/10.95 interval_speed_mean\T1/c
mr/m/n/10.95 ). 
 []



[56]) (./docs/sections/gnn_pipeline_audit_es.tex
Overfull \hbox (68.84741pt too wide) in paragraph at lines 18--19
[]\T1/cmr/bx/n/10.95 Entrenamiento\T1/cmr/m/n/10.95 : He-te-ro-GAT + Tem-po-ra-
lAg-gre-ga-tor (op-cio-nal) (\T1/cmtt/m/n/10.95 src/gat_model.py\T1/cmr/m/n/10.
95 , \T1/cmtt/m/n/10.95 src/temporal_head.py\T1/cmr/m/n/10.95 ). 
 []


Overfull \hbox (33.93553pt too wide) in paragraph at lines 21--22
[]\T1/cmr/bx/n/10.95 Artefactos\T1/cmr/m/n/10.95 : mo-de-los, hpa-rams JSON, gr
a-fos au-men-ta-dos, his-to-rial (\T1/cmtt/m/n/10.95 Resultados/\T1/cmr/m/n/10.
95 , \T1/cmtt/m/n/10.95 gnn_history.jsonl\T1/cmr/m/n/10.95 ). 
 []



[57]
Overfull \hbox (18.84012pt too wide) in paragraph at lines 42--43
[]\T1/cmr/m/n/10.95 Generación de fea-tu-res con \T1/cmtt/m/n/10.95 compute_pm_
features \T1/cmr/m/n/10.95 (\T1/cmtt/m/n/10.95 src/features.py\T1/cmr/m/n/10.95
 ) y/o \T1/cmtt/m/n/10.95 SnapshotFeatureBuilder\T1/cmr/m/n/10.95 . 
 []


Overfull \hbox (99.62308pt too wide) in paragraph at lines 64--66
[]\T1/cmr/m/n/10.95 Creación de \T1/cmtt/m/n/10.95 train/val/test_mask \T1/cmr/
m/n/10.95 con el split tem-po-ral pur-ga-do im-ple-men-ta-do por \T1/cmtt/m/n/1
0.95 _compute_temporal_split_masks\T1/cmr/m/n/10.95 . 
 []



[58]

[59]
Overfull \hbox (40.75847pt too wide) in paragraph at lines 154--159
\T1/cmr/m/n/10.95 donde $\OML/cmm/m/it/10.95 ^^M$ \T1/cmr/m/n/10.95 es la ban-d
a de guar-da y $\OML/cmm/m/it/10.95 H$ \T1/cmr/m/n/10.95 es el ho-ri-zon-te fu-
tu-ro. Pa-ra fea-tu-res snapshot, \T1/cmtt/m/n/10.95 _label_lookahead_minutes
 []



[60]
Overfull \hbox (112.95975pt too wide) in paragraph at lines 179--184
[]\T1/cmr/bx/n/10.95 Re-split de gra-fos exis-ten-tes\T1/cmr/m/n/10.95 : Trai-n
ing, Op-tu-na, Ray Tu-ne y Ex-pe-ri-ments lla-man \T1/cmtt/m/n/10.95 _apply_tem
poral_split_to_graph\T1/cmr/m/n/10.95 .
 []


Overfull \hbox (22.92348pt too wide) in paragraph at lines 194--205
\T1/cmr/m/n/10.95 se-lec-cio-na-do, fran-ja ho-ra-ria, fuen-te de even-tos, \T1
/cmtt/m/n/10.95 dt\T1/cmr/m/n/10.95 , con-fi-gu-ra-ción de eti-que-tas, \T1/cmt
t/m/n/10.95 label_lookahead_minutes\T1/cmr/m/n/10.95 ,
 []


Overfull \hbox (14.58815pt too wide) in paragraph at lines 194--205
\T1/cmtt/m/n/10.95 graph_hash\T1/cmr/m/n/10.95 . \T1/cmtt/m/n/10.95 edge_config
 \T1/cmr/m/n/10.95 re-gis-tra \T1/cmtt/m/n/10.95 raw_feature_family\T1/cmr/m/n/
10.95 , \T1/cmtt/m/n/10.95 edge_attr_schema \T1/cmr/m/n/10.95 y \T1/cmtt/m/n/10
.95 edge_feature_sources
 []


Overfull \hbox (3.91655pt too wide) in paragraph at lines 194--205
\T1/cmr/m/n/10.95 pa-ra au-di-tar el ma-peo $\OML/cmm/m/it/10.95 q=k=v=^^Y=s$\T
1/cmr/m/n/10.95 . El hash se-mán-ti-co se pro-du-ce con \T1/cmtt/m/n/10.95 _com
pute_graph_semantic_hash
 []


Overfull \hbox (15.94797pt too wide) in paragraph at lines 222--229
[]\T1/cmr/m/n/10.95 El pi-pe-li-ne aho-ra in-cor-po-ra un \T1/cmr/bx/n/10.95 re
-gis-tro de va-rian-tes \T1/cmr/m/n/10.95 con-tro-la-do por \T1/cmtt/m/n/10.95 
src/config.py \T1/cmr/m/n/10.95 (\T1/cmtt/m/n/10.95 GNN_VARIANT\T1/cmr/m/n/10.9
5 ,
 []


Overfull \hbox (63.47594pt too wide) in paragraph at lines 222--229
\T1/cmtt/m/n/10.95 GNN_TEMPORAL_CACHE_STRATEGY\T1/cmr/m/n/10.95 ) y ma-te-ria-l
i-za-do en \T1/cmtt/m/n/10.95 src/gnn_main.py \T1/cmr/m/n/10.95 me-dian-te las 
fun-cio-nes \T1/cmtt/m/n/10.95 _build_gnn_model\T1/cmr/m/n/10.95 ,
 []



[61]
Overfull \hbox (19.20653pt too wide) in paragraph at lines 236--240
[]\T1/cmr/m/n/10.95 Todas las va-rian-tes com-par-ten el mis-mo \T1/cmtt/m/n/10
.95 SequenceIndex \T1/cmr/m/n/10.95 (cons-trui-do en \T1/cmtt/m/n/10.95 src/sna
pshot_sequences.py
 []


Overfull \hbox (64.36774pt too wide) in paragraph at lines 255--259
[]\T1/cmr/bx/n/10.95 Implementación\T1/cmr/m/n/10.95 : \T1/cmtt/m/n/10.95 src/g
at_model.py\T1/cmr/m/n/10.95 , \T1/cmtt/m/n/10.95 src/temporal_head.py\T1/cmr/m
/n/10.95 , \T1/cmtt/m/n/10.95 src/temporal_heads.py\T1/cmr/m/n/10.95 , \T1/cmtt
/m/n/10.95 src/gnn_main.py\T1/cmr/m/n/10.95 . 
 []


Overfull \hbox (39.53392pt too wide) in paragraph at lines 255--259
\T1/cmr/bx/n/10.95 Selección\T1/cmr/m/n/10.95 : me-dian-te el string \T1/cmtt/m
/n/10.95 GNN_VARIANT \T1/cmr/m/n/10.95 (nor-ma-li-za-do en \T1/cmtt/m/n/10.95 s
rc/gnn_main.py::_normalize_gnn_variant\T1/cmr/m/n/10.95 ). 
 []



[62]

[63]

[64]
Overfull \hbox (30.3358pt too wide) in paragraph at lines 358--359
\T1/cmtt/m/n/10.95 Cluster-GCN \T1/cmr/m/n/10.95 par-ti-cio-na el gra-fo, \T1/c
mtt/m/n/10.95 GraphSAINT \T1/cmr/m/n/10.95 mues-trea sub-gra-fos es-to-cás-ti-c
os por no-dos/aristas/caminatas,
 []


Overfull \hbox (7.29181pt too wide) in paragraph at lines 367--368
\OT1/cmr/m/n/10.95 [[]\OML/cmm/m/it/10.95 ; []\OT1/cmr/m/n/10.95 ]$\T1/cmr/m/n/
10.95 . Los va-lo-res por de-fec-to son \T1/cmtt/m/n/10.95 rl_initial_p=0.5\T1/
cmr/m/n/10.95 , \T1/cmtt/m/n/10.95 rl_min_p=0.05\T1/cmr/m/n/10.95 , \T1/cmtt/m/
n/10.95 rl_max_p=1.0\T1/cmr/m/n/10.95 ,
 []


Overfull \hbox (13.96034pt too wide) in paragraph at lines 367--368
\T1/cmtt/m/n/10.95 rl_min_keep=1\T1/cmr/m/n/10.95 , \T1/cmtt/m/n/10.95 rl_posit
ive_only=True\T1/cmr/m/n/10.95 , \T1/cmtt/m/n/10.95 rl_similarity_pretrain_epoc
hs=3\T1/cmr/m/n/10.95 , \T1/cmtt/m/n/10.95 rl_lambda_simi=2.0
 []



[65]
Overfull \hbox (32.08228pt too wide) in paragraph at lines 378--379
[]\T1/cmr/m/n/10.95 Los ar-te-fac-tos per-sis-ti-dos in-clu-yen \T1/cmtt/m/n/10
.95 sampler_impl=rl_top_p_rsrl\T1/cmr/m/n/10.95 , \T1/cmtt/m/n/10.95 rl_sampler
_state\T1/cmr/m/n/10.95 , \T1/cmtt/m/n/10.95 rl_thresholds\T1/cmr/m/n/10.95 ,
 []


Overfull \hbox (52.61665pt too wide) in paragraph at lines 401--404
\T1/cmtt/m/n/10.95 patience_counter \T1/cmr/m/n/10.95 au-men-ta y el en-tre-na-
mien-to se de-tie-ne cuan-do $[] \OMS/cmsy/m/n/10.95 ^^U []$\T1/cmr/m/n/10.95 .

 []


Overfull \hbox (3.94774pt too wide) in paragraph at lines 401--404
\T1/cmr/m/n/10.95 El si-de-car re-gis-tra \T1/cmtt/m/n/10.95 monitor_metric="va
l_loss"\T1/cmr/m/n/10.95 , \T1/cmtt/m/n/10.95 monitor_mode="min"\T1/cmr/m/n/10.
95 , \T1/cmtt/m/n/10.95 best_val_loss\T1/cmr/m/n/10.95 , \T1/cmtt/m/n/10.95 bes
t_epoch
 []


Overfull \hbox (37.78793pt too wide) in paragraph at lines 405--406
[]\T1/cmr/m/n/10.95 La se-mán-ti-ca de reanu-da-ción es de-li-be-ra-da-men-te c
on-ser-va-do-ra. Si un check-point con-tie-ne \T1/cmtt/m/n/10.95 best_val_loss\
T1/cmr/m/n/10.95 ,
 []



[66]
Overfull \hbox (3.58832pt too wide) in paragraph at lines 411--414
\T1/cmr/bx/n/10.95 Puntos de in-te-gra-ción\T1/cmr/m/n/10.95 : \T1/cmtt/m/n/10.
95 src/gnn_main.py\T1/cmr/m/n/10.95 , \T1/cmtt/m/n/10.95 src/train_pretrain.py\
T1/cmr/m/n/10.95 , \T1/cmtt/m/n/10.95 src/graph_builder_app.py\T1/cmr/m/n/10.95
 ,
 []


Overfull \hbox (11.10237pt too wide) in paragraph at lines 434--439
\T1/cmtt/m/n/10.95 HeteroGATWithEdgeEncoder\T1/cmr/m/n/10.95 , \T1/cmtt/m/n/10.
95 HeteroEdgeAware \T1/cmr/m/n/10.95 y sus ca-be-zas tem-po-ra-les GRU/Transfor
mer/attention
 []



[67]
Overfull \hbox (25.52705pt too wide) in paragraph at lines 451--452
[]\T1/cmr/m/n/10.95 La can-ti-dad de sin-té-ti-cos en el flu-jo au-to-má-ti-co 
se con-tro-la por \T1/cmtt/m/n/10.95 TARGET_POS_RATIO\T1/cmr/m/n/10.95 /\T1/cmt
t/m/n/10.95 target_pos_ratio\T1/cmr/m/n/10.95 : 
 []



[68]

[69]
Underfull \hbox (badness 10000) in paragraph at lines 535--536

 []



[70]
Overfull \hbox (43.74193pt too wide) in paragraph at lines 575--576
[]\T1/cmr/m/n/10.95 Samplers: \T1/cmtt/m/n/10.95 neighbor\T1/cmr/m/n/10.95 , \T
1/cmtt/m/n/10.95 cluster_gcn\T1/cmr/m/n/10.95 , \T1/cmtt/m/n/10.95 graphsaint \
T1/cmr/m/n/10.95 y \T1/cmtt/m/n/10.95 rl_top_p\T1/cmr/m/n/10.95 ; pa-ra \T1/cmt
t/m/n/10.95 rl_top_p \T1/cmr/m/n/10.95 pue-de bus-car \T1/cmtt/m/n/10.95 rl_act
ion_space
 []


Overfull \hbox (39.55624pt too wide) in paragraph at lines 591--592
[]\T1/cmr/bx/n/10.95 Guardado\T1/cmr/m/n/10.95 : mo-de-los \T1/cmtt/m/n/10.95 g
at_model_BEST*.pt\T1/cmr/m/n/10.95 , \T1/cmtt/m/n/10.95 GraphSMOTE_embeddings_m
odel*.pt\T1/cmr/m/n/10.95 , si-de-car \T1/cmtt/m/n/10.95 _hparams.json\T1/cmr/m
/n/10.95 ;
 []



[71]

[72]
Overfull \hbox (107.54414pt too wide) in paragraph at lines 640--641
\T1/cmtt/m/n/10.95 _build_raw_global_edge_features\T1/cmr/m/n/10.95 , \T1/cmtt/
m/n/10.95 _compute_normalization_stats_from_train\T1/cmr/m/n/10.95 , \T1/cmtt/m
/n/10.95 _compute_graph_semantic_hash\T1/cmr/m/n/10.95 ,
 []


Overfull \hbox (47.32545pt too wide) in paragraph at lines 645--646
\T1/cmr/m/n/10.95 tor: \T1/cmtt/m/n/10.95 _update_val_loss_monitor\T1/cmr/m/n/1
0.95 , \T1/cmtt/m/n/10.95 _criterion_loss_sum_and_denominator \T1/cmr/m/n/10.95
 y \T1/cmtt/m/n/10.95 test(..., criterion=...)\T1/cmr/m/n/10.95 . 
 []



[73]) (./docs/sections/mairl_implementation_es.tex

[74]

[75])

[76] (./main_es.aux
LaTeX Info: Redefining \. on input line 11.
LaTeX Info: Redefining \% on input line 11.
)
 ***********
LaTeX2e <2024-11-01> patch level 2
L3 programming layer <2025-01-18>
 ***********
Package rerunfilecheck Info: File `main_es.out' has not changed.
(rerunfilecheck)             Checksum: 66B744E91F0E5C39EE67B659DE31CF7C;43622.
 ) 
Here is how much of TeX's memory you used:
 12260 strings out of 473190
 188943 string characters out of 5715801
 607179 words of memory out of 5000000
 34889 multiletter control sequences out of 15000+600000
 582614 words of font info for 98 fonts, out of 8000000 for 9000
 1141 hyphenation exceptions out of 8191
 75i,12n,79p,993b,782s stack positions out of 10000i,1000n,20000p,200000b,200000s
</usr/local/texlive/2025/texmf-dist/fonts/type1/public/amsfonts/cm/cmbx10.pfb
></usr/local/texlive/2025/texmf-dist/fonts/type1/public/amsfonts/cm/cmex10.pfb>
</usr/local/texlive/2025/texmf-dist/fonts/type1/public/amsfonts/cm/cmmi10.pfb><
/usr/local/texlive/2025/texmf-dist/fonts/type1/public/amsfonts/cm/cmmi12.pfb></
usr/local/texlive/2025/texmf-dist/fonts/type1/public/amsfonts/cm/cmmi6.pfb></us
r/local/texlive/2025/texmf-dist/fonts/type1/public/amsfonts/cm/cmmi8.pfb></usr/
local/texlive/2025/texmf-dist/fonts/type1/public/amsfonts/cm/cmr10.pfb></usr/lo
cal/texlive/2025/texmf-dist/fonts/type1/public/amsfonts/cm/cmr6.pfb></usr/local
/texlive/2025/texmf-dist/fonts/type1/public/amsfonts/cm/cmr7.pfb></usr/local/te
xlive/2025/texmf-dist/fonts/type1/public/amsfonts/cm/cmr8.pfb></usr/local/texli
ve/2025/texmf-dist/fonts/type1/public/amsfonts/cm/cmsy10.pfb></usr/local/texliv
e/2025/texmf-dist/fonts/type1/public/amsfonts/cm/cmsy6.pfb></usr/local/texlive/
2025/texmf-dist/fonts/type1/public/amsfonts/cm/cmsy7.pfb></usr/local/texlive/20
25/texmf-dist/fonts/type1/public/amsfonts/cm/cmsy8.pfb></usr/local/texlive/2025
/texmf-dist/fonts/type1/public/amsfonts/symbols/msbm10.pfb></usr/local/texlive/
2025/texmf-dist/fonts/type1/public/cm-super/sfbi1095.pfb></usr/local/texlive/20
25/texmf-dist/fonts/type1/public/cm-super/sfbi1200.pfb></usr/local/texlive/2025
/texmf-dist/fonts/type1/public/cm-super/sfbi1440.pfb></usr/local/texlive/2025/t
exmf-dist/fonts/type1/public/cm-super/sfbx1095.pfb></usr/local/texlive/2025/tex
mf-dist/fonts/type1/public/cm-super/sfbx1200.pfb></usr/local/texlive/2025/texmf
-dist/fonts/type1/public/cm-super/sfbx1440.pfb></usr/local/texlive/2025/texmf-d
ist/fonts/type1/public/cm-super/sfrm0600.pfb></usr/local/texlive/2025/texmf-dis
t/fonts/type1/public/cm-super/sfrm0800.pfb></usr/local/texlive/2025/texmf-dist/
fonts/type1/public/cm-super/sfrm1000.pfb></usr/local/texlive/2025/texmf-dist/fo
nts/type1/public/cm-super/sfrm1095.pfb></usr/local/texlive/2025/texmf-dist/font
s/type1/public/cm-super/sfrm1200.pfb></usr/local/texlive/2025/texmf-dist/fonts/
type1/public/cm-super/sfrm1728.pfb></usr/local/texlive/2025/texmf-dist/fonts/ty
pe1/public/cm-super/sfti1000.pfb></usr/local/texlive/2025/texmf-dist/fonts/type
1/public/cm-super/sfti1095.pfb></usr/local/texlive/2025/texmf-dist/fonts/type1/
public/cm-super/sftt1000.pfb></usr/local/texlive/2025/texmf-dist/fonts/type1/pu
blic/cm-super/sftt1095.pfb></usr/local/texlive/2025/texmf-dist/fonts/type1/publ
ic/cm-super/sftt1200.pfb>
Output written on main_es.pdf (76 pages, 846823 bytes).
PDF statistics:
 1779 PDF objects out of 2073 (max. 8388607)
 1617 compressed objects within 17 object streams
 459 named destinations out of 1000 (max. 500000)
 1569 words of extra memory for PDF output out of 10000 (max. 10000000)

