\BOOKMARK [1][-]{section.1}{\376\377\000C\000l\000u\000s\000t\000e\000r\000i\000n\000g}{}% 1
\BOOKMARK [2][-]{subsection.1.1}{\376\377\000O\000b\000j\000e\000c\000t\000i\000v\000e}{section.1}% 2
\BOOKMARK [2][-]{subsection.1.2}{\376\377\000D\000a\000t\000a\000\040\000a\000n\000d\000\040\000p\000r\000e\000p\000r\000o\000c\000e\000s\000s\000i\000n\000g}{section.1}% 3
\BOOKMARK [2][-]{subsection.1.3}{\376\377\000D\000r\000i\000v\000e\000r\000-\000l\000e\000v\000e\000l\000\040\000f\000e\000a\000t\000u\000r\000e\000\040\000e\000n\000g\000i\000n\000e\000e\000r\000i\000n\000g}{section.1}% 4
\BOOKMARK [3][-]{subsubsection.1.3.1}{\376\377\000C\000o\000u\000n\000t\000s\000,\000\040\000m\000e\000a\000n\000\040\000s\000p\000e\000e\000d\000,\000\040\000a\000n\000d\000\040\000l\000a\000n\000e\000\040\000u\000s\000a\000g\000e}{subsection.1.3}% 5
\BOOKMARK [3][-]{subsubsection.1.3.2}{\376\377\000R\000e\000l\000a\000t\000i\000v\000e\000\040\000s\000p\000e\000e\000d}{subsection.1.3}% 6
\BOOKMARK [3][-]{subsubsection.1.3.3}{\376\377\000H\000e\000a\000d\000w\000a\000y\000\040\000\050\000t\000i\000m\000e\000\040\000g\000a\000p\000\051}{subsection.1.3}% 7
\BOOKMARK [3][-]{subsubsection.1.3.4}{\376\377\000T\000T\000C\000\040\000a\000n\000d\000\040\000c\000o\000n\000f\000l\000i\000c\000t\000\040\000r\000a\000t\000e}{subsection.1.3}% 8
\BOOKMARK [3][-]{subsubsection.1.3.5}{\376\377\000L\000a\000n\000e\000\040\000c\000h\000a\000n\000g\000e\000s}{subsection.1.3}% 9
\BOOKMARK [3][-]{subsubsection.1.3.6}{\376\377\000M\000o\000n\000t\000h\000l\000y\000\040\000w\000e\000i\000g\000h\000t\000i\000n\000g\000\040\000\050\000o\000p\000t\000i\000o\000n\000a\000l\000\051}{subsection.1.3}% 10
\BOOKMARK [3][-]{subsubsection.1.3.7}{\376\377\000T\000e\000m\000p\000o\000r\000a\000l\000\040\000a\000c\000t\000i\000v\000i\000t\000y}{subsection.1.3}% 11
\BOOKMARK [2][-]{subsection.1.4}{\376\377\000D\000a\000t\000a\000\040\000p\000r\000e\000p\000a\000r\000a\000t\000i\000o\000n\000\040\000f\000o\000r\000\040\000c\000l\000u\000s\000t\000e\000r\000i\000n\000g}{section.1}% 12
\BOOKMARK [2][-]{subsection.1.5}{\376\377\000C\000l\000u\000s\000t\000e\000r\000i\000n\000g\000\040\000m\000e\000t\000h\000o\000d\000s}{section.1}% 13
\BOOKMARK [3][-]{subsubsection.1.5.1}{\376\377\000K\000-\000m\000e\000a\000n\000s}{subsection.1.5}% 14
\BOOKMARK [3][-]{subsubsection.1.5.2}{\376\377\000G\000a\000u\000s\000s\000i\000a\000n\000\040\000M\000i\000x\000t\000u\000r\000e\000\040\000M\000o\000d\000e\000l\000s\000\040\000\050\000G\000M\000M\000\051}{subsection.1.5}% 15
\BOOKMARK [3][-]{subsubsection.1.5.3}{\376\377\000H\000D\000B\000S\000C\000A\000N}{subsection.1.5}% 16
\BOOKMARK [2][-]{subsection.1.6}{\376\377\000F\000r\000e\000q\000u\000e\000n\000t\000\040\000v\000s\000.\000\040\000r\000a\000r\000e\000\040\000d\000r\000i\000v\000e\000r\000s\000\040\000\050\000o\000p\000t\000i\000o\000n\000a\000l\000\051}{section.1}% 17
\BOOKMARK [2][-]{subsection.1.7}{\376\377\000D\000y\000n\000a\000m\000i\000c\000\040\000G\000M\000M\000\040\000c\000l\000u\000s\000t\000e\000r\000s}{section.1}% 18
\BOOKMARK [2][-]{subsection.1.8}{\376\377\000O\000u\000t\000p\000u\000t\000s\000\040\000a\000n\000d\000\040\000a\000r\000t\000i\000f\000a\000c\000t\000s}{section.1}% 19
\BOOKMARK [2][-]{subsection.1.9}{\376\377\000C\000l\000u\000s\000t\000e\000r\000\040\000v\000a\000r\000i\000a\000b\000l\000e\000s\000\040\000a\000g\000g\000r\000e\000g\000a\000t\000e\000d\000\040\000b\000y\000\040\000g\000a\000n\000t\000r\000y\000\040\000a\000n\000d\000\040\000i\000n\000t\000e\000r\000v\000a\000l}{section.1}% 20
\BOOKMARK [1][-]{section.2}{\376\377\000A\000c\000c\000i\000d\000e\000n\000t\000\040\000P\000r\000e\000d\000i\000c\000t\000i\000o\000n}{}% 21
\BOOKMARK [2][-]{subsection.2.1}{\376\377\000O\000b\000j\000e\000c\000t\000i\000v\000e}{section.2}% 22
\BOOKMARK [2][-]{subsection.2.2}{\376\377\000D\000a\000t\000a\000\040\000s\000o\000u\000r\000c\000e\000s}{section.2}% 23
\BOOKMARK [2][-]{subsection.2.3}{\376\377\000T\000e\000m\000p\000o\000r\000a\000l\000\040\000d\000i\000s\000c\000r\000e\000t\000i\000z\000a\000t\000i\000o\000n\000\040\000a\000n\000d\000\040\000n\000o\000t\000a\000t\000i\000o\000n}{section.2}% 24
\BOOKMARK [2][-]{subsection.2.4}{\376\377\000F\000e\000a\000t\000u\000r\000e\000\040\000e\000n\000g\000i\000n\000e\000e\000r\000i\000n\000g}{section.2}% 25
\BOOKMARK [3][-]{subsubsection.2.4.1}{\376\377\000M\000a\000c\000r\000o\000\040\000f\000l\000o\000w\000\040\000v\000a\000r\000i\000a\000b\000l\000e\000s}{subsection.2.4}% 26
\BOOKMARK [3][-]{subsubsection.2.4.2}{\376\377\000A\000g\000g\000r\000e\000g\000a\000t\000e\000d\000\040\000c\000l\000u\000s\000t\000e\000r\000\040\000v\000a\000r\000i\000a\000b\000l\000e\000s\000\040\000\050\000o\000p\000t\000i\000o\000n\000a\000l\000\051}{subsection.2.4}% 27
\BOOKMARK [2][-]{subsection.2.5}{\376\377\000T\000a\000r\000g\000e\000t\000\040\000d\000e\000f\000i\000n\000i\000t\000i\000o\000n\000\040\000\050\000l\000a\000b\000e\000l\000\051}{section.2}% 28
\BOOKMARK [2][-]{subsection.2.6}{\376\377\000D\000a\000t\000a\000s\000e\000t\000\040\000c\000o\000n\000s\000t\000r\000u\000c\000t\000i\000o\000n}{section.2}% 29
\BOOKMARK [2][-]{subsection.2.7}{\376\377\000T\000e\000m\000p\000o\000r\000a\000l\000\040\000s\000p\000l\000i\000t\000\040\000\050\000t\000r\000a\000i\000n\000/\000v\000a\000l\000i\000d\000a\000t\000i\000o\000n\000/\000t\000e\000s\000t\000\051}{section.2}% 30
\BOOKMARK [2][-]{subsection.2.8}{\376\377\000I\000m\000b\000a\000l\000a\000n\000c\000e\000\040\000h\000a\000n\000d\000l\000i\000n\000g}{section.2}% 31
\BOOKMARK [2][-]{subsection.2.9}{\376\377\000A\000v\000a\000i\000l\000a\000b\000l\000e\000\040\000m\000o\000d\000e\000l\000s}{section.2}% 32
\BOOKMARK [2][-]{subsection.2.10}{\376\377\000S\000c\000o\000r\000e\000\040\000c\000a\000l\000i\000b\000r\000a\000t\000i\000o\000n\000\040\000a\000n\000d\000\040\000o\000p\000e\000r\000a\000t\000i\000o\000n\000a\000l\000\040\000t\000h\000r\000e\000s\000h\000o\000l\000d}{section.2}% 33
\BOOKMARK [2][-]{subsection.2.11}{\376\377\000E\000v\000a\000l\000u\000a\000t\000i\000o\000n\000\040\000m\000e\000t\000r\000i\000c\000s}{section.2}% 34
\BOOKMARK [2][-]{subsection.2.12}{\376\377\000O\000p\000t\000u\000n\000a\000\040\000t\000a\000b}{section.2}% 35
\BOOKMARK [2][-]{subsection.2.13}{\376\377\000M\000o\000d\000e\000l\000s\000\040\000t\000a\000b}{section.2}% 36
\BOOKMARK [2][-]{subsection.2.14}{\376\377\000E\000x\000p\000e\000r\000i\000m\000e\000n\000t\000s\000\040\000t\000a\000b}{section.2}% 37
\BOOKMARK [2][-]{subsection.2.15}{\376\377\000A\000r\000t\000i\000f\000a\000c\000t\000s}{section.2}% 38
\BOOKMARK [2][-]{subsection.2.16}{\376\377\000X\000A\000I\000\040\000f\000o\000r\000\040\000B\000a\000s\000e\000+\000C\000l\000u\000s\000t\000e\000r}{section.2}% 39
\BOOKMARK [1][-]{section.3}{\376\377\000F\000e\000a\000t\000u\000r\000e\000\040\000E\000n\000g\000i\000n\000e\000e\000r\000i\000n\000g\000\040\000w\000i\000t\000h\000\040\000D\000y\000n\000a\000m\000i\000c\000\040\000G\000M\000M\000\040\000a\000n\000d\000\040\000D\000u\000c\000k\000D\000B}{}% 40
\BOOKMARK [2][-]{subsection.3.1}{\376\377\000P\000u\000r\000p\000o\000s\000e\000\040\000a\000n\000d\000\040\000s\000c\000o\000p\000e}{section.3}% 41
\BOOKMARK [2][-]{subsection.3.2}{\376\377\000D\000a\000t\000a\000\040\000c\000o\000n\000t\000r\000a\000c\000t}{section.3}% 42
\BOOKMARK [3][-]{subsubsection.3.2.1}{\376\377\000F\000l\000o\000w\000\040\000d\000a\000t\000a\000b\000a\000s\000e}{subsection.3.2}% 43
\BOOKMARK [3][-]{subsubsection.3.2.2}{\376\377\000D\000y\000n\000a\000m\000i\000c\000\040\000G\000M\000M}{subsection.3.2}% 44
\BOOKMARK [2][-]{subsection.3.3}{\376\377\000B\000a\000s\000e\000\040\000f\000l\000o\000w\000\040\000v\000a\000r\000i\000a\000b\000l\000e\000s}{section.3}% 45
\BOOKMARK [3][-]{subsubsection.3.3.1}{\376\377\000C\000a\000t\000e\000g\000o\000r\000y\000\040\000m\000a\000p\000p\000i\000n\000g}{subsection.3.3}% 46
\BOOKMARK [3][-]{subsubsection.3.3.2}{\376\377\000A\000g\000g\000r\000e\000g\000a\000t\000i\000o\000n\000\040\000b\000y\000\040\000g\000a\000n\000t\000r\000y\000\040\000a\000n\000d\000\040\000i\000n\000t\000e\000r\000v\000a\000l}{subsection.3.3}% 47
\BOOKMARK [3][-]{subsubsection.3.3.3}{\376\377\000T\000e\000m\000p\000o\000r\000a\000l\000\040\000d\000e\000l\000t\000a\000s}{subsection.3.3}% 48
\BOOKMARK [2][-]{subsection.3.4}{\376\377\000C\000l\000u\000s\000t\000e\000r\000\040\000v\000a\000r\000i\000a\000b\000l\000e\000s\000:\000\040\000h\000a\000r\000d\000\040\000l\000a\000b\000e\000l\000s\000\040\000v\000e\000r\000s\000u\000s\000\040\000p\000r\000o\000b\000a\000b\000i\000l\000i\000s\000t\000i\000c\000\040\000m\000e\000m\000b\000e\000r\000s\000h\000i\000p}{section.3}% 49
\BOOKMARK [3][-]{subsubsection.3.4.1}{\376\377\000H\000a\000r\000d\000-\000l\000a\000b\000e\000l\000\040\000m\000o\000d\000e}{subsection.3.4}% 50
\BOOKMARK [3][-]{subsubsection.3.4.2}{\376\377\000S\000o\000f\000t\000\040\000m\000e\000m\000b\000e\000r\000s\000h\000i\000p\000\040\000w\000i\000t\000h\000\040\000G\000M\000M\000\040\000p\000r\000o\000b\000a\000b\000i\000l\000i\000t\000i\000e\000s}{subsection.3.4}% 51
\BOOKMARK [2][-]{subsection.3.5}{\376\377\000A\000g\000g\000r\000e\000g\000a\000t\000e\000d\000\040\000c\000l\000u\000s\000t\000e\000r\000\040\000m\000e\000t\000r\000i\000c\000s}{section.3}% 52
\BOOKMARK [2][-]{subsection.3.6}{\376\377\000C\000a\000u\000s\000a\000l\000\040\000a\000l\000i\000g\000n\000m\000e\000n\000t\000\040\000o\000f\000\040\000t\000h\000e\000\040\000d\000y\000n\000a\000m\000i\000c\000\040\000G\000M\000M}{section.3}% 53
\BOOKMARK [3][-]{subsubsection.3.6.1}{\376\377\000T\000e\000m\000p\000o\000r\000a\000l\000\040\000f\000i\000l\000t\000r\000a\000t\000i\000o\000n}{subsection.3.6}% 54
\BOOKMARK [3][-]{subsubsection.3.6.2}{\376\377\000I\000m\000p\000l\000e\000m\000e\000n\000t\000a\000t\000i\000o\000n\000\040\000w\000i\000t\000h\000\040\000A\000S\000O\000F\000\040\000J\000O\000I\000N}{subsection.3.6}% 55
\BOOKMARK [2][-]{subsection.3.7}{\376\377\000B\000a\000t\000c\000h\000\040\000e\000x\000e\000c\000u\000t\000i\000o\000n\000\040\000p\000l\000a\000n}{section.3}% 56
\BOOKMARK [2][-]{subsection.3.8}{\376\377\000M\000e\000m\000o\000r\000y\000\040\000m\000o\000d\000e\000l\000\040\000a\000n\000d\000\040\000l\000o\000a\000d\000i\000n\000g\000\040\000p\000o\000l\000i\000c\000y}{section.3}% 57
\BOOKMARK [2][-]{subsection.3.9}{\376\377\000O\000u\000t\000p\000u\000t\000\040\000a\000n\000d\000\040\000c\000o\000m\000p\000a\000t\000i\000b\000i\000l\000i\000t\000y}{section.3}% 58
\BOOKMARK [2][-]{subsection.3.10}{\376\377\000V\000a\000l\000i\000d\000a\000t\000i\000o\000n\000\040\000a\000n\000d\000\040\000t\000e\000s\000t\000s}{section.3}% 59
\BOOKMARK [2][-]{subsection.3.11}{\376\377\000S\000c\000i\000e\000n\000t\000i\000f\000i\000c\000\040\000i\000m\000p\000l\000i\000c\000a\000t\000i\000o\000n\000s}{section.3}% 60
\BOOKMARK [1][-]{section.4}{\376\377\000N\000L\000P\000\040\000i\000n\000\040\000S\000e\000v\000e\000r\000i\000t\000y\000\040\000P\000a\000p\000e\000r\000\040\000R\000e\000p\000l\000i\000c\000a\000t\000i\000o\000n}{}% 61
\BOOKMARK [2][-]{subsection.4.1}{\376\377\000P\000u\000r\000p\000o\000s\000e\000\040\000a\000n\000d\000\040\000s\000c\000o\000p\000e}{section.4}% 62
\BOOKMARK [2][-]{subsection.4.2}{\376\377\000L\000o\000c\000k\000e\000d\000\040\000p\000r\000o\000t\000o\000c\000o\000l\000\040\000i\000n\000\040\000c\000o\000d\000e}{section.4}% 63
\BOOKMARK [2][-]{subsection.4.3}{\376\377\000S\000t\000e\000p\000-\000b\000y\000-\000s\000t\000e\000p\000\040\000e\000x\000e\000c\000u\000t\000i\000o\000n}{section.4}% 64
\BOOKMARK [3][-]{subsubsection.4.3.1}{\376\377\000S\000t\000a\000g\000e\000\040\0001\000:\000\040\000B\000u\000i\000l\000d\000\040\000t\000h\000e\000\040\000e\000x\000e\000c\000u\000t\000i\000o\000n\000\040\000c\000o\000n\000t\000e\000x\000t}{subsection.4.3}% 65
\BOOKMARK [3][-]{subsubsection.4.3.2}{\376\377\000S\000t\000a\000g\000e\000\040\0002\000:\000\040\000R\000e\000s\000u\000m\000e\000,\000\040\000l\000o\000a\000d\000,\000\040\000o\000r\000\040\000s\000t\000a\000r\000t\000\040\000f\000r\000e\000s\000h}{subsection.4.3}% 66
\BOOKMARK [3][-]{subsubsection.4.3.3}{\376\377\000S\000t\000a\000g\000e\000\040\0003\000:\000\040\000F\000r\000o\000z\000e\000n\000\040\000r\000o\000u\000t\000e}{subsection.4.3}% 67
\BOOKMARK [3][-]{subsubsection.4.3.4}{\376\377\000S\000t\000a\000g\000e\000\040\0004\000:\000\040\000R\000a\000w\000\040\000r\000e\000c\000o\000n\000s\000t\000r\000u\000c\000t\000i\000o\000n\000\040\000r\000o\000u\000t\000e}{subsection.4.3}% 68
\BOOKMARK [3][-]{subsubsection.4.3.5}{\376\377\000S\000t\000a\000g\000e\000\040\0005\000:\000\040\000M\000o\000d\000a\000l\000i\000t\000y\000-\000s\000p\000e\000c\000i\000f\000i\000c\000\040\000m\000o\000d\000e\000l\000\040\000r\000u\000n\000s\000\040\000\050\000M\0001\000,\000\040\000M\0002\000,\000\040\000M\0003\000\051}{subsection.4.3}% 69
\BOOKMARK [3][-]{subsubsection.4.3.6}{\376\377\000S\000t\000a\000g\000e\000\040\0006\000:\000\040\000N\000e\000s\000t\000e\000d\000\040\000C\000V\000\040\000a\000n\000d\000\040\000f\000i\000n\000a\000l\000\040\000f\000i\000t}{subsection.4.3}% 70
\BOOKMARK [3][-]{subsubsection.4.3.7}{\376\377\000S\000t\000a\000g\000e\000\040\0007\000:\000\040\000R\000o\000u\000t\000e\000-\000l\000e\000v\000e\000l\000\040\000c\000o\000n\000s\000o\000l\000i\000d\000a\000t\000i\000o\000n}{subsection.4.3}% 71
\BOOKMARK [3][-]{subsubsection.4.3.8}{\376\377\000S\000t\000a\000g\000e\000\040\0007\000b\000:\000\040\000U\000p\000d\000a\000t\000e\000-\000e\000m\000b\000e\000d\000d\000i\000n\000g\000s\000\040\000r\000o\000u\000t\000e\000\040\000\050\000o\000p\000t\000i\000o\000n\000a\000l\000\051}{subsection.4.3}% 72
\BOOKMARK [3][-]{subsubsection.4.3.9}{\376\377\000S\000t\000a\000g\000e\000\040\0008\000:\000\040\000F\000r\000o\000z\000e\000n\000\040\000v\000s\000\040\000r\000a\000w\000\040\000c\000o\000m\000p\000a\000r\000i\000s\000o\000n}{subsection.4.3}% 73
\BOOKMARK [3][-]{subsubsection.4.3.10}{\376\377\000S\000t\000a\000g\000e\000\040\0009\000:\000\040\000L\000a\000T\000e\000X\000\040\000s\000t\000a\000g\000i\000n\000g\000\040\000a\000n\000d\000\040\000p\000r\000o\000m\000o\000t\000i\000o\000n}{subsection.4.3}% 74
\BOOKMARK [3][-]{subsubsection.4.3.11}{\376\377\000S\000t\000a\000g\000e\000\040\0001\0000\000:\000\040\000R\000e\000g\000i\000s\000t\000r\000y\000\040\000s\000y\000n\000c\000h\000r\000o\000n\000i\000z\000a\000t\000i\000o\000n}{subsection.4.3}% 75
\BOOKMARK [2][-]{subsection.4.4}{\376\377\000C\000o\000n\000t\000r\000a\000s\000t\000\040\000w\000i\000t\000h\000\040\000t\000h\000e\000\040\000m\000a\000n\000u\000s\000c\000r\000i\000p\000t}{section.4}% 76
\BOOKMARK [2][-]{subsection.4.5}{\376\377\000C\000h\000e\000c\000k\000p\000o\000i\000n\000t\000\040\000a\000n\000d\000\040\000a\000r\000t\000i\000f\000a\000c\000t\000\040\000l\000a\000y\000o\000u\000t}{section.4}% 77
\BOOKMARK [2][-]{subsection.4.6}{\376\377\000P\000r\000a\000c\000t\000i\000c\000a\000l\000\040\000r\000e\000a\000d\000i\000n\000g\000\040\000o\000f\000\040\000a\000\040\000r\000u\000n}{section.4}% 78
\BOOKMARK [1][-]{section.5}{\376\377\000D\000r\000i\000f\000t\000\040\000d\000e\000t\000e\000c\000t\000i\000o\000n}{}% 79
\BOOKMARK [2][-]{subsection.5.1}{\376\377\000O\000b\000j\000e\000c\000t\000i\000v\000e\000,\000\040\000s\000c\000o\000p\000e\000,\000\040\000a\000n\000d\000\040\000r\000e\000l\000a\000t\000i\000o\000n\000\040\000t\000o\000\040\000t\000h\000e\000\040\000p\000a\000p\000e\000r}{section.5}% 80
\BOOKMARK [2][-]{subsection.5.2}{\376\377\000D\000e\000p\000e\000n\000d\000e\000n\000c\000i\000e\000s\000\040\000a\000n\000d\000\040\000d\000a\000t\000a\000\040\000s\000o\000u\000r\000c\000e\000s}{section.5}% 81
\BOOKMARK [2][-]{subsection.5.3}{\376\377\000T\000a\000b\000-\000b\000y\000-\000t\000a\000b\000\040\000U\000I\000\040\000m\000a\000p}{section.5}% 82
\BOOKMARK [2][-]{subsection.5.4}{\376\377\000F\000e\000a\000t\000u\000r\000e\000\040\000e\000n\000g\000i\000n\000e\000e\000r\000i\000n\000g\000\040\000a\000n\000d\000\040\000t\000a\000r\000g\000e\000t\000\040\000c\000o\000n\000s\000t\000r\000u\000c\000t\000i\000o\000n}{section.5}% 83
\BOOKMARK [2][-]{subsection.5.5}{\376\377\000D\000a\000t\000a\000\040\000p\000r\000e\000p\000a\000r\000a\000t\000i\000o\000n\000:\000\040\000S\000t\000a\000g\000e\000\040\0001\000\040\000a\000n\000d\000\040\000S\000t\000a\000g\000e\000\040\0002}{section.5}% 84
\BOOKMARK [2][-]{subsection.5.6}{\376\377\000F\000e\000a\000t\000u\000r\000e\000\040\000s\000e\000l\000e\000c\000t\000i\000o\000n}{section.5}% 85
\BOOKMARK [2][-]{subsection.5.7}{\376\377\000E\000x\000p\000e\000r\000i\000m\000e\000n\000t\000a\000l\000\040\000d\000e\000s\000i\000g\000n\000\040\000a\000n\000d\000\040\000s\000t\000r\000a\000t\000e\000g\000i\000e\000s}{section.5}% 86
\BOOKMARK [2][-]{subsection.5.8}{\376\377\000N\000e\000u\000r\000a\000l\000\040\000d\000r\000i\000f\000t\000:\000\040\000o\000b\000j\000e\000c\000t\000i\000v\000e\000,\000\040\000s\000c\000o\000p\000e\000,\000\040\000a\000n\000d\000\040\000e\000x\000p\000e\000r\000i\000m\000e\000n\000t\000a\000l\000\040\000u\000n\000i\000t}{section.5}% 87
\BOOKMARK [2][-]{subsection.5.9}{\376\377\000O\000p\000e\000r\000a\000t\000i\000o\000n\000a\000l\000\040\000p\000i\000p\000e\000l\000i\000n\000e\000\040\000s\000t\000e\000p\000\040\000b\000y\000\040\000s\000t\000e\000p}{section.5}% 88
\BOOKMARK [2][-]{subsection.5.10}{\376\377\000T\000e\000m\000p\000o\000r\000a\000l\000\040\000d\000a\000t\000a\000s\000e\000t\000,\000\040\000f\000e\000a\000t\000u\000r\000e\000\040\000a\000u\000g\000m\000e\000n\000t\000a\000t\000i\000o\000n\000,\000\040\000a\000n\000d\000\040\000w\000i\000n\000d\000o\000w\000\040\000c\000o\000n\000s\000t\000r\000u\000c\000t\000i\000o\000n}{section.5}% 89
\BOOKMARK [2][-]{subsection.5.11}{\376\377\000C\000o\000n\000f\000i\000g\000u\000r\000a\000t\000i\000o\000n\000\040\000a\000n\000d\000\040\000m\000a\000i\000n\000\040\000p\000a\000r\000a\000m\000e\000t\000e\000r\000s}{section.5}% 90
\BOOKMARK [2][-]{subsection.5.12}{\376\377\000P\000r\000e\000d\000i\000c\000t\000i\000v\000e\000\040\000m\000o\000d\000e\000l\000s\000,\000\040\000n\000e\000u\000r\000a\000l\000\040\000m\000o\000n\000i\000t\000o\000r\000,\000\040\000a\000n\000d\000\040\000d\000r\000i\000f\000t\000\040\000c\000h\000a\000n\000n\000e\000l\000s}{section.5}% 91
\BOOKMARK [2][-]{subsection.5.13}{\376\377\000S\000t\000r\000a\000t\000e\000g\000i\000e\000s\000\040\000a\000n\000d\000\040\000a\000d\000a\000p\000t\000a\000t\000i\000o\000n\000\040\000o\000p\000t\000i\000m\000i\000z\000a\000t\000i\000o\000n\000s}{section.5}% 92
\BOOKMARK [2][-]{subsection.5.14}{\376\377\000B\000a\000c\000k\000t\000e\000s\000t\000:\000\040\000d\000e\000s\000i\000g\000n\000,\000\040\000m\000e\000t\000r\000i\000c\000s\000,\000\040\000a\000n\000d\000\040\000o\000u\000t\000p\000u\000t\000s}{section.5}% 93
\BOOKMARK [2][-]{subsection.5.15}{\376\377\000C\000h\000e\000c\000k\000p\000o\000i\000n\000t\000i\000n\000g\000,\000\040\000r\000e\000s\000u\000m\000e\000\040\000b\000e\000h\000a\000v\000i\000o\000r\000,\000\040\000a\000n\000d\000\040\000l\000i\000v\000e\000\040\000e\000x\000e\000c\000u\000t\000i\000o\000n}{section.5}% 94
\BOOKMARK [2][-]{subsection.5.16}{\376\377\000E\000x\000p\000e\000r\000i\000m\000e\000n\000t\000s\000:\000\040\000f\000i\000x\000e\000d\000\040\000p\000r\000o\000t\000o\000c\000o\000l\000,\000\040\000p\000h\000a\000s\000e\000s\000,\000\040\000s\000c\000o\000r\000e\000,\000\040\000a\000n\000d\000\040\000w\000i\000n\000n\000e\000r\000\040\000c\000r\000i\000t\000e\000r\000i\000o\000n}{section.5}% 95
\BOOKMARK [2][-]{subsection.5.17}{\376\377\000V\000a\000l\000i\000d\000a\000t\000i\000o\000n\000\040\000t\000h\000r\000o\000u\000g\000h\000\040\000t\000e\000s\000t\000s}{section.5}% 96
\BOOKMARK [1][-]{section.6}{\376\377\000I\000n\000t\000r\000o\000d\000u\000c\000t\000i\000o\000n}{}% 97
\BOOKMARK [1][-]{section.7}{\376\377\000D\000a\000t\000a\000\040\000P\000r\000e\000p\000r\000o\000c\000e\000s\000s\000i\000n\000g}{}% 98
\BOOKMARK [1][-]{section.8}{\376\377\000V\000a\000r\000i\000a\000b\000l\000e\000\040\000C\000o\000m\000p\000u\000t\000a\000t\000i\000o\000n\000\040\000\050\000E\000v\000e\000n\000t\000\040\000L\000e\000v\000e\000l\000\051}{}% 99
\BOOKMARK [2][-]{subsection.8.1}{\376\377\000H\000e\000a\000d\000w\000a\000y\000\040\000\050\000h\000i\000\051}{section.8}% 100
\BOOKMARK [2][-]{subsection.8.2}{\376\377\000I\000n\000d\000e\000x\000e\000d\000\040\000R\000e\000l\000a\000t\000i\000v\000e\000\040\000S\000p\000e\000e\000d\000\040\000\050\000v\000r\000e\000l\000,\000\040\000i\000\051}{section.8}% 101
\BOOKMARK [2][-]{subsection.8.3}{\376\377\000C\000o\000n\000f\000l\000i\000c\000t\000\040\000a\000n\000d\000\040\000T\000T\000C\000\040\000\050\000T\000i\000m\000e\000\040\000T\000o\000\040\000C\000o\000l\000l\000i\000s\000i\000o\000n\000\051}{section.8}% 102
\BOOKMARK [1][-]{section.9}{\376\377\000A\000g\000g\000r\000e\000g\000a\000t\000i\000o\000n\000\040\000b\000y\000\040\000L\000i\000c\000e\000n\000s\000e\000\040\000P\000l\000a\000t\000e}{}% 103
\BOOKMARK [2][-]{subsection.9.1}{\376\377\000A\000g\000g\000r\000e\000g\000a\000t\000e\000d\000\040\000V\000a\000r\000i\000a\000b\000l\000e\000s}{section.9}% 104
\BOOKMARK [3][-]{subsubsection.9.1.1}{\376\377\000A\000v\000e\000r\000a\000g\000e\000\040\000S\000p\000e\000e\000d\000\040\000\050\000P\000\051}{subsection.9.1}% 105
\BOOKMARK [3][-]{subsubsection.9.1.2}{\376\377\000A\000v\000e\000r\000a\000g\000e\000\040\000R\000e\000l\000a\000t\000i\000v\000e\000\040\000S\000p\000e\000e\000d\000\040\000\050\000r\000e\000l\000,\000\040\000P\000\051}{subsection.9.1}% 106
\BOOKMARK [3][-]{subsubsection.9.1.3}{\376\377\000A\000v\000e\000r\000a\000g\000e\000\040\000H\000e\000a\000d\000w\000a\000y\000\040\000\050\000P\000\051}{subsection.9.1}% 107
\BOOKMARK [3][-]{subsubsection.9.1.4}{\376\377\000C\000o\000n\000f\000l\000i\000c\000t\000\040\000R\000a\000t\000e\000\040\000\050\000C\000R\000P\000\051}{subsection.9.1}% 108
\BOOKMARK [3][-]{subsubsection.9.1.5}{\376\377\000L\000a\000n\000e\000\040\000U\000s\000a\000g\000e\000\040\000\050\000L\000a\000n\000e\000k\000\051}{subsection.9.1}% 109
\BOOKMARK [3][-]{subsubsection.9.1.6}{\376\377\000L\000a\000n\000e\000\040\000C\000h\000a\000n\000g\000e\000\040\000R\000a\000t\000e\000\040\000\050\000L\000C\000R\000P\000\051}{subsection.9.1}% 110
\BOOKMARK [2][-]{subsection.9.2}{\376\377\000C\000o\000n\000s\000o\000l\000i\000d\000a\000t\000i\000o\000n\000\040\000S\000t\000r\000a\000t\000e\000g\000i\000e\000s}{section.9}% 111
\BOOKMARK [3][-]{subsubsection.9.2.1}{\376\377\0001\000.\000\040\000G\000l\000o\000b\000a\000l\000\040\000A\000g\000g\000r\000e\000g\000a\000t\000i\000o\000n\000\040\000\050\000D\000e\000f\000a\000u\000l\000t\000\051}{subsection.9.2}% 112
\BOOKMARK [3][-]{subsubsection.9.2.2}{\376\377\0002\000.\000\040\000M\000o\000n\000t\000h\000l\000y\000\040\000W\000e\000i\000g\000h\000t\000i\000n\000g}{subsection.9.2}% 113
\BOOKMARK [3][-]{subsubsection.9.2.3}{\376\377\0003\000.\000\040\000T\000e\000m\000p\000o\000r\000a\000l\000\040\000A\000c\000t\000i\000v\000i\000t\000y}{subsection.9.2}% 114
\BOOKMARK [1][-]{section.10}{\376\377\000D\000e\000f\000i\000n\000i\000t\000i\000o\000n\000\040\000o\000f\000\040\000F\000r\000e\000q\000u\000e\000n\000t\000\040\000D\000r\000i\000v\000e\000r\000s}{}% 115
\BOOKMARK [1][-]{section.11}{\376\377\000P\000y\000t\000h\000o\000n\000\040\000I\000m\000p\000l\000e\000m\000e\000n\000t\000a\000t\000i\000o\000n}{}% 116
\BOOKMARK [2][-]{subsection.11.1}{\376\377\000D\000a\000t\000a\000\040\000C\000l\000e\000a\000n\000i\000n\000g\000:\000\040\000c\000l\000e\000a\000n\000\137\000f\000l\000u\000j\000o\000s\000\137\000f\000o\000r\000\137\000c\000l\000u\000s\000t\000e\000r\000i\000n\000g}{section.11}% 117
\BOOKMARK [2][-]{subsection.11.2}{\376\377\000F\000e\000a\000t\000u\000r\000e\000\040\000C\000o\000m\000p\000u\000t\000a\000t\000i\000o\000n\000:\000\040\000C\000l\000u\000s\000t\000e\000r\000i\000z\000a\000t\000i\000o\000n}{section.11}% 118
\BOOKMARK [3][-]{subsubsection.11.2.1}{\376\377\0001\000.\000\040\000S\000i\000m\000p\000l\000e\000\040\000M\000e\000t\000r\000i\000c\000s\000\040\000a\000n\000d\000\040\000P\000r\000e\000-\000c\000o\000m\000p\000u\000t\000a\000t\000i\000o\000n}{subsection.11.2}% 119
\BOOKMARK [3][-]{subsubsection.11.2.2}{\376\377\0002\000.\000\040\000R\000e\000l\000a\000t\000i\000v\000e\000\040\000S\000p\000e\000e\000d}{subsection.11.2}% 120
\BOOKMARK [3][-]{subsubsection.11.2.3}{\376\377\0003\000.\000\040\000I\000n\000t\000e\000r\000a\000c\000t\000i\000o\000n\000\040\000M\000e\000t\000r\000i\000c\000s\000\040\000\050\000H\000e\000a\000d\000w\000a\000y\000,\000\040\000C\000o\000n\000f\000l\000i\000c\000t\000\051}{subsection.11.2}% 121
\BOOKMARK [3][-]{subsubsection.11.2.4}{\376\377\0004\000.\000\040\000L\000a\000n\000e\000\040\000C\000h\000a\000n\000g\000e\000s\000\040\000\050\000L\000a\000n\000e\000\040\000C\000h\000a\000n\000g\000e\000s\000\051}{subsection.11.2}% 122
\BOOKMARK [3][-]{subsubsection.11.2.5}{\376\377\0005\000.\000\040\000W\000e\000i\000g\000h\000t\000i\000n\000g\000\040\000\050\000I\000f\000\040\000a\000p\000p\000l\000i\000c\000a\000b\000l\000e\000\051}{subsection.11.2}% 123
\BOOKMARK [1][-]{section.12}{\376\377\000S\000c\000o\000p\000e\000\040\000a\000n\000d\000\040\000m\000e\000t\000h\000o\000d\000o\000l\000o\000g\000y}{}% 124
\BOOKMARK [1][-]{section.13}{\376\377\000O\000v\000e\000r\000a\000l\000l\000\040\000p\000i\000p\000e\000l\000i\000n\000e\000\040\000m\000a\000p}{}% 125
\BOOKMARK [1][-]{section.14}{\376\377\000P\000i\000p\000e\000l\000i\000n\000e\000\040\000t\000a\000b\000\040\000b\000y\000\040\000t\000a\000b\000\040\000\050\000S\000t\000r\000e\000a\000m\000l\000i\000t\000\040\000G\000r\000a\000p\000h\000\040\000B\000u\000i\000l\000d\000e\000r\000\051}{}% 126
\BOOKMARK [2][-]{subsection.14.1}{\376\377\000E\000v\000e\000n\000t\000s}{section.14}% 127
\BOOKMARK [2][-]{subsection.14.2}{\376\377\000F\000e\000a\000t\000u\000r\000e\000\040\000E\000n\000g\000i\000n\000e\000e\000r\000i\000n\000g}{section.14}% 128
\BOOKMARK [2][-]{subsection.14.3}{\376\377\000F\000e\000a\000t\000u\000r\000e\000\040\000E\000x\000p\000l\000o\000r\000e\000r}{section.14}% 129
\BOOKMARK [2][-]{subsection.14.4}{\376\377\000F\000e\000a\000t\000u\000r\000e\000\040\000S\000e\000l\000e\000c\000t\000i\000o\000n}{section.14}% 130
\BOOKMARK [2][-]{subsection.14.5}{\376\377\000G\000r\000a\000p\000h}{section.14}% 131
\BOOKMARK [2][-]{subsection.14.6}{\376\377\000V\000i\000s\000u\000a\000l\000\040\000G\000r\000a\000p\000h}{section.14}% 132
\BOOKMARK [2][-]{subsection.14.7}{\376\377\000N\000e\000t\000w\000o\000r\000k}{section.14}% 133
\BOOKMARK [2][-]{subsection.14.8}{\376\377\000O\000p\000t\000u\000n\000a}{section.14}% 134
\BOOKMARK [2][-]{subsection.14.9}{\376\377\000B\000a\000l\000a\000n\000c\000e}{section.14}% 135
\BOOKMARK [2][-]{subsection.14.10}{\376\377\000T\000r\000a\000i\000n\000i\000n\000g}{section.14}% 136
\BOOKMARK [2][-]{subsection.14.11}{\376\377\000E\000v\000a\000l\000u\000a\000t\000i\000o\000n}{section.14}% 137
\BOOKMARK [2][-]{subsection.14.12}{\376\377\000H\000i\000s\000t\000o\000r\000y}{section.14}% 138
\BOOKMARK [2][-]{subsection.14.13}{\376\377\000E\000x\000p\000e\000r\000i\000m\000e\000n\000t\000s}{section.14}% 139
\BOOKMARK [1][-]{section.15}{\376\377\000G\000r\000a\000p\000h\000\040\000d\000a\000t\000a\000\040\000m\000o\000d\000e\000l}{}% 140
\BOOKMARK [2][-]{subsection.15.1}{\376\377\000E\000d\000g\000e\000s\000\040\000a\000n\000d\000\040\000a\000t\000t\000r\000i\000b\000u\000t\000e\000s}{section.15}% 141
\BOOKMARK [2][-]{subsection.15.2}{\376\377\000T\000e\000m\000p\000o\000r\000a\000l\000\040\000l\000a\000b\000e\000l\000i\000n\000g\000\040\000a\000n\000d\000\040\000p\000u\000r\000g\000e\000d\000\040\000s\000p\000l\000i\000t}{section.15}% 142
\BOOKMARK [2][-]{subsection.15.3}{\376\377\000N\000o\000r\000m\000a\000l\000i\000z\000a\000t\000i\000o\000n\000\040\000a\000n\000d\000\040\000r\000e\000p\000r\000o\000d\000u\000c\000i\000b\000i\000l\000i\000t\000y\000\040\000p\000a\000y\000l\000o\000a\000d}{section.15}% 143
\BOOKMARK [1][-]{section.16}{\376\377\000G\000N\000N\000\040\000m\000o\000d\000e\000l\000\040\000a\000r\000c\000h\000i\000t\000e\000c\000t\000u\000r\000e}{}% 144
\BOOKMARK [2][-]{subsection.16.1}{\376\377\000T\000e\000m\000p\000o\000r\000a\000l\000\040\000h\000e\000a\000d\000\040\000\050\000o\000p\000t\000i\000o\000n\000a\000l\000\051}{section.16}% 145
\BOOKMARK [2][-]{subsection.16.2}{\376\377\000G\000N\000N\000\040\000v\000a\000r\000i\000a\000n\000t\000\040\000r\000e\000g\000i\000s\000t\000r\000y\000\040\000\050\000e\000n\000c\000o\000d\000e\000r\000\040\000+\000\040\000t\000e\000m\000p\000o\000r\000a\000l\000\040\000+\000\040\000e\000d\000g\000e\000\040\000p\000r\000o\000c\000e\000s\000s\000i\000n\000g\000\051}{section.16}% 146
\BOOKMARK [3][-]{subsubsection.16.2.1}{\376\377\000G\000e\000n\000e\000r\000a\000l\000\040\000c\000o\000m\000p\000a\000r\000a\000b\000i\000l\000i\000t\000y\000\040\000i\000d\000e\000a}{subsection.16.2}% 147
\BOOKMARK [3][-]{subsubsection.16.2.2}{\376\377\000I\000m\000p\000l\000e\000m\000e\000n\000t\000e\000d\000\040\000v\000a\000r\000i\000a\000n\000t\000s}{subsection.16.2}% 148
\BOOKMARK [3][-]{subsubsection.16.2.3}{\376\377\000E\000d\000g\000e\000\040\000a\000t\000t\000r\000i\000b\000u\000t\000e\000\040\000e\000n\000c\000o\000d\000i\000n\000g\000\040\000\050\000e\000d\000g\000e\000\137\000a\000t\000t\000r\000\051}{subsection.16.2}% 149
\BOOKMARK [3][-]{subsubsection.16.2.4}{\376\377\000T\000e\000m\000p\000o\000r\000a\000l\000\040\000h\000e\000a\000d\000s\000\040\000a\000n\000d\000\040\000s\000e\000q\000u\000e\000n\000c\000e\000\040\000a\000s\000s\000e\000m\000b\000l\000y}{subsection.16.2}% 150
\BOOKMARK [3][-]{subsubsection.16.2.5}{\376\377\000T\000e\000m\000p\000o\000r\000a\000l\000\040\000c\000a\000c\000h\000e\000\040\000s\000t\000r\000a\000t\000e\000g\000i\000e\000s\000\040\000\050\000c\000r\000i\000t\000i\000c\000a\000l\000\040\000i\000m\000p\000l\000e\000m\000e\000n\000t\000a\000t\000i\000o\000n\000\040\000p\000o\000i\000n\000t\000\051}{subsection.16.2}% 151
\BOOKMARK [3][-]{subsubsection.16.2.6}{\376\377\000R\000e\000c\000o\000m\000m\000e\000n\000d\000e\000d\000\040\000e\000x\000p\000e\000r\000i\000m\000e\000n\000t\000\040\000m\000a\000t\000r\000i\000x}{subsection.16.2}% 152
\BOOKMARK [3][-]{subsubsection.16.2.7}{\376\377\000M\000e\000t\000r\000i\000c\000s\000\040\000f\000o\000r\000\040\000r\000a\000r\000e\000\040\000e\000v\000e\000n\000t\000s}{subsection.16.2}% 153
\BOOKMARK [3][-]{subsubsection.16.2.8}{\376\377\000V\000a\000r\000i\000a\000n\000t\000\040\000t\000r\000a\000c\000e\000a\000b\000i\000l\000i\000t\000y}{subsection.16.2}% 154
\BOOKMARK [1][-]{section.17}{\376\377\000T\000r\000a\000i\000n\000i\000n\000g\000\040\000a\000n\000d\000\040\000o\000p\000t\000i\000m\000i\000z\000a\000t\000i\000o\000n}{}% 155
\BOOKMARK [2][-]{subsection.17.1}{\376\377\000T\000r\000a\000i\000n\000i\000n\000g\000\040\000f\000l\000o\000w}{section.17}% 156
\BOOKMARK [2][-]{subsection.17.2}{\376\377\000M\000i\000n\000i\000-\000b\000a\000t\000c\000h\000\040\000t\000r\000a\000i\000n\000i\000n\000g\000\040\000a\000n\000d\000\040\000r\000e\000g\000u\000l\000a\000r\000i\000z\000a\000t\000i\000o\000n}{section.17}% 157
\BOOKMARK [2][-]{subsection.17.3}{\376\377\000T\000r\000a\000i\000n\000i\000n\000g\000\040\000s\000a\000m\000p\000l\000e\000r\000s\000\040\000a\000n\000d\000\040\000R\000i\000o\000G\000N\000N\000\040\000t\000o\000p\000-\000p\000\040\000R\000L}{section.17}% 158
\BOOKMARK [2][-]{subsection.17.4}{\376\377\000V\000a\000l\000i\000d\000a\000t\000i\000o\000n\000-\000l\000o\000s\000s\000\040\000e\000a\000r\000l\000y\000\040\000s\000t\000o\000p\000p\000i\000n\000g\000\040\000a\000n\000d\000\040\000B\000E\000S\000T\000\040\000c\000h\000e\000c\000k\000p\000o\000i\000n\000t}{section.17}% 159
\BOOKMARK [1][-]{section.18}{\376\377\000G\000r\000a\000p\000h\000S\000M\000O\000T\000E\000:\000\040\000m\000o\000d\000i\000f\000i\000c\000a\000t\000i\000o\000n\000s\000\040\000t\000o\000\040\000t\000h\000e\000\040\000o\000r\000i\000g\000i\000n\000a\000l\000\040\000a\000r\000c\000h\000i\000t\000e\000c\000t\000u\000r\000e}{}% 160
\BOOKMARK [2][-]{subsection.18.1}{\376\377\000C\000h\000a\000n\000g\000e\000\040\0001\000:\000\040\000f\000r\000o\000m\000\040\000h\000o\000m\000o\000g\000e\000n\000e\000o\000u\000s\000\040\000g\000r\000a\000p\000h\000\040\000t\000o\000\040\000g\000a\000n\000t\000r\000y\000-\000m\000i\000n\000u\000t\000e\000\040\000H\000e\000t\000e\000r\000o\000D\000a\000t\000a}{section.18}% 161
\BOOKMARK [2][-]{subsection.18.2}{\376\377\000C\000h\000a\000n\000g\000e\000\040\0002\000:\000\040\000h\000e\000t\000e\000r\000o\000g\000e\000n\000e\000o\000u\000s\000\040\000a\000n\000d\000\040\000t\000e\000m\000p\000o\000r\000a\000l\000\040\000e\000x\000t\000r\000a\000c\000t\000o\000r\000\040\000i\000n\000s\000t\000e\000a\000d\000\040\000o\000f\000\040\000f\000i\000x\000e\000d\000\040\000G\000r\000a\000p\000h\000S\000A\000G\000E}{section.18}% 162
\BOOKMARK [2][-]{subsection.18.3}{\376\377\000C\000h\000a\000n\000g\000e\000\040\0003\000:\000\040\000t\000r\000a\000i\000n\000i\000n\000g\000-\000o\000n\000l\000y\000\040\000S\000M\000O\000T\000E\000\040\000u\000n\000d\000e\000r\000\040\000t\000e\000m\000p\000o\000r\000a\000l\000\040\000e\000m\000b\000a\000r\000g\000o}{section.18}% 163
\BOOKMARK [2][-]{subsection.18.4}{\376\377\000C\000h\000a\000n\000g\000e\000\040\0004\000:\000\040\000z\000-\000t\000o\000-\000x\000\040\000d\000e\000c\000o\000d\000e\000r\000s\000\040\000t\000o\000\040\000r\000e\000t\000u\000r\000n\000\040\000t\000o\000\040\000f\000e\000a\000t\000u\000r\000e\000\040\000s\000p\000a\000c\000e}{section.18}% 164
\BOOKMARK [2][-]{subsection.18.5}{\376\377\000C\000h\000a\000n\000g\000e\000\040\0005\000:\000\040\000e\000d\000g\000e\000\040\000a\000t\000t\000r\000i\000b\000u\000t\000e\000s\000\040\000f\000o\000r\000\040\000s\000y\000n\000t\000h\000e\000t\000i\000c\000\040\000e\000d\000g\000e\000s}{section.18}% 165
\BOOKMARK [2][-]{subsection.18.6}{\376\377\000C\000h\000a\000n\000g\000e\000\040\0006\000:\000\040\000t\000o\000p\000-\000K\000\040\000c\000o\000n\000n\000e\000c\000t\000i\000v\000i\000t\000y\000\040\000i\000n\000s\000t\000e\000a\000d\000\040\000o\000f\000\040\000d\000e\000n\000s\000e\000\040\000a\000d\000j\000a\000c\000e\000n\000c\000y\000\040\000o\000r\000\040\000a\000\040\000g\000l\000o\000b\000a\000l\000\040\000t\000h\000r\000e\000s\000h\000o\000l\000d}{section.18}% 166
\BOOKMARK [2][-]{subsection.18.7}{\376\377\000C\000h\000a\000n\000g\000e\000\040\0007\000:\000\040\000o\000f\000f\000l\000i\000n\000e\000\040\000a\000n\000d\000\040\000o\000n\000l\000i\000n\000e\000\040\000m\000o\000d\000e\000s\000\040\000w\000i\000t\000h\000o\000u\000t\000\040\000s\000y\000n\000t\000h\000e\000t\000i\000c\000\040\000a\000c\000c\000u\000m\000u\000l\000a\000t\000i\000o\000n}{section.18}% 167
\BOOKMARK [2][-]{subsection.18.8}{\376\377\000C\000h\000a\000n\000g\000e\000\040\0008\000:\000\040\000l\000o\000s\000s\000,\000\040\000c\000l\000a\000s\000s\000\040\000w\000e\000i\000g\000h\000t\000s\000,\000\040\000a\000n\000d\000\040\000d\000i\000a\000g\000n\000o\000s\000t\000i\000c\000s}{section.18}% 168
\BOOKMARK [2][-]{subsection.18.9}{\376\377\000C\000h\000a\000n\000g\000e\000\040\0009\000:\000\040\000t\000r\000a\000c\000e\000a\000b\000i\000l\000i\000t\000y\000\040\000a\000n\000d\000\040\000a\000u\000d\000i\000t\000\040\000g\000u\000a\000r\000a\000n\000t\000e\000e\000s}{section.18}% 169
\BOOKMARK [1][-]{section.19}{\376\377\000I\000m\000G\000A\000G\000N\000:\000\040\000a\000d\000v\000e\000r\000s\000a\000r\000i\000a\000l\000\040\000g\000e\000n\000e\000r\000a\000t\000i\000o\000n}{}% 170
\BOOKMARK [2][-]{subsection.19.1}{\376\377\000S\000t\000e\000p\000\040\0001\000:\000\040\000h\000o\000m\000o\000g\000e\000n\000i\000z\000a\000t\000i\000o\000n}{section.19}% 171
\BOOKMARK [2][-]{subsection.19.2}{\376\377\000S\000t\000e\000p\000\040\0002\000:\000\040\000d\000e\000f\000i\000n\000e\000\040\000s\000y\000n\000t\000h\000e\000t\000i\000c\000\040\000n\000o\000d\000e\000\040\000c\000o\000u\000n\000t}{section.19}% 172
\BOOKMARK [2][-]{subsection.19.3}{\376\377\000S\000t\000e\000p\000\040\0003\000:\000\040\000g\000e\000n\000e\000r\000a\000t\000o\000r}{section.19}% 173
\BOOKMARK [2][-]{subsection.19.4}{\376\377\000S\000t\000e\000p\000\040\0004\000:\000\040\000d\000i\000s\000c\000r\000i\000m\000i\000n\000a\000t\000o\000r}{section.19}% 174
\BOOKMARK [2][-]{subsection.19.5}{\376\377\000S\000t\000e\000p\000\040\0005\000:\000\040\000a\000d\000v\000e\000r\000s\000a\000r\000i\000a\000l\000\040\000t\000r\000a\000i\000n\000i\000n\000g}{section.19}% 175
\BOOKMARK [2][-]{subsection.19.6}{\376\377\000S\000t\000e\000p\000\040\0006\000:\000\040\000f\000i\000n\000a\000l\000\040\000g\000r\000a\000p\000h}{section.19}% 176
\BOOKMARK [1][-]{section.20}{\376\377\000O\000p\000t\000u\000n\000a\000\040\000\050\000h\000y\000p\000e\000r\000p\000a\000r\000a\000m\000e\000t\000e\000r\000\040\000o\000p\000t\000i\000m\000i\000z\000a\000t\000i\000o\000n\000\051}{}% 177
\BOOKMARK [1][-]{section.21}{\376\377\000E\000v\000a\000l\000u\000a\000t\000i\000o\000n\000,\000\040\000c\000a\000l\000i\000b\000r\000a\000t\000i\000o\000n\000,\000\040\000a\000n\000d\000\040\000a\000r\000t\000i\000f\000a\000c\000t\000s}{}% 178
\BOOKMARK [1][-]{section.22}{\376\377\000T\000e\000c\000h\000n\000i\000c\000a\000l\000\040\000a\000u\000d\000i\000t\000\040\000a\000n\000d\000\040\000b\000e\000s\000t\000\040\000p\000r\000a\000c\000t\000i\000c\000e\000s}{}% 179
\BOOKMARK [2][-]{subsection.22.1}{\376\377\000O\000b\000s\000e\000r\000v\000e\000d\000\040\000s\000t\000r\000e\000n\000g\000t\000h\000s}{section.22}% 180
\BOOKMARK [2][-]{subsection.22.2}{\376\377\000R\000i\000s\000k\000s\000\040\000a\000n\000d\000\040\000c\000r\000i\000t\000i\000c\000a\000l\000\040\000p\000o\000i\000n\000t\000s\000\040\000\050\000u\000p\000d\000a\000t\000e\000d\000\051}{section.22}% 181
\BOOKMARK [2][-]{subsection.22.3}{\376\377\000P\000r\000i\000o\000r\000i\000t\000i\000z\000e\000d\000\040\000r\000e\000c\000o\000m\000m\000e\000n\000d\000a\000t\000i\000o\000n\000s\000\040\000\050\000c\000u\000r\000r\000e\000n\000t\000\040\000s\000t\000a\000t\000u\000s\000\051}{section.22}% 182
\BOOKMARK [1][-]{section.23}{\376\377\000A\000p\000p\000e\000n\000d\000i\000x\000:\000\040\000f\000i\000l\000e\000\040\000a\000n\000d\000\040\000f\000u\000n\000c\000t\000i\000o\000n\000\040\000r\000e\000f\000e\000r\000e\000n\000c\000e\000s}{}% 183
\BOOKMARK [1][-]{section.24}{\376\377\000M\000A\000-\000A\000I\000R\000L\000\040\000I\000m\000p\000l\000e\000m\000e\000n\000t\000a\000t\000i\000o\000n}{}% 184
\BOOKMARK [2][-]{subsection.24.1}{\376\377\000O\000b\000j\000e\000c\000t\000i\000v\000e\000\040\000a\000n\000d\000\040\000s\000c\000o\000p\000e}{section.24}% 185
\BOOKMARK [2][-]{subsection.24.2}{\376\377\000O\000v\000e\000r\000a\000l\000l\000\040\000a\000r\000c\000h\000i\000t\000e\000c\000t\000u\000r\000e}{section.24}% 186
\BOOKMARK [2][-]{subsection.24.3}{\376\377\000E\000x\000p\000e\000r\000t\000\040\000d\000a\000t\000a\000\040\000a\000n\000d\000\040\000s\000t\000a\000t\000e\000\040\000c\000o\000n\000s\000t\000r\000u\000c\000t\000i\000o\000n}{section.24}% 187
\BOOKMARK [2][-]{subsection.24.4}{\376\377\000E\000x\000p\000e\000r\000t\000\040\000a\000c\000t\000i\000o\000n\000s\000\040\000\050\000S\000U\000M\000O\000\040\000p\000r\000o\000x\000y\000\051}{section.24}% 188
\BOOKMARK [2][-]{subsection.24.5}{\376\377\000M\000A\000-\000A\000I\000R\000L\000\040\000m\000o\000d\000e\000l\000s}{section.24}% 189
\BOOKMARK [2][-]{subsection.24.6}{\376\377\000D\000i\000s\000c\000r\000i\000m\000i\000n\000a\000t\000o\000r\000\040\000f\000u\000n\000c\000t\000i\000o\000n\000\040\000a\000n\000d\000\040\000o\000b\000j\000e\000c\000t\000i\000v\000e}{section.24}% 190
\BOOKMARK [2][-]{subsection.24.7}{\376\377\000T\000e\000m\000p\000o\000r\000a\000l\000\040\000p\000r\000o\000x\000y}{section.24}% 191
\BOOKMARK [2][-]{subsection.24.8}{\376\377\000T\000r\000a\000i\000n\000i\000n\000g\000\040\000m\000e\000t\000r\000i\000c\000s}{section.24}% 192
\BOOKMARK [2][-]{subsection.24.9}{\376\377\000E\000x\000p\000o\000r\000t\000\040\000o\000f\000\040\000p\000a\000r\000a\000m\000e\000t\000e\000r\000s\000\040\000t\000o\000\040\000S\000U\000M\000O}{section.24}% 193
\BOOKMARK [2][-]{subsection.24.10}{\376\377\000U\000I\000\040\000i\000n\000t\000e\000g\000r\000a\000t\000i\000o\000n}{section.24}% 194
\BOOKMARK [2][-]{subsection.24.11}{\376\377\000M\000o\000d\000i\000f\000i\000e\000d\000\040\000f\000i\000l\000e\000s}{section.24}% 195
\BOOKMARK [2][-]{subsection.24.12}{\376\377\000C\000u\000r\000r\000e\000n\000t\000\040\000l\000i\000m\000i\000t\000a\000t\000i\000o\000n\000s\000\040\000a\000n\000d\000\040\000n\000e\000x\000t\000\040\000s\000t\000e\000p\000s}{section.24}% 196
