============================= test session starts ==============================
platform darwin -- Python 3.12.12, pytest-9.0.2, pluggy-1.6.0 -- /Users/felipe/Desktop/SUMO/.venv/bin/python
cachedir: .pytest_cache
rootdir: /Users/felipe/Desktop/SUMO
collecting ... collected 1 item

tests/test_snapshot_batch_consistency.py::test_snapshot_batch_consistency FAILED [100%]

=================================== FAILURES ===================================
_______________________ test_snapshot_batch_consistency ________________________

    def test_snapshot_batch_consistency():
        """
        Verifies that processing data in batches with overlap yields
        identical results to processing the entire dataset at once.
        """
    
        # 1. Setup
        start_time = pd.Timestamp("2023-01-01 08:00:00")
        end_time = pd.Timestamp("2023-01-01 12:00:00")
        porticos = [1, 2]
    
        full_df = create_synthetic_data(start_time, end_time, porticos)
    
        # Porticos DF (Mock)
        df_porticos = pd.DataFrame({
            "PORTICO": porticos,
            "km_ruta": [10.0, 15.0],
            "latitud": [0.0, 0.1],
            "longitud": [0.0, 0.1]
        })
    
        # Config
        config = SnapshotConfig(
            dt_minutes=5,
            window_minutes=30, # 6 steps lookback
            slow_speed_kmh=30.0
        )
    
        builder = SnapshotFeatureBuilder(config)
    
        # 2. Run Global (Memory Mode)
        print("\nRunning Global Mode...")
        snap_global, _ = builder.build(full_df, df_porticos)
        df_global = flatten_snapshot_features(snap_global, include_timestamp=True)
        df_global = df_global.sort_values(["portico", "ts_min"]).reset_index(drop=True)
    
        # 3. Run Batched (Batch Mode)
        # Split: Batch 1 [08:00, 10:00), Batch 2 [10:00, 12:00)
        # Batch 2 needs overlap from Batch 1.
        # Overlap needed = window_minutes (30) + a bit of margin. Say 40 min.
    
        mid_time = pd.Timestamp("2023-01-01 10:00:00")
    
        # --- Batch 1 ---
        # Range: 08:00 to 10:00
        # Input: 08:00 to 10:00 (Start is exact for first batch)
        print("Running Batch 1...")
        df_b1_input = full_df[
            (full_df["FECHA"] >= start_time) &
            (full_df["FECHA"] < mid_time)
        ].copy()
    
        snap_b1, _ = builder.build(df_b1_input, df_porticos)
        df_b1 = flatten_snapshot_features(snap_b1, include_timestamp=True)
    
        # Filter Batch 1: Keep strict range [08:00, 10:00)
        # Using _filter_snapshot_chunk logic (usually removes edges if not strict)
        # Here we simulate the logic: we want features that Fall in valid range.
        # The builder generates timestamps for the END of the dt bin.
        # e.g. 08:00 to 08:05 -> ts_min represents 08:00 (start) or 08:05 (end)?
        # Usually `ts_min` in flattened is integer minutes from epoch.
    
        # Let's inspect ONE timestamp to be sure.
        # If dt=5, features are emitted at t_end.
        # Flatten snapshot features usually produces 'ts_min' as integer minutes.
    
        df_b1 = _filter_snapshot_chunk(df_b1, start_time, mid_time)
    
        # --- Batch 2 ---
        # Range: 10:00 to 12:00
        # Overlap: 40 min -> Start input at 09:20
        print("Running Batch 2...")
        overlap_start = mid_time - pd.Timedelta(minutes=40)
    
        df_b2_input = full_df[
            (full_df["FECHA"] >= overlap_start) &
            (full_df["FECHA"] < end_time)
        ].copy()
    
        snap_b2, _ = builder.build(df_b2_input, df_porticos)
        df_b2 = flatten_snapshot_features(snap_b2, include_timestamp=True)
    
        # Filter Batch 2: Keep strict range [10:00, 12:00)
        df_b2 = _filter_snapshot_chunk(df_b2, mid_time, end_time)
    
        # 4. Concatenate
        df_batched = pd.concat([df_b1, df_b2], ignore_index=True)
        df_batched = df_batched.sort_values(["portico", "ts_min"]).reset_index(drop=True)
    
        # 5. Assertions
        # Check shapes
        print(f"Global Shape: {df_global.shape}")
        print(f"Batched Shape: {df_batched.shape}")
    
        # We might lose the very first few rows in Global if window is not full?
        # Or builder fills with NaN? (SnapshotBuilder usually handles start)
        # Actually, SnapshotFeatureBuilder usually drops invalid windows if not handled?
        # Let's align by index.
    
        common_idx = df_global.index.intersection(df_batched.index)
        assert len(common_idx) > 0, "No intersection in rows"
    
        # Outer join to see diffs
        merged = pd.merge(
            df_global,
            df_batched,
            on=["portico", "ts_min"],
            suffixes=("_g", "_b"),
            how="outer",
            indicator=True
        )
    
        # Check for missing rows
        missing_in_batch = merged[merged["_merge"] == "left_only"]
        missing_in_global = merged[merged["_merge"] == "right_only"]
    
        if not missing_in_batch.empty:
            print("Rows missing in Batch:")
            print(missing_in_batch[["portico", "ts_min"]].head(20))
            # Print min/max ts of missing
            print(f"Missing TS Range: {missing_in_batch['ts_min'].min()} - {missing_in_batch['ts_min'].max()}")
    
        if not missing_in_global.empty:
            print("Rows missing in Global:")
            print(missing_in_global[["portico", "ts_min"]].head(20))
    
>       assert missing_in_batch.empty, "Batch mode missed rows found in global"
E       AssertionError: Batch mode missed rows found in global
E       assert False
E        +  where False =     portico    ts_min           timestamp  ...  dow_sin_b  dow_cos_b     _merge\n48        1  27876240 2023-01-01 12:00:00  ...        NaN        NaN  left_only\n97        2  27876240 2023-01-01 12:00:00  ...        NaN        NaN  left_only\n\n[2 rows x 130 columns].empty

tests/test_snapshot_batch_consistency.py:164: AssertionError
----------------------------- Captured stdout call -----------------------------

Running Global Mode...
Running Batch 1...
Running Batch 2...
Global Shape: (98, 66)
Batched Shape: (96, 65)
Rows missing in Batch:
    portico    ts_min
48        1  27876240
97        2  27876240
Missing TS Range: 27876240 - 27876240
=============================== warnings summary ===============================
.venv/lib/python3.12/site-packages/torch_geometric/llm/utils/backend_utils.py:26
  /Users/felipe/Desktop/SUMO/.venv/lib/python3.12/site-packages/torch_geometric/llm/utils/backend_utils.py:26: DeprecationWarning: `torch_geometric.distributed` has been deprecated since 2.7.0 and will no longer be maintained. For distributed training, refer to our tutorials on distributed training at https://pytorch-geometric.readthedocs.io/en/latest/tutorial/distributed.html or cuGraph examples at https://github.com/rapidsai/cugraph-gnn/tree/main/python/cugraph-pyg/cugraph_pyg/examples
    from torch_geometric.distributed import (

-- Docs: https://docs.pytest.org/en/stable/how-to/capture-warnings.html
=========================== short test summary info ============================
FAILED tests/test_snapshot_batch_consistency.py::test_snapshot_batch_consistency
========================= 1 failed, 1 warning in 1.47s =========================
